******************************************************************************
            TI ARM Clang Linker PC v4.0.4                      
******************************************************************************
>> Linked Sun Jun 21 13:51:44 2026

OUTPUT FILE NAME:   <2024_H_TI.out>
ENTRY POINT SYMBOL: "_c_int00_noargs"  address: 000071c5


MEMORY CONFIGURATION

         name            origin    length      used     unused   attr    fill
----------------------  --------  ---------  --------  --------  ----  --------
  FLASH                 00000000   00020000  00008138  00017ec8  R  X
  SRAM                  20200000   00008000  000023b1  00005c4f  RW X
  BCR_CONFIG            41c00000   000000ff  00000000  000000ff  R   
  BSL_CONFIG            41c00100   00000080  00000000  00000080  R   


SEGMENT ALLOCATION MAP

run origin  load origin   length   init length attrs members
----------  ----------- ---------- ----------- ----- -------
00000000    00000000    00008138   00008138    r-x
  00000000    00000000    000000c0   000000c0    r-- .intvecs
  000000c0    000000c0    00007c70   00007c70    r-x .text
  00007d30    00007d30    00000370   00000370    r-- .rodata
  000080a0    000080a0    00000098   00000098    r-- .cinit
20200000    20200000    000021b4   00000000    rw-
  20200000    20200000    00001fc5   00000000    rw- .bss
  20201fc8    20201fc8    000001ec   00000000    rw- .data
20207e00    20207e00    00000200   00000000    rw-
  20207e00    20207e00    00000200   00000000    rw- .stack


SECTION ALLOCATION MAP

 output                                  attributes/
section   page    origin      length       input sections
--------  ----  ----------  ----------   ----------------
.intvecs   0    00000000    000000c0     
                  00000000    000000c0     startup_mspm0g350x_ticlang.o (.intvecs)

.text      0    000000c0    00007c70     
                  000000c0    000009d0     libc.a : _printfi.c.obj (.text:__TI_printfi)
                  00000a90    0000062c     IMU.o (.text.IMU_AHRSupdate)
                  000010bc    000003a0     basic_read_reg.o (.text.setup_imu)
                  0000145c    00000364     libc.a : e_asin.c.obj (.text.asin)
                  000017c0    000002f8            : s_atan.c.obj (.text.atan)
                  00001ab8    000002e0     IMU.o (.text.calGyroVariance)
                  00001d98    00000228     empty.o (.text.main)
                  00001fc0    00000220     libc.a : _printfi.c.obj (.text._pconv_a)
                  000021e0    00000208     ti_msp_dl_config.o (.text.SYSCFG_DL_GPIO_init)
                  000023e8    000001dc     encoder.o (.text.GROUP1_IRQHandler)
                  000025c4    000001dc     libc.a : _printfi.c.obj (.text._pconv_g)
                  000027a0    000001d8     question_task.o (.text.question4_task)
                  00002978    000001d0     track.o (.text.track_get_error)
                  00002b48    000001a8     IMU.o (.text.IMU_getYawPitchRoll)
                  00002cf0    000001a8     question_task.o (.text.question3_task)
                  00002e98    00000192     libclang_rt.builtins.a : adddf3.S.obj (.text.adddf3_subdf3)
                  0000302a    00000002                            : aeabi_div0.c.obj (.text.__aeabi_idiv0)
                  0000302c    00000188     libc.a : e_atan2.c.obj (.text.atan2)
                  000031b4    00000184     turn.o (.text.turn_control_get_distance)
                  00003338    00000170     libc.a : e_sqrt.c.obj (.text.sqrt)
                  000034a8    00000170     turn.o (.text.turn_control)
                  00003618    0000016c     basic_read_reg.o (.text.bsp_IcmGetRawData)
                  00003784    00000156     inv_imu_driver.o (.text.inv_imu_set_config_int)
                  000038da    00000002     libclang_rt.builtins.a : aeabi_div0.c.obj (.text.__aeabi_ldiv0)
                  000038dc    0000013c     libc.a : _printfi.c.obj (.text.fcvt)
                  00003a18    00000134     question_task.o (.text.question2_task)
                  00003b4c    00000134     track.o (.text.track_read)
                  00003c80    0000012c     I2C_communication.o (.text.I2C0_IRQHandler)
                  00003dac    00000120     libc.a : _printfi.c.obj (.text._pconv_e)
                  00003ecc    00000112     inv_imu_driver.o (.text.inv_imu_get_register_data)
                  00003fde    00000002     libc.a : _lock.c.obj (.text._nop)
                  00003fe0    00000110     IMU.o (.text.IMU_getValues)
                  000040f0    0000010c     libclang_rt.builtins.a : divdf3.S.obj (.text.__divdf3)
                  000041fc    00000104     driverlib.a : dl_timer.o (.text.DL_Timer_initFourCCPWMMode)
                  00004300    000000fc                 : dl_timer.o (.text.DL_Timer_initTimerMode)
                  000043fc    000000f4     track.o (.text.track_control)
                  000044f0    000000f0     command.o (.text.Command_GetCommand)
                  000045e0    000000e8     ti_msp_dl_config.o (.text.SYSCFG_DL_SYSCTL_SYSPLL_init)
                  000046c8    000000e4     libclang_rt.builtins.a : muldf3.S.obj (.text.__muldf3)
                  000047ac    000000dc     driverlib.a : dl_sysctl_mspm0g1x0x_g3x0x.o (.text.DL_SYSCTL_configSYSPLL)
                  00004888    000000d8     IMU.o (.text.IMU_getQ)
                  00004960    000000d8     libc.a : s_scalbn.c.obj (.text.scalbn)
                  00004a38    000000d8     libclang_rt.builtins.a : addsf3.S.obj (.text)
                  00004b10    000000c6     inv_imu_driver.o (.text.inv_imu_soft_reset)
                  00004bd6    00000002     --HOLE-- [fill = 0]
                  00004bd8    000000c4     I2C_communication.o (.text.I2C_ReadReg)
                  00004c9c    000000c0     I2C_communication.o (.text.I2C_WriteReg)
                  00004d5c    000000bc     inv_imu_transport.o (.text.write_mreg)
                  00004e18    000000ba     inv_imu_transport.o (.text.check_out_of_bounds_mreg)
                  00004ed2    00000002     --HOLE-- [fill = 0]
                  00004ed4    000000ac     command.o (.text.Command_Write)
                  00004f80    000000ac     inv_imu_transport.o (.text.read_mreg)
                  0000502c    000000a8     encoder.o (.text.encoder_get_speed_left)
                  000050d4    000000a8     encoder.o (.text.encoder_get_speed_right)
                  0000517c    000000a2     inv_imu_driver.o (.text.inv_imu_set_pin_config_int)
                  0000521e    00000002     --HOLE-- [fill = 0]
                  00005220    000000a2     libclang_rt.builtins.a : udivmoddi4.S.obj (.text)
                  000052c2    00000002     --HOLE-- [fill = 0]
                  000052c4    000000a0     ti_msp_dl_config.o (.text.SYSCFG_DL_initPower)
                  00005364    000000a0     basic_read_reg.o (.text.si_print_error_if_any)
                  00005404    00000098     encoder.o (.text.velocity_pi_calc)
                  0000549c    00000094     motor.o (.text.motor_set_left_speed)
                  00005530    00000094     track.o (.text.track_pd_calc)
                  000055c4    0000008c     libclang_rt.builtins.a : mulsf3.S.obj (.text.__mulsf3)
                  00005650    00000088     motor.o (.text.motor_set_right_speed)
                  000056d8    00000084     command.o (.text.Command_GetResult)
                  0000575c    00000082     libclang_rt.builtins.a : divsf3.S.obj (.text.__divsf3)
                  000057de    00000002     --HOLE-- [fill = 0]
                  000057e0    00000080     question_task.o (.text.question1_task)
                  00005860    00000080     turn.o (.text.turn_pd_calc)
                  000058e0    0000007c     IMU.o (.text.invSqrt1)
                  0000595c    0000007c     libc.a : copy_decompress_lzss.c.obj (.text:decompress:lzss)
                  000059d8    00000078     ti_msp_dl_config.o (.text.SYSCFG_DL_SYSCTL_init)
                  00005a50    00000074     libclang_rt.builtins.a : comparedf2.c.obj (.text.__gedf2)
                  00005ac4    0000000c     ti_msp_dl_config.o (.text.DL_SYSCTL_getClockStatus)
                  00005ad0    00000074     libclang_rt.builtins.a : truncdfsf2.S.obj (.text.__truncdfsf2)
                  00005b44    00000068     ti_msp_dl_config.o (.text.SYSCFG_DL_PWMB_init)
                  00005bac    00000068     libclang_rt.builtins.a : comparedf2.c.obj (.text.__ledf2)
                  00005c14    00000066     libc.a : _printfi.c.obj (.text._mcpy)
                  00005c7a    00000002     --HOLE-- [fill = 0]
                  00005c7c    00000064     driverlib.a : dl_sysctl_mspm0g1x0x_g3x0x.o (.text.DL_SYSCTL_setHFCLKSourceHFXTParams)
                  00005ce0    00000064     ti_msp_dl_config.o (.text.SYSCFG_DL_PWMA_init)
                  00005d44    00000064     inv_imu_driver.o (.text.inv_imu_set_accel_mode)
                  00005da8    00000062     libclang_rt.builtins.a : aeabi_dcmp.S.obj (.text.__aeabi_dcmp)
                  00005e0a    00000002     --HOLE-- [fill = 0]
                  00005e0c    00000062                            : aeabi_fcmp.S.obj (.text.__aeabi_fcmp)
                  00005e6e    00000002     --HOLE-- [fill = 0]
                  00005e70    00000060     IMU.o (.text.IMU_init)
                  00005ed0    00000060     inv_imu_driver.o (.text.inv_imu_set_gyro_mode)
                  00005f30    00000060     turn.o (.text.turn_get_error)
                  00005f90    0000005e     driverlib.a : dl_i2c.o (.text.DL_I2C_fillControllerTXFIFO)
                  00005fee    00000002     --HOLE-- [fill = 0]
                  00005ff0    0000005c     ti_msp_dl_config.o (.text.SYSCFG_DL_BT_init)
                  0000604c    0000005c     libc.a : s_frexp.c.obj (.text.frexp)
                  000060a8    0000005c     inv_imu_driver.o (.text.inv_imu_set_accel_ln_bw)
                  00006104    0000005c     inv_imu_driver.o (.text.inv_imu_set_gyro_ln_bw)
                  00006160    0000005c     libc.a : printf.c.obj (.text.printf)
                  000061bc    0000005c     encoder.o (.text.speed_control)
                  00006218    00000058     ti_msp_dl_config.o (.text.SYSCFG_DL_I2C_0_init)
                  00006270    00000058     libc.a : _ltoa.c.obj (.text.__TI_ltoa)
                  000062c8    00000058            : _printfi.c.obj (.text._pconv_f)
                  00006320    00000058     inv_imu_driver.o (.text.inv_imu_select_accel_lp_clk)
                  00006378    00000056     libclang_rt.builtins.a : aeabi_idivmod.S.obj (.text.__aeabi_idivmod)
                  000063ce    00000056     inv_imu_driver.o (.text.inv_imu_set_accel_frequency)
                  00006424    00000056     inv_imu_driver.o (.text.inv_imu_set_gyro_frequency)
                  0000647a    00000002     --HOLE-- [fill = 0]
                  0000647c    00000054     empty.o (.text.TIMG0_IRQHandler)
                  000064d0    00000052     libc.a : _printfi.c.obj (.text._ecpy)
                  00006522    00000052     basic_read_reg.o (.text.icm45686_write_regs)
                  00006574    00000052     inv_imu_driver.o (.text.inv_imu_set_accel_fsr)
                  000065c6    00000002     --HOLE-- [fill = 0]
                  000065c8    00000050     ti_msp_dl_config.o (.text.DL_GPIO_initPeripheralInputFunctionFeatures)
                  00006618    00000050     I2C_communication.o (.text.DL_I2C_startControllerTransfer)
                  00006668    00000050     ti_msp_dl_config.o (.text.SYSCFG_DL_init)
                  000066b8    00000050     empty.o (.text.fputs)
                  00006708    00000050     inv_imu_driver.o (.text.inv_imu_set_gyro_fsr)
                  00006758    0000004c     driverlib.a : dl_dma.o (.text.DL_DMA_initChannel)
                  000067a4    0000004c     ti_msp_dl_config.o (.text.DL_GPIO_initDigitalInputFeatures)
                  000067f0    0000004c     ti_msp_dl_config.o (.text.DL_UART_setBaudRateDivisor)
                  0000683c    0000004a     libclang_rt.builtins.a : fixdfsi.S.obj (.text.__fixdfsi)
                  00006886    00000002     --HOLE-- [fill = 0]
                  00006888    00000048     driverlib.a : dl_uart.o (.text.DL_UART_init)
                  000068d0    00000048     ti_msp_dl_config.o (.text.SYSCFG_DL_SCREEN_init)
                  00006918    00000044     driverlib.a : dl_sysctl_mspm0g1x0x_g3x0x.o (.text.DL_SYSCTL_switchMCLKfromSYSOSCtoHSCLK)
                  0000695c    00000044     empty.o (.text.bluetooth_write)
                  000069a0    00000044     inv_imu_transport.o (.text.inv_imu_read_reg)
                  000069e4    00000042     inv_imu_transport.o (.text.inv_imu_write_reg)
                  00006a26    00000002     --HOLE-- [fill = 0]
                  00006a28    00000040     libclang_rt.builtins.a : aeabi_uidivmod.S.obj (.text.__aeabi_uidivmod)
                  00006a68    00000040                            : extendsfdf2.S.obj (.text.__extendsfdf2)
                  00006aa8    00000040     libc.a : atoi.c.obj (.text.atoi)
                  00006ae8    0000003e     inv_imu_driver.o (.text.inv_imu_get_who_am_i)
                  00006b26    00000002     --HOLE-- [fill = 0]
                  00006b28    0000003c     driverlib.a : dl_i2c.o (.text.DL_I2C_flushControllerTXFIFO)
                  00006b64    0000003c     ti_msp_dl_config.o (.text.DL_Timer_setCounterControl)
                  00006ba0    0000003c     libclang_rt.builtins.a : floatsisf.S.obj (.text.__floatsisf)
                  00006bdc    0000003c                            : comparesf2.S.obj (.text.__gtsf2)
                  00006c18    0000003c     inv_imu_driver.o (.text.inv_imu_get_endianness)
                  00006c54    0000003c     libc.a : autoinit.c.obj (.text:__TI_auto_init_nobinit_nopinit)
                  00006c90    0000003a     libclang_rt.builtins.a : comparesf2.S.obj (.text.__eqsf2)
                  00006cca    00000002     --HOLE-- [fill = 0]
                  00006ccc    0000003a                            : muldsi3.S.obj (.text.__muldsi3)
                  00006d06    00000002     --HOLE-- [fill = 0]
                  00006d08    00000038                            : fixsfsi.S.obj (.text.__fixsfsi)
                  00006d40    00000038     libc.a : sprintf.c.obj (.text.sprintf)
                  00006d78    00000034     ti_msp_dl_config.o (.text.SYSCFG_DL_TIMER_0_init)
                  00006dac    00000034     encoder.o (.text.limit_value)
                  00006de0    00000034     inv_imu_transport.o (.text.read_dreg)
                  00006e14    00000034     inv_imu_transport.o (.text.write_dreg)
                  00006e48    00000030     empty.o (.text.DL_DMA_setTransferSize)
                  00006e78    00000030     ti_msp_dl_config.o (.text.DL_DMA_setTransferSize)
                  00006ea8    00000030     empty.o (.text.UART3_IRQHandler)
                  00006ed8    00000030     libc.a : _printfi.c.obj (.text._fcpy)
                  00006f08    0000002c     empty.o (.text.__NVIC_ClearPendingIRQ)
                  00006f34    0000002c     empty.o (.text.__NVIC_EnableIRQ)
                  00006f60    0000002c     encoder.o (.text.__NVIC_EnableIRQ)
                  00006f8c    0000002c     libclang_rt.builtins.a : floatsidf.S.obj (.text.__floatsidf)
                  00006fb8    0000002c     empty.o (.text.fputc)
                  00006fe4    00000028     I2C_communication.o (.text.DL_Common_updateReg)
                  0000700c    00000028     ti_msp_dl_config.o (.text.DL_Common_updateReg)
                  00007034    00000028     empty.o (.text.DL_DMA_setDestAddr)
                  0000705c    00000028     empty.o (.text.DL_DMA_setSrcAddr)
                  00007084    00000028     ti_msp_dl_config.o (.text.DL_I2C_setControllerRXFIFOThreshold)
                  000070ac    00000028     ti_msp_dl_config.o (.text.DL_I2C_setControllerTXFIFOThreshold)
                  000070d4    00000028     ti_msp_dl_config.o (.text.DL_UART_setRXFIFOThreshold)
                  000070fc    00000028     ti_msp_dl_config.o (.text.DL_UART_setTXFIFOThreshold)
                  00007124    00000028     ti_msp_dl_config.o (.text.SYSCFG_DL_bluetooth_DMA_init)
                  0000714c    00000028     libclang_rt.builtins.a : floatunsisf.S.obj (.text.__floatunsisf)
                  00007174    00000028     buzzer.o (.text.buzzer_control)
                  0000719c    00000028     encoder.o (.text.encoder_init)
                  000071c4    00000028     libc.a : boot_cortex_m.c.obj (.text:_c_int00_noargs)
                  000071ec    00000026     empty.o (.text.DL_DMA_enableChannel)
                  00007212    00000026     ti_msp_dl_config.o (.text.DL_I2C_setAnalogGlitchFilterPulseWidth)
                  00007238    00000026     driverlib.a : dl_i2c.o (.text.DL_I2C_setClockConfig)
                  0000725e    00000002     --HOLE-- [fill = 0]
                  00007260    00000024     command.o (.text.Command_GetLength)
                  00007284    00000024     libclang_rt.builtins.a : floatunsidf.S.obj (.text.__floatunsidf)
                  000072a8    00000024                            : muldi3.S.obj (.text.__muldi3)
                  000072cc    00000024     empty.o (.text.bluetooth_init)
                  000072f0    00000022     basic_read_reg.o (.text.icm45686_read_regs)
                  00007312    00000022     libc.a : memccpy.c.obj (.text.memccpy)
                  00007334    00000020     command.o (.text.Command_AddReadIndex)
                  00007354    00000020     command.o (.text.Command_Read)
                  00007374    00000020     ti_msp_dl_config.o (.text.DL_GPIO_initPeripheralInputFunction)
                  00007394    00000020     ti_msp_dl_config.o (.text.DL_SYSCTL_setFlashWaitState)
                  000073b4    00000020     inv_imu_driver.o (.text.inv_imu_sleep_us)
                  000073d4    0000001e     ti_msp_dl_config.o (.text.DL_UART_setOversampling)
                  000073f2    00000002     --HOLE-- [fill = 0]
                  000073f4    0000001e     libclang_rt.builtins.a : ashldi3.S.obj (.text.__ashldi3)
                  00007412    0000001e     basic_read_reg.o (.text.io_write_reg)
                  00007430    0000001c     encoder.o (.text.DL_GPIO_clearInterruptStatus)
                  0000744c    0000001c     ti_msp_dl_config.o (.text.DL_GPIO_clearInterruptStatus)
                  00007468    0000001c     ti_msp_dl_config.o (.text.DL_GPIO_enableHiZ)
                  00007484    0000001c     ti_msp_dl_config.o (.text.DL_GPIO_enableInterrupt)
                  000074a0    0000001c     ti_msp_dl_config.o (.text.DL_GPIO_initPeripheralOutputFunction)
                  000074bc    0000001c     ti_msp_dl_config.o (.text.DL_GPIO_setLowerPinsPolarity)
                  000074d8    0000001c     I2C_communication.o (.text.DL_I2C_disableInterrupt)
                  000074f4    0000001c     I2C_communication.o (.text.DL_I2C_isControllerRXFIFOEmpty)
                  00007510    0000001c     encoder.o (.text.DL_Interrupt_getPendingGroup)
                  0000752c    0000001c     driverlib.a : dl_sysctl_mspm0g1x0x_g3x0x.o (.text.DL_SYSCTL_configFCC)
                  00007548    0000001c     ti_msp_dl_config.o (.text.DL_SYSCTL_setFCCPeriods)
                  00007564    0000001c     ti_msp_dl_config.o (.text.DL_SYSCTL_setSYSOSCFreq)
                  00007580    0000001c     ti_msp_dl_config.o (.text.DL_SYSCTL_setULPCLKDivider)
                  0000759c    0000001c     ti_msp_dl_config.o (.text.DL_Timer_enableInterrupt)
                  000075b8    0000001c     driverlib.a : dl_timer.o (.text.DL_Timer_setCaptCompUpdateMethod)
                  000075d4    0000001c                 : dl_timer.o (.text.DL_Timer_setClockConfig)
                  000075f0    0000001c     empty.o (.text.DL_UART_enableInterrupt)
                  0000760c    0000001c     ti_msp_dl_config.o (.text.DL_UART_enableInterrupt)
                  00007628    0000001c     ti_msp_dl_config.o (.text.SYSCFG_DL_SYSCTL_CLK_init)
                  00007644    00000018     ti_msp_dl_config.o (.text.DL_GPIO_enableOutput)
                  0000765c    00000018     ti_msp_dl_config.o (.text.DL_GPIO_enablePower)
                  00007674    00000018     encoder.o (.text.DL_GPIO_getEnabledInterruptStatus)
                  0000768c    00000018     ti_msp_dl_config.o (.text.DL_GPIO_initDigitalOutput)
                  000076a4    00000018     ti_msp_dl_config.o (.text.DL_GPIO_initPeripheralAnalogFunction)
                  000076bc    00000018     ti_msp_dl_config.o (.text.DL_GPIO_reset)
                  000076d4    00000018     buzzer.o (.text.DL_GPIO_setPins)
                  000076ec    00000018     motor.o (.text.DL_GPIO_setPins)
                  00007704    00000018     ti_msp_dl_config.o (.text.DL_GPIO_setPins)
                  0000771c    00000018     ti_msp_dl_config.o (.text.DL_I2C_enableAnalogGlitchFilter)
                  00007734    00000018     ti_msp_dl_config.o (.text.DL_I2C_enableController)
                  0000774c    00000018     ti_msp_dl_config.o (.text.DL_I2C_enableControllerClockStretching)
                  00007764    00000018     ti_msp_dl_config.o (.text.DL_I2C_enablePower)
                  0000777c    00000018     ti_msp_dl_config.o (.text.DL_I2C_reset)
                  00007794    00000018     ti_msp_dl_config.o (.text.DL_I2C_setTimerPeriod)
                  000077ac    00000018     ti_msp_dl_config.o (.text.DL_SYSCTL_setBORThreshold)
                  000077c4    00000018     ti_msp_dl_config.o (.text.DL_Timer_enablePower)
                  000077dc    00000018     ti_msp_dl_config.o (.text.DL_Timer_reset)
                  000077f4    00000018     driverlib.a : dl_timer.o (.text.DL_Timer_setCaptureCompareOutCtl)
                  0000780c    00000018     motor.o (.text.DL_Timer_startCounter)
                  00007824    00000018     ti_msp_dl_config.o (.text.DL_UART_enableDMATransmitEvent)
                  0000783c    00000018     ti_msp_dl_config.o (.text.DL_UART_enableFIFOs)
                  00007854    00000018     ti_msp_dl_config.o (.text.DL_UART_enablePower)
                  0000786c    00000018     empty.o (.text.DL_UART_isBusy)
                  00007884    00000018     ti_msp_dl_config.o (.text.DL_UART_reset)
                  0000789c    00000018     libc.a : sprintf.c.obj (.text._outs)
                  000078b4    00000018     basic_read_reg.o (.text.delay_ms)
                  000078cc    00000018     motor.o (.text.motor_init)
                  000078e4    00000018     motor.o (.text.motor_set_speed)
                  000078fc    00000018     question_task.o (.text.question_task_init)
                  00007914    00000016     encoder.o (.text.DL_GPIO_readPins)
                  0000792a    00000016     track.o (.text.DL_GPIO_readPins)
                  00007940    00000016     ti_msp_dl_config.o (.text.DL_UART_enable)
                  00007956    00000016     empty.o (.text.DL_UART_transmitData)
                  0000796c    00000016     empty.o (.text.TIMER_0_Init)
                  00007982    00000014     buzzer.o (.text.DL_GPIO_clearPins)
                  00007996    00000014     motor.o (.text.DL_GPIO_clearPins)
                  000079aa    00000014     ti_msp_dl_config.o (.text.DL_GPIO_clearPins)
                  000079be    00000002     --HOLE-- [fill = 0]
                  000079c0    00000014     I2C_communication.o (.text.DL_I2C_getControllerStatus)
                  000079d4    00000014     I2C_communication.o (.text.DL_I2C_receiveControllerData)
                  000079e8    00000014     ti_msp_dl_config.o (.text.DL_I2C_resetControllerTransfer)
                  000079fc    00000014     ti_msp_dl_config.o (.text.DL_SYSCTL_disableSYSPLL)
                  00007a10    00000014     ti_msp_dl_config.o (.text.DL_SYSCTL_enableMFCLK)
                  00007a24    00000014     ti_msp_dl_config.o (.text.DL_SYSCTL_enableSYSPLL)
                  00007a38    00000014     ti_msp_dl_config.o (.text.DL_Timer_enableClock)
                  00007a4c    00000014     ti_msp_dl_config.o (.text.DL_Timer_setCCPDirection)
                  00007a60    00000014     empty.o (.text.DL_UART_receiveData)
                  00007a74    00000014     libclang_rt.builtins.a : aeabi_uldivmod.S.obj (.text.__aeabi_uldivmod)
                  00007a88    00000014     buzzer.o (.text.buzzer_off)
                  00007a9c    00000014     buzzer.o (.text.buzzer_on)
                  00007ab0    00000014     basic_read_reg.o (.text.delay_us)
                  00007ac4    00000014     libc.a : _printfi.c.obj (.text.strchr)
                  00007ad8    00000012     I2C_communication.o (.text.DL_I2C_getPendingInterrupt)
                  00007aea    00000012     empty.o (.text.DL_Timer_getPendingInterrupt)
                  00007afc    00000012     empty.o (.text.DL_UART_getPendingInterrupt)
                  00007b0e    00000012     driverlib.a : dl_uart.o (.text.DL_UART_setClockConfig)
                  00007b20    00000012     libc.a : memcpy16.S.obj (.text:TI_memcpy_small)
                  00007b32    00000012            : copy_decompress_none.c.obj (.text:decompress:none)
                  00007b44    00000010     command.o (.text.Command_GetRemain)
                  00007b54    00000010     ti_msp_dl_config.o (.text.DL_SYSCTL_disableHFXT)
                  00007b64    00000010     ti_msp_dl_config.o (.text.DL_SYSCTL_isFCCDone)
                  00007b74    00000010     ti_msp_dl_config.o (.text.DL_SYSCTL_startFCC)
                  00007b84    00000010     driverlib.a : dl_timer.o (.text.DL_Timer_setCaptureCompareValue)
                  00007b94    00000010     turn.o (.text.turn_control_reset_distance)
                  00007ba4    00000010     libc.a : wcslen.c.obj (.text.wcslen)
                  00007bb4    00000010            : copy_zero_init.c.obj (.text:decompress:ZI)
                  00007bc4    0000000e     libclang_rt.builtins.a : aeabi_memset.S.obj (.text.__aeabi_memset)
                  00007bd2    0000000e     libc.a : _printfi.c.obj (.text.strlen)
                  00007be0    0000000e            : strlen.c.obj (.text.strlen)
                  00007bee    0000000e            : memset16.S.obj (.text:TI_memset_small)
                  00007bfc    0000000c     ti_msp_dl_config.o (.text.DL_SYSCTL_readFCC)
                  00007c08    0000000c     libclang_rt.builtins.a : aeabi_memset.S.obj (.text.__aeabi_memclr)
                  00007c14    0000000c     encoder.o (.text.encoder_get_count_left)
                  00007c20    0000000c     encoder.o (.text.encoder_get_count_right)
                  00007c2c    0000000a     driverlib.a : dl_common.o (.text.DL_Common_delayCycles)
                  00007c36    0000000a     libc.a : _printfi.c.obj (.text.OUTLINED_FUNCTION_0)
                  00007c40    00000010     libclang_rt.builtins.a : adddf3.S.obj (.tramp.__aeabi_dsub.1)
                  00007c50    0000000a     libc.a : e_asin.c.obj (.text.OUTLINED_FUNCTION_0)
                  00007c5a    00000002     --HOLE-- [fill = 0]
                  00007c5c    00000010     libclang_rt.builtins.a : muldf3.S.obj (.tramp.__aeabi_dmul.1)
                  00007c6c    0000000a     libc.a : s_atan.c.obj (.text.OUTLINED_FUNCTION_0)
                  00007c76    0000000a            : _printfi.c.obj (.text.OUTLINED_FUNCTION_1)
                  00007c80    0000000a            : e_asin.c.obj (.text.OUTLINED_FUNCTION_1)
                  00007c8a    0000000a            : e_asin.c.obj (.text.OUTLINED_FUNCTION_3)
                  00007c94    00000010     libclang_rt.builtins.a : divdf3.S.obj (.tramp.__aeabi_ddiv.1)
                  00007ca4    0000000a     libc.a : sprintf.c.obj (.text._outc)
                  00007cae    00000008            : s_atan.c.obj (.text.OUTLINED_FUNCTION_2)
                  00007cb6    00000008     ti_msp_dl_config.o (.text.SYSCFG_DL_DMA_init)
                  00007cbe    00000002     --HOLE-- [fill = 0]
                  00007cc0    00000008     libc.a : aeabi_portable.c.obj (.text.__aeabi_errno_addr)
                  00007cc8    00000008     libclang_rt.builtins.a : aeabi_memcpy.S.obj (.text.__aeabi_memcpy)
                  00007cd0    00000008     libc.a : printf.c.obj (.text._outc)
                  00007cd8    00000008            : printf.c.obj (.text._outs)
                  00007ce0    00000006            : s_atan.c.obj (.text.OUTLINED_FUNCTION_1)
                  00007ce6    00000002     --HOLE-- [fill = 0]
                  00007ce8    00000010     libclang_rt.builtins.a : adddf3.S.obj (.tramp.__aeabi_dadd.1)
                  00007cf8    00000006     libc.a : e_asin.c.obj (.text.OUTLINED_FUNCTION_2)
                  00007cfe    00000006            : exit.c.obj (.text:abort)
                  00007d04    00000004     startup_mspm0g350x_ticlang.o (.text.Default_Handler)
                  00007d08    00000004     libsysbm.a : hostexit.c.obj (.text.HOSTexit)
                  00007d0c    00000004     libc.a : e_asin.c.obj (.text.OUTLINED_FUNCTION_4)
                  00007d10    00000004     startup_mspm0g350x_ticlang.o (.text.Reset_Handler)
                  00007d14    00000010     libc.a : boot_cortex_m.c.obj (.tramp._c_int00_noargs.1)
                  00007d24    00000004            : pre_init.c.obj (.text._system_pre_init)
                  00007d28    00000008     --HOLE-- [fill = 0]

.cinit     0    000080a0    00000098     
                  000080a0    00000071     (.cinit..data.load) [load image, compression = lzss]
                  00008111    00000003     --HOLE-- [fill = 0]
                  00008114    0000000c     (__TI_handler_table)
                  00008120    00000008     (.cinit..bss.load) [load image, compression = zero_init]
                  00008128    00000010     (__TI_cinit_table)

.rodata    0    00007d30    00000370     
                  00007d30    00000101     libc.a : aeabi_ctype.S.obj (.rodata:__aeabi_ctype_table_)
                  00007e31    00000003     ti_msp_dl_config.o (.rodata.gPWMAClockConfig)
                  00007e34    00000003     ti_msp_dl_config.o (.rodata.gPWMBClockConfig)
                  00007e37    00000001     --HOLE-- [fill = 0]
                  00007e38    00000040     libc.a : s_atan.c.obj (.rodata.cst32)
                  00007e78    00000039     basic_read_reg.o (.rodata.str1.9808343428266317133.1)
                  00007eb1    00000003     ti_msp_dl_config.o (.rodata.gTIMER_0ClockConfig)
                  00007eb4    00000028     ti_msp_dl_config.o (.rodata.gSYSPLLConfig)
                  00007edc    00000027     basic_read_reg.o (.rodata.str1.7110637583681141287.1)
                  00007f03    00000024     basic_read_reg.o (.rodata.str1.13107071735968317116.1)
                  00007f27    0000001f     basic_read_reg.o (.rodata.str1.5120889408336671048.1)
                  00007f46    0000001d     basic_read_reg.o (.rodata.str1.4482715994418757481.1)
                  00007f63    0000001a     basic_read_reg.o (.rodata.str1.7223662880985062274.1)
                  00007f7d    00000019     basic_read_reg.o (.rodata.str1.11125432449493557154.1)
                  00007f96    00000002     ti_msp_dl_config.o (.rodata.gBTClockConfig)
                  00007f98    00000018     ti_msp_dl_config.o (.rodata.gbluetooth_DMAConfig)
                  00007fb0    00000018     empty.o (.rodata.str1.254342170260855183.1)
                  00007fc8    00000017     basic_read_reg.o (.rodata.str1.1603089270550493037.1)
                  00007fdf    00000015     basic_read_reg.o (.rodata.str1.11477588850722528354.1)
                  00007ff4    00000015     basic_read_reg.o (.rodata.str1.15383313440373602318.1)
                  00008009    00000002     ti_msp_dl_config.o (.rodata.gI2C_0ClockConfig)
                  0000800b    00000001     --HOLE-- [fill = 0]
                  0000800c    00000014     ti_msp_dl_config.o (.rodata.gTIMER_0TimerConfig)
                  00008020    00000013     basic_read_reg.o (.rodata.str1.12193246348482816742.1)
                  00008033    00000011     libc.a : _printfi.c.obj (.rodata.str1.10348868589481759720.1)
                  00008044    00000011            : _printfi.c.obj (.rodata.str1.15363888844622738466.1)
                  00008055    0000000e     IMU.o (.rodata.str1.7701751586357302207.1)
                  00008063    00000001     --HOLE-- [fill = 0]
                  00008064    0000000a     ti_msp_dl_config.o (.rodata.gBTConfig)
                  0000806e    0000000a     ti_msp_dl_config.o (.rodata.gSCREENConfig)
                  00008078    00000008     ti_msp_dl_config.o (.rodata.gPWMAConfig)
                  00008080    00000008     ti_msp_dl_config.o (.rodata.gPWMBConfig)
                  00008088    00000008     empty.o (.rodata.str1.9517790425240694019.1)
                  00008090    00000002     ti_msp_dl_config.o (.rodata.gSCREENClockConfig)
                  00008092    0000000e     --HOLE-- [fill = 0]

.init_array 
*          0    00000000    00000000     UNINITIALIZED

.binit     0    00000000    00000000     

.bss       0    20200000    00001fc5     UNINITIALIZED
                  20200000    00001c20     IMU.o (.bss.Gyro_fill)
                  20201c20    000000a0     (.common:gPWMABackup)
                  20201cc0    000000a0     (.common:gPWMBBackup)
                  20201d60    00000080     (.common:buffer)
                  20201de0    00000064     (.common:tx_buf)
                  20201e44    00000004     (.common:exInt)
                  20201e48    00000048     basic_read_reg.o (.bss.imu_dev)
                  20201e90    00000030     (.common:gSCREENBackup)
                  20201ec0    00000024     (.common:mygetqval)
                  20201ee4    0000001c     (.common:TTangles_gyro)
                  20201f00    00000018     IMU.o (.bss.Gyro_total)
                  20201f18    00000018     IMU.o (.bss.sqrGyro_total)
                  20201f30    00000014     (.common:STATE_MACHINE)
                  20201f44    00000010     (.common:gRxPacket)
                  20201f54    0000000c     (.common:north)
                  20201f60    0000000c     (.common:west)
                  20201f6c    0000000c     (.common:ypr)
                  20201f78    0000000a     (.common:commands)
                  20201f82    00000001     (.common:command)
                  20201f83    00000001     (.common:gI2cControllerStatus)
                  20201f84    00000004     (.common:eyInt)
                  20201f88    00000008     (.common:current_speed_left)
                  20201f90    00000008     (.common:current_speed_right)
                  20201f98    00000004     (.common:ezInt)
                  20201f9c    00000004     (.common:gRxCount)
                  20201fa0    00000004     (.common:gRxLen)
                  20201fa4    00000004     (.common:gTxCount)
                  20201fa8    00000004     (.common:gTxLen)
                  20201fac    00000004     (.common:number)
                  20201fb0    00000004     (.common:q0)
                  20201fb4    00000004     (.common:q1)
                  20201fb8    00000004     (.common:q2)
                  20201fbc    00000004     (.common:q3)
                  20201fc0    00000004     (.common:steer_err_printf)
                  20201fc4    00000001     (.common:uart_data)

.data      0    20201fc8    000001ec     UNINITIALIZED
                  20201fc8    000000f0     libc.a : defs.c.obj (.data._ftable)
                  202020b8    0000001c     encoder.o (.data.Vpid_left)
                  202020d4    0000001c     encoder.o (.data.Vpid_right)
                  202020f0    0000001c     track.o (.data.track_pid)
                  2020210c    0000001c     turn.o (.data.turn_pid)
                  20202128    00000010     I2C_communication.o (.data.gTxPacket)
                  20202138    0000000c     IMU.o (.data.gyro_offset)
                  20202144    00000004     IMU.o (.data.CalCount)
                  20202148    00000008     turn.o (.data.accumulated_distance)
                  20202150    00000008     encoder.o (.data.filt_velocity_left)
                  20202158    00000008     encoder.o (.data.filt_velocity_right)
                  20202160    00000008     encoder.o (.data.last_filt_velocity_left)
                  20202168    00000008     encoder.o (.data.last_filt_velocity_right)
                  20202170    00000008     empty.o (.data.task)
                  20202178    00000008     encoder.o (.data.velocity_left)
                  20202180    00000008     encoder.o (.data.velocity_right)
                  20202188    00000004     encoder.o (.data.Encoder_Count_L)
                  2020218c    00000004     encoder.o (.data.Encoder_Count_R)
                  20202190    00000004     IMU.o (.data.GyroCount)
                  20202194    00000004     IMU.o (.data.GyroinitFlag)
                  20202198    00000004     IMU.o (.data.Kp)
                  2020219c    00000004     libc.a : aeabi_portable.c.obj (.data.__aeabi_errno)
                  202021a0    00000004            : _lock.c.obj (.data._lock)
                  202021a4    00000004            : _lock.c.obj (.data._unlock)
                  202021a8    00000002     buzzer.o (.data.buzzer_time_ms)
                  202021aa    00000002     empty.o (.data.target_speed)
                  202021ac    00000001     command.o (.data.commandLength)
                  202021ad    00000001     question_task.o (.data.q1_first_flag)
                  202021ae    00000001     question_task.o (.data.q2_first_flag)
                  202021af    00000001     question_task.o (.data.q3_first_flag)
                  202021b0    00000001     question_task.o (.data.q4_first_flag)
                  202021b1    00000001     question_task.o (.data.q4_lap_count)
                  202021b2    00000001     command.o (.data.readIndex)
                  202021b3    00000001     command.o (.data.writeIndex)

.stack     0    20207e00    00000200     UNINITIALIZED
                  20207e00    00000004     libc.a : boot_cortex_m.c.obj (.stack)
                  20207e04    000001fc     --HOLE--

__llvm_prf_cnts 
*          0    20200000    00000000     UNINITIALIZED

__llvm_prf_bits 
*          0    20200000    00000000     UNINITIALIZED

MODULE SUMMARY

       Module                         code    ro data   rw data
       ------                         ----    -------   -------
    .\
       ti_msp_dl_config.o             3338    135       368    
       empty.o                        1318    32        144    
       startup_mspm0g350x_ticlang.o   8       192       0      
    +--+------------------------------+-------+---------+---------+
       Total:                         4664    359       512    
                                                               
    .\Module\ICM45686\
       IMU.o                          3448    14        7392   
       basic_read_reg.o               1642    327       72     
       inv_imu_driver.o               1932    0         0      
       I2C_communication.o            922     0         49     
       inv_imu_transport.o            784     0         0      
    +--+------------------------------+-------+---------+---------+
       Total:                         8728    341       7513   
                                                               
    .\Module\buzzer\
       buzzer.o                       124     0         2      
    +--+------------------------------+-------+---------+---------+
       Total:                         124     0         2      
                                                               
    .\Module\command\
       command.o                      660     0         141    
    +--+------------------------------+-------+---------+---------+
       Total:                         660     0         141    
                                                               
    .\Module\encoder\
       encoder.o                      1318    0         112    
    +--+------------------------------+-------+---------+---------+
       Total:                         1318    0         112    
                                                               
    .\Module\motor\
       motor.o                        400     0         0      
    +--+------------------------------+-------+---------+---------+
       Total:                         400     0         0      
                                                               
    .\Module\question_task\
       question_task.o                1356    0         25     
    +--+------------------------------+-------+---------+---------+
       Total:                         1356    0         25     
                                                               
    .\Module\track\
       track.o                        1186    0         32     
    +--+------------------------------+-------+---------+---------+
       Total:                         1186    0         32     
                                                               
    .\Module\turn\
       turn.o                         996     0         36     
    +--+------------------------------+-------+---------+---------+
       Total:                         996     0         36     
                                                               
    C:/TI/mspm0_sdk_2_10_00_04/source/ti/driverlib/lib/ticlang/m0p/mspm0g1x0x_g3x0x/driverlib.a
       dl_timer.o                     608     0         0      
       dl_sysctl_mspm0g1x0x_g3x0x.o   416     0         0      
       dl_i2c.o                       192     0         0      
       dl_uart.o                      90      0         0      
       dl_dma.o                       76      0         0      
       dl_common.o                    10      0         0      
    +--+------------------------------+-------+---------+---------+
       Total:                         1392    0         0      
                                                               
    D:\TI\CSS\ccs\tools\compiler\ti-cgt-armllvm_4.0.4.LTS\lib\armv6m-ti-none-eabi/c/libc.a
       _printfi.c.obj                 4510    34        0      
       e_asin.c.obj                   908     0         0      
       s_atan.c.obj                   784     64        0      
       e_atan2.c.obj                  392     0         0      
       e_sqrt.c.obj                   368     0         0      
       aeabi_ctype.S.obj              0       257       0      
       defs.c.obj                     0       0         240    
       s_scalbn.c.obj                 216     0         0      
       copy_decompress_lzss.c.obj     124     0         0      
       printf.c.obj                   108     0         0      
       s_frexp.c.obj                  92      0         0      
       sprintf.c.obj                  90      0         0      
       _ltoa.c.obj                    88      0         0      
       atoi.c.obj                     64      0         0      
       autoinit.c.obj                 60      0         0      
       boot_cortex_m.c.obj            56      0         0      
       memccpy.c.obj                  34      0         0      
       copy_decompress_none.c.obj     18      0         0      
       memcpy16.S.obj                 18      0         0      
       copy_zero_init.c.obj           16      0         0      
       wcslen.c.obj                   16      0         0      
       memset16.S.obj                 14      0         0      
       strlen.c.obj                   14      0         0      
       aeabi_portable.c.obj           8       0         4      
       _lock.c.obj                    2       0         8      
       exit.c.obj                     6       0         0      
       pre_init.c.obj                 4       0         0      
    +--+------------------------------+-------+---------+---------+
       Total:                         8010    355       252    
                                                               
    D:\TI\CSS\ccs\tools\compiler\ti-cgt-armllvm_4.0.4.LTS\lib\armv6m-ti-none-eabi/c/libsysbm.a
       hostexit.c.obj                 4       0         0      
    +--+------------------------------+-------+---------+---------+
       Total:                         4       0         0      
                                                               
    D:\TI\CSS\ccs\tools\compiler\ti-cgt-armllvm_4.0.4.LTS\lib\armv6m-ti-none-eabi/libclang_rt.builtins.a
       adddf3.S.obj                   434     0         0      
       divdf3.S.obj                   284     0         0      
       muldf3.S.obj                   244     0         0      
       comparedf2.c.obj               220     0         0      
       addsf3.S.obj                   216     0         0      
       udivmoddi4.S.obj               162     0         0      
       mulsf3.S.obj                   140     0         0      
       divsf3.S.obj                   130     0         0      
       comparesf2.S.obj               118     0         0      
       truncdfsf2.S.obj               116     0         0      
       aeabi_dcmp.S.obj               98      0         0      
       aeabi_fcmp.S.obj               98      0         0      
       aeabi_idivmod.S.obj            86      0         0      
       fixdfsi.S.obj                  74      0         0      
       aeabi_uidivmod.S.obj           64      0         0      
       extendsfdf2.S.obj              64      0         0      
       floatsisf.S.obj                60      0         0      
       muldsi3.S.obj                  58      0         0      
       fixsfsi.S.obj                  56      0         0      
       floatsidf.S.obj                44      0         0      
       floatunsisf.S.obj              40      0         0      
       floatunsidf.S.obj              36      0         0      
       muldi3.S.obj                   36      0         0      
       ashldi3.S.obj                  30      0         0      
       aeabi_memset.S.obj             26      0         0      
       aeabi_uldivmod.S.obj           20      0         0      
       aeabi_memcpy.S.obj             8       0         0      
       aeabi_div0.c.obj               4       0         0      
    +--+------------------------------+-------+---------+---------+
       Total:                         2966    0         0      
                                                               
       Stack:                         0       0         512    
       Linker Generated:              0       149       0      
    +--+------------------------------+-------+---------+---------+
       Grand Total:                   31804   1204      9137   


LINKER GENERATED COPY TABLES

__TI_cinit_table @ 00008128 records: 2, size/record: 8, table size: 16
	.data: load addr=000080a0, load size=00000071 bytes, run addr=20201fc8, run size=000001ec bytes, compression=lzss
	.bss: load addr=00008120, load size=00000008 bytes, run addr=20200000, run size=00001fc5 bytes, compression=zero_init


LINKER GENERATED HANDLER TABLE

__TI_handler_table @ 00008114 records: 3, size/record: 4, table size: 12
	index: 0, handler: __TI_decompress_lzss
	index: 1, handler: __TI_decompress_none
	index: 2, handler: __TI_zero_init


FAR CALL TRAMPOLINES

callee name               trampoline name
   callee addr  tramp addr   call addr  call info
--------------  -----------  ---------  ----------------
__aeabi_dsub              $Tramp$TT$L$PI$$__aeabi_dsub
   00002e99     00007c40     00007c3e   libc.a : _printfi.c.obj (.text.OUTLINED_FUNCTION_0)
__aeabi_dmul              $Tramp$TT$L$PI$$__aeabi_dmul
   000046c9     00007c5c     00007c58   libc.a : e_asin.c.obj (.text.OUTLINED_FUNCTION_0)
                             00007c74          : s_atan.c.obj (.text.OUTLINED_FUNCTION_0)
                             00007c88          : e_asin.c.obj (.text.OUTLINED_FUNCTION_1)
                             00007cb4          : s_atan.c.obj (.text.OUTLINED_FUNCTION_2)
                             00007cfc          : e_asin.c.obj (.text.OUTLINED_FUNCTION_2)
__aeabi_ddiv              $Tramp$TT$L$PI$$__aeabi_ddiv
   000040f1     00007c94     00007c92   libc.a : e_asin.c.obj (.text.OUTLINED_FUNCTION_3)
__aeabi_dadd              $Tramp$TT$L$PI$$__aeabi_dadd
   00002ea3     00007ce8     00007ce4   libc.a : s_atan.c.obj (.text.OUTLINED_FUNCTION_1)
                             00007d0e          : e_asin.c.obj (.text.OUTLINED_FUNCTION_4)
_c_int00_noargs           $Tramp$TT$L$PI$$_c_int00_noargs
   000071c5     00007d14     00007d10   startup_mspm0g350x_ticlang.o (.text.Reset_Handler)

[5 trampolines]
[10 trampoline calls]


GLOBAL SYMBOLS: SORTED ALPHABETICALLY BY Name 

address   name                                 
-------   ----                                 
00007d05  ADC0_IRQHandler                      
00007d05  ADC1_IRQHandler                      
00007d05  AES_IRQHandler                       
00007d08  C$$EXIT                              
00007d05  CANFD0_IRQHandler                    
20202144  CalCount                             
00007335  Command_AddReadIndex                 
000044f1  Command_GetCommand                   
00007261  Command_GetLength                    
00007b45  Command_GetRemain                    
000056d9  Command_GetResult                    
00007355  Command_Read                         
00004ed5  Command_Write                        
00007d05  DAC0_IRQHandler                      
00007c2d  DL_Common_delayCycles                
00006759  DL_DMA_initChannel                   
00005f91  DL_I2C_fillControllerTXFIFO          
00006b29  DL_I2C_flushControllerTXFIFO         
00007239  DL_I2C_setClockConfig                
0000752d  DL_SYSCTL_configFCC                  
000047ad  DL_SYSCTL_configSYSPLL               
00005c7d  DL_SYSCTL_setHFCLKSourceHFXTParams   
00006919  DL_SYSCTL_switchMCLKfromSYSOSCtoHSCLK
000041fd  DL_Timer_initFourCCPWMMode           
00004301  DL_Timer_initTimerMode               
000075b9  DL_Timer_setCaptCompUpdateMethod     
000077f5  DL_Timer_setCaptureCompareOutCtl     
00007b85  DL_Timer_setCaptureCompareValue      
000075d5  DL_Timer_setClockConfig              
00006889  DL_UART_init                         
00007b0f  DL_UART_setClockConfig               
00007d05  DMA_IRQHandler                       
00007d05  Default_Handler                      
20202188  Encoder_Count_L                      
2020218c  Encoder_Count_R                      
00007d05  GROUP0_IRQHandler                    
000023e9  GROUP1_IRQHandler                    
00007d09  HOSTexit                             
00007d05  HardFault_Handler                    
00003c81  I2C0_IRQHandler                      
00007d05  I2C1_IRQHandler                      
00004bd9  I2C_ReadReg                          
00004c9d  I2C_WriteReg                         
00000a91  IMU_AHRSupdate                       
00004889  IMU_getQ                             
00003fe1  IMU_getValues                        
00002b49  IMU_getYawPitchRoll                  
00005e71  IMU_init                             
20202198  Kp                                   
00007d05  NMI_Handler                          
00007d05  PendSV_Handler                       
00007d05  RTC_IRQHandler                       
00007d11  Reset_Handler                        
00007d05  SPI0_IRQHandler                      
00007d05  SPI1_IRQHandler                      
20201f30  STATE_MACHINE                        
00007d05  SVC_Handler                          
00005ff1  SYSCFG_DL_BT_init                    
00007cb7  SYSCFG_DL_DMA_init                   
000021e1  SYSCFG_DL_GPIO_init                  
00006219  SYSCFG_DL_I2C_0_init                 
00005ce1  SYSCFG_DL_PWMA_init                  
00005b45  SYSCFG_DL_PWMB_init                  
000068d1  SYSCFG_DL_SCREEN_init                
00007629  SYSCFG_DL_SYSCTL_CLK_init            
000045e1  SYSCFG_DL_SYSCTL_SYSPLL_init         
000059d9  SYSCFG_DL_SYSCTL_init                
00006d79  SYSCFG_DL_TIMER_0_init               
00007125  SYSCFG_DL_bluetooth_DMA_init         
00006669  SYSCFG_DL_init                       
000052c5  SYSCFG_DL_initPower                  
00007d05  SysTick_Handler                      
00007d05  TIMA0_IRQHandler                     
00007d05  TIMA1_IRQHandler                     
0000796d  TIMER_0_Init                         
0000647d  TIMG0_IRQHandler                     
00007d05  TIMG12_IRQHandler                    
00007d05  TIMG6_IRQHandler                     
00007d05  TIMG7_IRQHandler                     
00007d05  TIMG8_IRQHandler                     
00007b21  TI_memcpy_small                      
00007bef  TI_memset_small                      
20201ee4  TTangles_gyro                        
00007d05  UART0_IRQHandler                     
00007d05  UART1_IRQHandler                     
00007d05  UART2_IRQHandler                     
00006ea9  UART3_IRQHandler                     
202020b8  Vpid_left                            
202020d4  Vpid_right                           
20208000  __STACK_END                          
00000200  __STACK_SIZE                         
00000000  __TI_ATRegion0_region_sz             
00000000  __TI_ATRegion0_src_addr              
00000000  __TI_ATRegion0_trg_addr              
00000000  __TI_ATRegion1_region_sz             
00000000  __TI_ATRegion1_src_addr              
00000000  __TI_ATRegion1_trg_addr              
00000000  __TI_ATRegion2_region_sz             
00000000  __TI_ATRegion2_src_addr              
00000000  __TI_ATRegion2_trg_addr              
00008128  __TI_CINIT_Base                      
00008138  __TI_CINIT_Limit                     
00008138  __TI_CINIT_Warm                      
00008114  __TI_Handler_Table_Base              
00008120  __TI_Handler_Table_Limit             
00006c55  __TI_auto_init_nobinit_nopinit       
0000595d  __TI_decompress_lzss                 
00007b33  __TI_decompress_none                 
00006271  __TI_ltoa                            
ffffffff  __TI_pprof_out_hndl                  
000000c1  __TI_printfi                         
ffffffff  __TI_prof_data_size                  
ffffffff  __TI_prof_data_start                 
00000000  __TI_static_base__                   
00007bb5  __TI_zero_init                       
00002ea3  __adddf3                             
00004a43  __addsf3                             
00007d30  __aeabi_ctype_table_                 
00007d30  __aeabi_ctype_table_C                
00005ad1  __aeabi_d2f                          
0000683d  __aeabi_d2iz                         
00002ea3  __aeabi_dadd                         
00005da9  __aeabi_dcmpeq                       
00005de5  __aeabi_dcmpge                       
00005df9  __aeabi_dcmpgt                       
00005dd1  __aeabi_dcmple                       
00005dbd  __aeabi_dcmplt                       
000040f1  __aeabi_ddiv                         
000046c9  __aeabi_dmul                         
00002e99  __aeabi_dsub                         
2020219c  __aeabi_errno                        
00007cc1  __aeabi_errno_addr                   
00006a69  __aeabi_f2d                          
00006d09  __aeabi_f2iz                         
00004a43  __aeabi_fadd                         
00005e0d  __aeabi_fcmpeq                       
00005e49  __aeabi_fcmpge                       
00005e5d  __aeabi_fcmpgt                       
00005e35  __aeabi_fcmple                       
00005e21  __aeabi_fcmplt                       
0000575d  __aeabi_fdiv                         
000055c5  __aeabi_fmul                         
00004a39  __aeabi_fsub                         
00006f8d  __aeabi_i2d                          
00006ba1  __aeabi_i2f                          
00006379  __aeabi_idiv                         
0000302b  __aeabi_idiv0                        
00006379  __aeabi_idivmod                      
000038db  __aeabi_ldiv0                        
000073f5  __aeabi_llsl                         
000072a9  __aeabi_lmul                         
00007c09  __aeabi_memclr                       
00007c09  __aeabi_memclr4                      
00007c09  __aeabi_memclr8                      
00007cc9  __aeabi_memcpy                       
00007cc9  __aeabi_memcpy4                      
00007cc9  __aeabi_memcpy8                      
00007bc5  __aeabi_memset                       
00007bc5  __aeabi_memset4                      
00007bc5  __aeabi_memset8                      
00007285  __aeabi_ui2d                         
0000714d  __aeabi_ui2f                         
00006a29  __aeabi_uidiv                        
00006a29  __aeabi_uidivmod                     
00007a75  __aeabi_uldivmod                     
000073f5  __ashldi3                            
ffffffff  __binit__                            
00005bad  __cmpdf2                             
00006c91  __cmpsf2                             
000040f1  __divdf3                             
0000575d  __divsf3                             
00005bad  __eqdf2                              
00006c91  __eqsf2                              
00006a69  __extendsfdf2                        
0000683d  __fixdfsi                            
00006d09  __fixsfsi                            
00006f8d  __floatsidf                          
00006ba1  __floatsisf                          
00007285  __floatunsidf                        
0000714d  __floatunsisf                        
00005a51  __gedf2                              
00006bdd  __gesf2                              
00005a51  __gtdf2                              
00006bdd  __gtsf2                              
00005bad  __ledf2                              
00006c91  __lesf2                              
00005bad  __ltdf2                              
00006c91  __ltsf2                              
UNDEFED   __mpu_init                           
000046c9  __muldf3                             
000072a9  __muldi3                             
00006ccd  __muldsi3                            
000055c5  __mulsf3                             
00005bad  __nedf2                              
00006c91  __nesf2                              
20207e00  __stack                              
20200000  __start___llvm_prf_bits              
20200000  __start___llvm_prf_cnts              
20200000  __stop___llvm_prf_bits               
20200000  __stop___llvm_prf_cnts               
00002e99  __subdf3                             
00004a39  __subsf3                             
00005ad1  __truncdfsf2                         
00005221  __udivmoddi4                         
000071c5  _c_int00_noargs                      
20201fc8  _ftable                              
202021a0  _lock                                
00003fdf  _nop                                 
UNDEFED   _system_post_cinit                   
00007d25  _system_pre_init                     
202021a4  _unlock                              
00007cff  abort                                
0000145d  asin                                 
0000145d  asinl                                
000017c1  atan                                 
0000302d  atan2                                
0000302d  atan2l                               
000017c1  atanl                                
00006aa9  atoi                                 
ffffffff  binit                                
000072cd  bluetooth_init                       
0000695d  bluetooth_write                      
00003619  bsp_IcmGetRawData                    
20201d60  buffer                               
00007175  buzzer_control                       
00007a89  buzzer_off                           
00007a9d  buzzer_on                            
202021a8  buzzer_time_ms                       
00001ab9  calGyroVariance                      
20201f82  command                              
202021ac  commandLength                        
20201f78  commands                             
20201f88  current_speed_left                   
20201f90  current_speed_right                  
000078b5  delay_ms                             
00007ab1  delay_us                             
00007c15  encoder_get_count_left               
00007c21  encoder_get_count_right              
0000502d  encoder_get_speed_left               
000050d5  encoder_get_speed_right              
0000719d  encoder_init                         
20201e44  exInt                                
20201f84  eyInt                                
20201f98  ezInt                                
20202150  filt_velocity_left                   
20202158  filt_velocity_right                  
00006fb9  fputc                                
000066b9  fputs                                
0000604d  frexp                                
0000604d  frexpl                               
20201f83  gI2cControllerStatus                 
20201c20  gPWMABackup                          
20201cc0  gPWMBBackup                          
20201f9c  gRxCount                             
20201fa0  gRxLen                               
20201f44  gRxPacket                            
20201e90  gSCREENBackup                        
20201fa4  gTxCount                             
20201fa8  gTxLen                               
20202128  gTxPacket                            
20202138  gyro_offset                          
00000000  interruptVectors                     
000058e1  invSqrt1                             
00006c19  inv_imu_get_endianness               
00003ecd  inv_imu_get_register_data            
00006ae9  inv_imu_get_who_am_i                 
000069a1  inv_imu_read_reg                     
00006321  inv_imu_select_accel_lp_clk          
000063cf  inv_imu_set_accel_frequency          
00006575  inv_imu_set_accel_fsr                
000060a9  inv_imu_set_accel_ln_bw              
00005d45  inv_imu_set_accel_mode               
00003785  inv_imu_set_config_int               
00006425  inv_imu_set_gyro_frequency           
00006709  inv_imu_set_gyro_fsr                 
00006105  inv_imu_set_gyro_ln_bw               
00005ed1  inv_imu_set_gyro_mode                
0000517d  inv_imu_set_pin_config_int           
000073b5  inv_imu_sleep_us                     
00004b11  inv_imu_soft_reset                   
000069e5  inv_imu_write_reg                    
20202160  last_filt_velocity_left              
20202168  last_filt_velocity_right             
00004961  ldexp                                
00004961  ldexpl                               
00006dad  limit_value                          
00001d99  main                                 
00007313  memccpy                              
000078cd  motor_init                           
0000549d  motor_set_left_speed                 
00005651  motor_set_right_speed                
000078e5  motor_set_speed                      
20201ec0  mygetqval                            
20201f54  north                                
20201fac  number                               
00006161  printf                               
20201fb0  q0                                   
20201fb4  q1                                   
202021ad  q1_first_flag                        
20201fb8  q2                                   
202021ae  q2_first_flag                        
20201fbc  q3                                   
202021af  q3_first_flag                        
202021b0  q4_first_flag                        
202021b1  q4_lap_count                         
000057e1  question1_task                       
00003a19  question2_task                       
00002cf1  question3_task                       
000027a1  question4_task                       
000078fd  question_task_init                   
202021b2  readIndex                            
00004961  scalbn                               
00004961  scalbnl                              
000010bd  setup_imu                            
00005365  si_print_error_if_any                
000061bd  speed_control                        
00006d41  sprintf                              
00003339  sqrt                                 
00003339  sqrtl                                
20201fc0  steer_err_printf                     
00007be1  strlen                               
202021aa  target_speed                         
20202170  task                                 
000043fd  track_control                        
00002979  track_get_error                      
00005531  track_pd_calc                        
202020f0  track_pid                            
00003b4d  track_read                           
000034a9  turn_control                         
000031b5  turn_control_get_distance            
00007b95  turn_control_reset_distance          
00005f31  turn_get_error                       
00005861  turn_pd_calc                         
2020210c  turn_pid                             
20201de0  tx_buf                               
20201fc4  uart_data                            
20202178  velocity_left                        
00005405  velocity_pi_calc                     
20202180  velocity_right                       
00007ba5  wcslen                               
20201f60  west                                 
202021b3  writeIndex                           
20201f6c  ypr                                  


GLOBAL SYMBOLS: SORTED BY Symbol Address 

address   name                                 
-------   ----                                 
00000000  __TI_ATRegion0_region_sz             
00000000  __TI_ATRegion0_src_addr              
00000000  __TI_ATRegion0_trg_addr              
00000000  __TI_ATRegion1_region_sz             
00000000  __TI_ATRegion1_src_addr              
00000000  __TI_ATRegion1_trg_addr              
00000000  __TI_ATRegion2_region_sz             
00000000  __TI_ATRegion2_src_addr              
00000000  __TI_ATRegion2_trg_addr              
00000000  __TI_static_base__                   
00000000  interruptVectors                     
000000c1  __TI_printfi                         
00000200  __STACK_SIZE                         
00000a91  IMU_AHRSupdate                       
000010bd  setup_imu                            
0000145d  asin                                 
0000145d  asinl                                
000017c1  atan                                 
000017c1  atanl                                
00001ab9  calGyroVariance                      
00001d99  main                                 
000021e1  SYSCFG_DL_GPIO_init                  
000023e9  GROUP1_IRQHandler                    
000027a1  question4_task                       
00002979  track_get_error                      
00002b49  IMU_getYawPitchRoll                  
00002cf1  question3_task                       
00002e99  __aeabi_dsub                         
00002e99  __subdf3                             
00002ea3  __adddf3                             
00002ea3  __aeabi_dadd                         
0000302b  __aeabi_idiv0                        
0000302d  atan2                                
0000302d  atan2l                               
000031b5  turn_control_get_distance            
00003339  sqrt                                 
00003339  sqrtl                                
000034a9  turn_control                         
00003619  bsp_IcmGetRawData                    
00003785  inv_imu_set_config_int               
000038db  __aeabi_ldiv0                        
00003a19  question2_task                       
00003b4d  track_read                           
00003c81  I2C0_IRQHandler                      
00003ecd  inv_imu_get_register_data            
00003fdf  _nop                                 
00003fe1  IMU_getValues                        
000040f1  __aeabi_ddiv                         
000040f1  __divdf3                             
000041fd  DL_Timer_initFourCCPWMMode           
00004301  DL_Timer_initTimerMode               
000043fd  track_control                        
000044f1  Command_GetCommand                   
000045e1  SYSCFG_DL_SYSCTL_SYSPLL_init         
000046c9  __aeabi_dmul                         
000046c9  __muldf3                             
000047ad  DL_SYSCTL_configSYSPLL               
00004889  IMU_getQ                             
00004961  ldexp                                
00004961  ldexpl                               
00004961  scalbn                               
00004961  scalbnl                              
00004a39  __aeabi_fsub                         
00004a39  __subsf3                             
00004a43  __addsf3                             
00004a43  __aeabi_fadd                         
00004b11  inv_imu_soft_reset                   
00004bd9  I2C_ReadReg                          
00004c9d  I2C_WriteReg                         
00004ed5  Command_Write                        
0000502d  encoder_get_speed_left               
000050d5  encoder_get_speed_right              
0000517d  inv_imu_set_pin_config_int           
00005221  __udivmoddi4                         
000052c5  SYSCFG_DL_initPower                  
00005365  si_print_error_if_any                
00005405  velocity_pi_calc                     
0000549d  motor_set_left_speed                 
00005531  track_pd_calc                        
000055c5  __aeabi_fmul                         
000055c5  __mulsf3                             
00005651  motor_set_right_speed                
000056d9  Command_GetResult                    
0000575d  __aeabi_fdiv                         
0000575d  __divsf3                             
000057e1  question1_task                       
00005861  turn_pd_calc                         
000058e1  invSqrt1                             
0000595d  __TI_decompress_lzss                 
000059d9  SYSCFG_DL_SYSCTL_init                
00005a51  __gedf2                              
00005a51  __gtdf2                              
00005ad1  __aeabi_d2f                          
00005ad1  __truncdfsf2                         
00005b45  SYSCFG_DL_PWMB_init                  
00005bad  __cmpdf2                             
00005bad  __eqdf2                              
00005bad  __ledf2                              
00005bad  __ltdf2                              
00005bad  __nedf2                              
00005c7d  DL_SYSCTL_setHFCLKSourceHFXTParams   
00005ce1  SYSCFG_DL_PWMA_init                  
00005d45  inv_imu_set_accel_mode               
00005da9  __aeabi_dcmpeq                       
00005dbd  __aeabi_dcmplt                       
00005dd1  __aeabi_dcmple                       
00005de5  __aeabi_dcmpge                       
00005df9  __aeabi_dcmpgt                       
00005e0d  __aeabi_fcmpeq                       
00005e21  __aeabi_fcmplt                       
00005e35  __aeabi_fcmple                       
00005e49  __aeabi_fcmpge                       
00005e5d  __aeabi_fcmpgt                       
00005e71  IMU_init                             
00005ed1  inv_imu_set_gyro_mode                
00005f31  turn_get_error                       
00005f91  DL_I2C_fillControllerTXFIFO          
00005ff1  SYSCFG_DL_BT_init                    
0000604d  frexp                                
0000604d  frexpl                               
000060a9  inv_imu_set_accel_ln_bw              
00006105  inv_imu_set_gyro_ln_bw               
00006161  printf                               
000061bd  speed_control                        
00006219  SYSCFG_DL_I2C_0_init                 
00006271  __TI_ltoa                            
00006321  inv_imu_select_accel_lp_clk          
00006379  __aeabi_idiv                         
00006379  __aeabi_idivmod                      
000063cf  inv_imu_set_accel_frequency          
00006425  inv_imu_set_gyro_frequency           
0000647d  TIMG0_IRQHandler                     
00006575  inv_imu_set_accel_fsr                
00006669  SYSCFG_DL_init                       
000066b9  fputs                                
00006709  inv_imu_set_gyro_fsr                 
00006759  DL_DMA_initChannel                   
0000683d  __aeabi_d2iz                         
0000683d  __fixdfsi                            
00006889  DL_UART_init                         
000068d1  SYSCFG_DL_SCREEN_init                
00006919  DL_SYSCTL_switchMCLKfromSYSOSCtoHSCLK
0000695d  bluetooth_write                      
000069a1  inv_imu_read_reg                     
000069e5  inv_imu_write_reg                    
00006a29  __aeabi_uidiv                        
00006a29  __aeabi_uidivmod                     
00006a69  __aeabi_f2d                          
00006a69  __extendsfdf2                        
00006aa9  atoi                                 
00006ae9  inv_imu_get_who_am_i                 
00006b29  DL_I2C_flushControllerTXFIFO         
00006ba1  __aeabi_i2f                          
00006ba1  __floatsisf                          
00006bdd  __gesf2                              
00006bdd  __gtsf2                              
00006c19  inv_imu_get_endianness               
00006c55  __TI_auto_init_nobinit_nopinit       
00006c91  __cmpsf2                             
00006c91  __eqsf2                              
00006c91  __lesf2                              
00006c91  __ltsf2                              
00006c91  __nesf2                              
00006ccd  __muldsi3                            
00006d09  __aeabi_f2iz                         
00006d09  __fixsfsi                            
00006d41  sprintf                              
00006d79  SYSCFG_DL_TIMER_0_init               
00006dad  limit_value                          
00006ea9  UART3_IRQHandler                     
00006f8d  __aeabi_i2d                          
00006f8d  __floatsidf                          
00006fb9  fputc                                
00007125  SYSCFG_DL_bluetooth_DMA_init         
0000714d  __aeabi_ui2f                         
0000714d  __floatunsisf                        
00007175  buzzer_control                       
0000719d  encoder_init                         
000071c5  _c_int00_noargs                      
00007239  DL_I2C_setClockConfig                
00007261  Command_GetLength                    
00007285  __aeabi_ui2d                         
00007285  __floatunsidf                        
000072a9  __aeabi_lmul                         
000072a9  __muldi3                             
000072cd  bluetooth_init                       
00007313  memccpy                              
00007335  Command_AddReadIndex                 
00007355  Command_Read                         
000073b5  inv_imu_sleep_us                     
000073f5  __aeabi_llsl                         
000073f5  __ashldi3                            
0000752d  DL_SYSCTL_configFCC                  
000075b9  DL_Timer_setCaptCompUpdateMethod     
000075d5  DL_Timer_setClockConfig              
00007629  SYSCFG_DL_SYSCTL_CLK_init            
000077f5  DL_Timer_setCaptureCompareOutCtl     
000078b5  delay_ms                             
000078cd  motor_init                           
000078e5  motor_set_speed                      
000078fd  question_task_init                   
0000796d  TIMER_0_Init                         
00007a75  __aeabi_uldivmod                     
00007a89  buzzer_off                           
00007a9d  buzzer_on                            
00007ab1  delay_us                             
00007b0f  DL_UART_setClockConfig               
00007b21  TI_memcpy_small                      
00007b33  __TI_decompress_none                 
00007b45  Command_GetRemain                    
00007b85  DL_Timer_setCaptureCompareValue      
00007b95  turn_control_reset_distance          
00007ba5  wcslen                               
00007bb5  __TI_zero_init                       
00007bc5  __aeabi_memset                       
00007bc5  __aeabi_memset4                      
00007bc5  __aeabi_memset8                      
00007be1  strlen                               
00007bef  TI_memset_small                      
00007c09  __aeabi_memclr                       
00007c09  __aeabi_memclr4                      
00007c09  __aeabi_memclr8                      
00007c15  encoder_get_count_left               
00007c21  encoder_get_count_right              
00007c2d  DL_Common_delayCycles                
00007cb7  SYSCFG_DL_DMA_init                   
00007cc1  __aeabi_errno_addr                   
00007cc9  __aeabi_memcpy                       
00007cc9  __aeabi_memcpy4                      
00007cc9  __aeabi_memcpy8                      
00007cff  abort                                
00007d05  ADC0_IRQHandler                      
00007d05  ADC1_IRQHandler                      
00007d05  AES_IRQHandler                       
00007d05  CANFD0_IRQHandler                    
00007d05  DAC0_IRQHandler                      
00007d05  DMA_IRQHandler                       
00007d05  Default_Handler                      
00007d05  GROUP0_IRQHandler                    
00007d05  HardFault_Handler                    
00007d05  I2C1_IRQHandler                      
00007d05  NMI_Handler                          
00007d05  PendSV_Handler                       
00007d05  RTC_IRQHandler                       
00007d05  SPI0_IRQHandler                      
00007d05  SPI1_IRQHandler                      
00007d05  SVC_Handler                          
00007d05  SysTick_Handler                      
00007d05  TIMA0_IRQHandler                     
00007d05  TIMA1_IRQHandler                     
00007d05  TIMG12_IRQHandler                    
00007d05  TIMG6_IRQHandler                     
00007d05  TIMG7_IRQHandler                     
00007d05  TIMG8_IRQHandler                     
00007d05  UART0_IRQHandler                     
00007d05  UART1_IRQHandler                     
00007d05  UART2_IRQHandler                     
00007d08  C$$EXIT                              
00007d09  HOSTexit                             
00007d11  Reset_Handler                        
00007d25  _system_pre_init                     
00007d30  __aeabi_ctype_table_                 
00007d30  __aeabi_ctype_table_C                
00008114  __TI_Handler_Table_Base              
00008120  __TI_Handler_Table_Limit             
00008128  __TI_CINIT_Base                      
00008138  __TI_CINIT_Limit                     
00008138  __TI_CINIT_Warm                      
20200000  __start___llvm_prf_bits              
20200000  __start___llvm_prf_cnts              
20200000  __stop___llvm_prf_bits               
20200000  __stop___llvm_prf_cnts               
20201c20  gPWMABackup                          
20201cc0  gPWMBBackup                          
20201d60  buffer                               
20201de0  tx_buf                               
20201e44  exInt                                
20201e90  gSCREENBackup                        
20201ec0  mygetqval                            
20201ee4  TTangles_gyro                        
20201f30  STATE_MACHINE                        
20201f44  gRxPacket                            
20201f54  north                                
20201f60  west                                 
20201f6c  ypr                                  
20201f78  commands                             
20201f82  command                              
20201f83  gI2cControllerStatus                 
20201f84  eyInt                                
20201f88  current_speed_left                   
20201f90  current_speed_right                  
20201f98  ezInt                                
20201f9c  gRxCount                             
20201fa0  gRxLen                               
20201fa4  gTxCount                             
20201fa8  gTxLen                               
20201fac  number                               
20201fb0  q0                                   
20201fb4  q1                                   
20201fb8  q2                                   
20201fbc  q3                                   
20201fc0  steer_err_printf                     
20201fc4  uart_data                            
20201fc8  _ftable                              
202020b8  Vpid_left                            
202020d4  Vpid_right                           
202020f0  track_pid                            
2020210c  turn_pid                             
20202128  gTxPacket                            
20202138  gyro_offset                          
20202144  CalCount                             
20202150  filt_velocity_left                   
20202158  filt_velocity_right                  
20202160  last_filt_velocity_left              
20202168  last_filt_velocity_right             
20202170  task                                 
20202178  velocity_left                        
20202180  velocity_right                       
20202188  Encoder_Count_L                      
2020218c  Encoder_Count_R                      
20202198  Kp                                   
2020219c  __aeabi_errno                        
202021a0  _lock                                
202021a4  _unlock                              
202021a8  buzzer_time_ms                       
202021aa  target_speed                         
202021ac  commandLength                        
202021ad  q1_first_flag                        
202021ae  q2_first_flag                        
202021af  q3_first_flag                        
202021b0  q4_first_flag                        
202021b1  q4_lap_count                         
202021b2  readIndex                            
202021b3  writeIndex                           
20207e00  __stack                              
20208000  __STACK_END                          
ffffffff  __TI_pprof_out_hndl                  
ffffffff  __TI_prof_data_size                  
ffffffff  __TI_prof_data_start                 
ffffffff  __binit__                            
ffffffff  binit                                
UNDEFED   __mpu_init                           
UNDEFED   _system_post_cinit                   

[343 symbols]
