<?xml version="1.0" encoding="ISO-8859-1" ?>
<link_info>
   <banner>TI ARM Clang Linker PC v4.0.4.LTS</banner>
   <copyright>Copyright (c) 1996-2018 Texas Instruments Incorporated</copyright>
   <command_line>D:\TI\CSS\ccs\tools\compiler\ti-cgt-armllvm_4.0.4.LTS\bin\tiarmlnk -ID:\TI\CSS\ccs\tools\compiler\ti-cgt-armllvm_4.0.4.LTS\lib -o 2024_H_TI.out -m2024_H_TI.map -iC:/TI/mspm0_sdk_2_10_00_04/source -iD:/Desktop/2024_H_TI/2024_H_TI -iD:/Desktop/2024_H_TI/2024_H_TI/Debug/syscfg -iD:/TI/CSS/ccs/tools/compiler/ti-cgt-armllvm_4.0.4.LTS/lib --diag_wrap=off --display_error_number --warn_sections --xml_link_info=2024_H_TI_linkInfo.xml --rom_model ./empty.o ./ti_msp_dl_config.o ./startup_mspm0g350x_ticlang.o ./Module/ICM45686/I2C_communication.o ./Module/ICM45686/IMU.o ./Module/ICM45686/basic_read_reg.o ./Module/ICM45686/inv_imu_driver.o ./Module/ICM45686/inv_imu_transport.o ./Module/buzzer/buzzer.o ./Module/command/command.o ./Module/encoder/encoder.o ./Module/motor/motor.o ./Module/position/position.o ./Module/question_task/question_task.o ./Module/track/track.o ./Module/turn/turn.o -l./device_linker.cmd -ldevice.cmd.genlibs -llibc.a --start-group -llibc++.a -llibc++abi.a -llibc.a -llibsys.a -llibsysbm.a -llibclang_rt.builtins.a -llibclang_rt.profile.a --end-group --cg_opt_level=0</command_line>
   <link_time>0x6a377bf0</link_time>
   <link_errors>0x0</link_errors>
   <output_file>D:\Desktop\2024_H_TI\2024_H_TI\Debug\2024_H_TI.out</output_file>
   <entry_point>
      <name>_c_int00_noargs</name>
      <address>0x71c5</address>
   </entry_point>
   <input_file_list>
      <input_file id="fl-1">
         <path>D:\Desktop\2024_H_TI\2024_H_TI\Debug\.\</path>
         <kind>object</kind>
         <file>empty.o</file>
         <name>empty.o</name>
      </input_file>
      <input_file id="fl-2">
         <path>D:\Desktop\2024_H_TI\2024_H_TI\Debug\.\</path>
         <kind>object</kind>
         <file>ti_msp_dl_config.o</file>
         <name>ti_msp_dl_config.o</name>
      </input_file>
      <input_file id="fl-3">
         <path>D:\Desktop\2024_H_TI\2024_H_TI\Debug\.\</path>
         <kind>object</kind>
         <file>startup_mspm0g350x_ticlang.o</file>
         <name>startup_mspm0g350x_ticlang.o</name>
      </input_file>
      <input_file id="fl-4">
         <path>D:\Desktop\2024_H_TI\2024_H_TI\Debug\.\Module\ICM45686\</path>
         <kind>object</kind>
         <file>I2C_communication.o</file>
         <name>I2C_communication.o</name>
      </input_file>
      <input_file id="fl-5">
         <path>D:\Desktop\2024_H_TI\2024_H_TI\Debug\.\Module\ICM45686\</path>
         <kind>object</kind>
         <file>IMU.o</file>
         <name>IMU.o</name>
      </input_file>
      <input_file id="fl-6">
         <path>D:\Desktop\2024_H_TI\2024_H_TI\Debug\.\Module\ICM45686\</path>
         <kind>object</kind>
         <file>basic_read_reg.o</file>
         <name>basic_read_reg.o</name>
      </input_file>
      <input_file id="fl-7">
         <path>D:\Desktop\2024_H_TI\2024_H_TI\Debug\.\Module\ICM45686\</path>
         <kind>object</kind>
         <file>inv_imu_driver.o</file>
         <name>inv_imu_driver.o</name>
      </input_file>
      <input_file id="fl-8">
         <path>D:\Desktop\2024_H_TI\2024_H_TI\Debug\.\Module\ICM45686\</path>
         <kind>object</kind>
         <file>inv_imu_transport.o</file>
         <name>inv_imu_transport.o</name>
      </input_file>
      <input_file id="fl-9">
         <path>D:\Desktop\2024_H_TI\2024_H_TI\Debug\.\Module\buzzer\</path>
         <kind>object</kind>
         <file>buzzer.o</file>
         <name>buzzer.o</name>
      </input_file>
      <input_file id="fl-a">
         <path>D:\Desktop\2024_H_TI\2024_H_TI\Debug\.\Module\command\</path>
         <kind>object</kind>
         <file>command.o</file>
         <name>command.o</name>
      </input_file>
      <input_file id="fl-b">
         <path>D:\Desktop\2024_H_TI\2024_H_TI\Debug\.\Module\encoder\</path>
         <kind>object</kind>
         <file>encoder.o</file>
         <name>encoder.o</name>
      </input_file>
      <input_file id="fl-c">
         <path>D:\Desktop\2024_H_TI\2024_H_TI\Debug\.\Module\motor\</path>
         <kind>object</kind>
         <file>motor.o</file>
         <name>motor.o</name>
      </input_file>
      <input_file id="fl-d">
         <path>D:\Desktop\2024_H_TI\2024_H_TI\Debug\.\Module\position\</path>
         <kind>object</kind>
         <file>position.o</file>
         <name>position.o</name>
      </input_file>
      <input_file id="fl-e">
         <path>D:\Desktop\2024_H_TI\2024_H_TI\Debug\.\Module\question_task\</path>
         <kind>object</kind>
         <file>question_task.o</file>
         <name>question_task.o</name>
      </input_file>
      <input_file id="fl-f">
         <path>D:\Desktop\2024_H_TI\2024_H_TI\Debug\.\Module\track\</path>
         <kind>object</kind>
         <file>track.o</file>
         <name>track.o</name>
      </input_file>
      <input_file id="fl-10">
         <path>D:\Desktop\2024_H_TI\2024_H_TI\Debug\.\Module\turn\</path>
         <kind>object</kind>
         <file>turn.o</file>
         <name>turn.o</name>
      </input_file>
      <input_file id="fl-1d">
         <path>D:\Desktop\2024_H_TI\2024_H_TI\Debug\</path>
         <kind>object</kind>
         <file>&lt;internal&gt;</file>
         <name>&lt;internal&gt;</name>
      </input_file>
      <input_file id="fl-1e">
         <path>C:\TI\mspm0_sdk_2_10_00_04\source\ti\driverlib\lib\ticlang\m0p\mspm0g1x0x_g3x0x\</path>
         <kind>archive</kind>
         <file>driverlib.a</file>
         <name>dl_common.o</name>
      </input_file>
      <input_file id="fl-1f">
         <path>C:\TI\mspm0_sdk_2_10_00_04\source\ti\driverlib\lib\ticlang\m0p\mspm0g1x0x_g3x0x\</path>
         <kind>archive</kind>
         <file>driverlib.a</file>
         <name>dl_dma.o</name>
      </input_file>
      <input_file id="fl-20">
         <path>C:\TI\mspm0_sdk_2_10_00_04\source\ti\driverlib\lib\ticlang\m0p\mspm0g1x0x_g3x0x\</path>
         <kind>archive</kind>
         <file>driverlib.a</file>
         <name>dl_i2c.o</name>
      </input_file>
      <input_file id="fl-21">
         <path>C:\TI\mspm0_sdk_2_10_00_04\source\ti\driverlib\lib\ticlang\m0p\mspm0g1x0x_g3x0x\</path>
         <kind>archive</kind>
         <file>driverlib.a</file>
         <name>dl_timer.o</name>
      </input_file>
      <input_file id="fl-22">
         <path>C:\TI\mspm0_sdk_2_10_00_04\source\ti\driverlib\lib\ticlang\m0p\mspm0g1x0x_g3x0x\</path>
         <kind>archive</kind>
         <file>driverlib.a</file>
         <name>dl_uart.o</name>
      </input_file>
      <input_file id="fl-23">
         <path>C:\TI\mspm0_sdk_2_10_00_04\source\ti\driverlib\lib\ticlang\m0p\mspm0g1x0x_g3x0x\</path>
         <kind>archive</kind>
         <file>driverlib.a</file>
         <name>dl_sysctl_mspm0g1x0x_g3x0x.o</name>
      </input_file>
      <input_file id="fl-3a">
         <path>D:\TI\CSS\ccs\tools\compiler\ti-cgt-armllvm_4.0.4.LTS\lib\armv6m-ti-none-eabi\c\</path>
         <kind>archive</kind>
         <file>libc.a</file>
         <name>e_asin.c.obj</name>
      </input_file>
      <input_file id="fl-3b">
         <path>D:\TI\CSS\ccs\tools\compiler\ti-cgt-armllvm_4.0.4.LTS\lib\armv6m-ti-none-eabi\c\</path>
         <kind>archive</kind>
         <file>libc.a</file>
         <name>e_atan2.c.obj</name>
      </input_file>
      <input_file id="fl-3c">
         <path>D:\TI\CSS\ccs\tools\compiler\ti-cgt-armllvm_4.0.4.LTS\lib\armv6m-ti-none-eabi\c\</path>
         <kind>archive</kind>
         <file>libc.a</file>
         <name>e_sqrt.c.obj</name>
      </input_file>
      <input_file id="fl-3d">
         <path>D:\TI\CSS\ccs\tools\compiler\ti-cgt-armllvm_4.0.4.LTS\lib\armv6m-ti-none-eabi\c\</path>
         <kind>archive</kind>
         <file>libc.a</file>
         <name>s_atan.c.obj</name>
      </input_file>
      <input_file id="fl-3e">
         <path>D:\TI\CSS\ccs\tools\compiler\ti-cgt-armllvm_4.0.4.LTS\lib\armv6m-ti-none-eabi\c\</path>
         <kind>archive</kind>
         <file>libc.a</file>
         <name>printf.c.obj</name>
      </input_file>
      <input_file id="fl-3f">
         <path>D:\TI\CSS\ccs\tools\compiler\ti-cgt-armllvm_4.0.4.LTS\lib\armv6m-ti-none-eabi\c\</path>
         <kind>archive</kind>
         <file>libc.a</file>
         <name>_printfi.c.obj</name>
      </input_file>
      <input_file id="fl-40">
         <path>D:\TI\CSS\ccs\tools\compiler\ti-cgt-armllvm_4.0.4.LTS\lib\armv6m-ti-none-eabi\c\</path>
         <kind>archive</kind>
         <file>libc.a</file>
         <name>sprintf.c.obj</name>
      </input_file>
      <input_file id="fl-41">
         <path>D:\TI\CSS\ccs\tools\compiler\ti-cgt-armllvm_4.0.4.LTS\lib\armv6m-ti-none-eabi\c\</path>
         <kind>archive</kind>
         <file>libc.a</file>
         <name>aeabi_portable.c.obj</name>
      </input_file>
      <input_file id="fl-42">
         <path>D:\TI\CSS\ccs\tools\compiler\ti-cgt-armllvm_4.0.4.LTS\lib\armv6m-ti-none-eabi\c\</path>
         <kind>archive</kind>
         <file>libc.a</file>
         <name>_lock.c.obj</name>
      </input_file>
      <input_file id="fl-43">
         <path>D:\TI\CSS\ccs\tools\compiler\ti-cgt-armllvm_4.0.4.LTS\lib\armv6m-ti-none-eabi\c\</path>
         <kind>archive</kind>
         <file>libc.a</file>
         <name>_ltoa.c.obj</name>
      </input_file>
      <input_file id="fl-44">
         <path>D:\TI\CSS\ccs\tools\compiler\ti-cgt-armllvm_4.0.4.LTS\lib\armv6m-ti-none-eabi\c\</path>
         <kind>archive</kind>
         <file>libc.a</file>
         <name>assert.c.obj</name>
      </input_file>
      <input_file id="fl-45">
         <path>D:\TI\CSS\ccs\tools\compiler\ti-cgt-armllvm_4.0.4.LTS\lib\armv6m-ti-none-eabi\c\</path>
         <kind>archive</kind>
         <file>libc.a</file>
         <name>atoi.c.obj</name>
      </input_file>
      <input_file id="fl-46">
         <path>D:\TI\CSS\ccs\tools\compiler\ti-cgt-armllvm_4.0.4.LTS\lib\armv6m-ti-none-eabi\c\</path>
         <kind>archive</kind>
         <file>libc.a</file>
         <name>defs.c.obj</name>
      </input_file>
      <input_file id="fl-47">
         <path>D:\TI\CSS\ccs\tools\compiler\ti-cgt-armllvm_4.0.4.LTS\lib\armv6m-ti-none-eabi\c\</path>
         <kind>archive</kind>
         <file>libc.a</file>
         <name>memccpy.c.obj</name>
      </input_file>
      <input_file id="fl-48">
         <path>D:\TI\CSS\ccs\tools\compiler\ti-cgt-armllvm_4.0.4.LTS\lib\armv6m-ti-none-eabi\c\</path>
         <kind>archive</kind>
         <file>libc.a</file>
         <name>memory.c.obj</name>
      </input_file>
      <input_file id="fl-49">
         <path>D:\TI\CSS\ccs\tools\compiler\ti-cgt-armllvm_4.0.4.LTS\lib\armv6m-ti-none-eabi\c\</path>
         <kind>archive</kind>
         <file>libc.a</file>
         <name>strlen.c.obj</name>
      </input_file>
      <input_file id="fl-4a">
         <path>D:\TI\CSS\ccs\tools\compiler\ti-cgt-armllvm_4.0.4.LTS\lib\armv6m-ti-none-eabi\c\</path>
         <kind>archive</kind>
         <file>libc.a</file>
         <name>boot_cortex_m.c.obj</name>
      </input_file>
      <input_file id="fl-4b">
         <path>D:\TI\CSS\ccs\tools\compiler\ti-cgt-armllvm_4.0.4.LTS\lib\armv6m-ti-none-eabi\c\</path>
         <kind>archive</kind>
         <file>libc.a</file>
         <name>mathacl_init.c.obj</name>
      </input_file>
      <input_file id="fl-4c">
         <path>D:\TI\CSS\ccs\tools\compiler\ti-cgt-armllvm_4.0.4.LTS\lib\armv6m-ti-none-eabi\c\</path>
         <kind>archive</kind>
         <file>libc.a</file>
         <name>autoinit.c.obj</name>
      </input_file>
      <input_file id="fl-4d">
         <path>D:\TI\CSS\ccs\tools\compiler\ti-cgt-armllvm_4.0.4.LTS\lib\armv6m-ti-none-eabi\c\</path>
         <kind>archive</kind>
         <file>libc.a</file>
         <name>pre_init.c.obj</name>
      </input_file>
      <input_file id="fl-4e">
         <path>D:\TI\CSS\ccs\tools\compiler\ti-cgt-armllvm_4.0.4.LTS\lib\armv6m-ti-none-eabi\c\</path>
         <kind>archive</kind>
         <file>libc.a</file>
         <name>cpy_tbl.c.obj</name>
      </input_file>
      <input_file id="fl-4f">
         <path>D:\TI\CSS\ccs\tools\compiler\ti-cgt-armllvm_4.0.4.LTS\lib\armv6m-ti-none-eabi\c\</path>
         <kind>archive</kind>
         <file>libc.a</file>
         <name>copy_zero_init.c.obj</name>
      </input_file>
      <input_file id="fl-50">
         <path>D:\TI\CSS\ccs\tools\compiler\ti-cgt-armllvm_4.0.4.LTS\lib\armv6m-ti-none-eabi\c\</path>
         <kind>archive</kind>
         <file>libc.a</file>
         <name>copy_decompress_none.c.obj</name>
      </input_file>
      <input_file id="fl-51">
         <path>D:\TI\CSS\ccs\tools\compiler\ti-cgt-armllvm_4.0.4.LTS\lib\armv6m-ti-none-eabi\c\</path>
         <kind>archive</kind>
         <file>libc.a</file>
         <name>copy_decompress_lzss.c.obj</name>
      </input_file>
      <input_file id="fl-52">
         <path>D:\TI\CSS\ccs\tools\compiler\ti-cgt-armllvm_4.0.4.LTS\lib\armv6m-ti-none-eabi\c\</path>
         <kind>archive</kind>
         <file>libc.a</file>
         <name>s_frexp.c.obj</name>
      </input_file>
      <input_file id="fl-53">
         <path>D:\TI\CSS\ccs\tools\compiler\ti-cgt-armllvm_4.0.4.LTS\lib\armv6m-ti-none-eabi\c\</path>
         <kind>archive</kind>
         <file>libc.a</file>
         <name>s_scalbn.c.obj</name>
      </input_file>
      <input_file id="fl-54">
         <path>D:\TI\CSS\ccs\tools\compiler\ti-cgt-armllvm_4.0.4.LTS\lib\armv6m-ti-none-eabi\c\</path>
         <kind>archive</kind>
         <file>libc.a</file>
         <name>wcslen.c.obj</name>
      </input_file>
      <input_file id="fl-55">
         <path>D:\TI\CSS\ccs\tools\compiler\ti-cgt-armllvm_4.0.4.LTS\lib\armv6m-ti-none-eabi\c\</path>
         <kind>archive</kind>
         <file>libc.a</file>
         <name>fflush.c.obj</name>
      </input_file>
      <input_file id="fl-56">
         <path>D:\TI\CSS\ccs\tools\compiler\ti-cgt-armllvm_4.0.4.LTS\lib\armv6m-ti-none-eabi\c\</path>
         <kind>archive</kind>
         <file>libc.a</file>
         <name>aeabi_ctype.S.obj</name>
      </input_file>
      <input_file id="fl-57">
         <path>D:\TI\CSS\ccs\tools\compiler\ti-cgt-armllvm_4.0.4.LTS\lib\armv6m-ti-none-eabi\c\</path>
         <kind>archive</kind>
         <file>libc.a</file>
         <name>exit.c.obj</name>
      </input_file>
      <input_file id="fl-58">
         <path>D:\TI\CSS\ccs\tools\compiler\ti-cgt-armllvm_4.0.4.LTS\lib\armv6m-ti-none-eabi\c\</path>
         <kind>archive</kind>
         <file>libc.a</file>
         <name>args_main.c.obj</name>
      </input_file>
      <input_file id="fl-f8">
         <path>D:\TI\CSS\ccs\tools\compiler\ti-cgt-armllvm_4.0.4.LTS\lib\armv6m-ti-none-eabi\c\</path>
         <kind>archive</kind>
         <file>libsysbm.a</file>
         <name>hostexit.c.obj</name>
      </input_file>
      <input_file id="fl-f9">
         <path>D:\TI\CSS\ccs\tools\compiler\ti-cgt-armllvm_4.0.4.LTS\lib\armv6m-ti-none-eabi\c\</path>
         <kind>archive</kind>
         <file>libsysbm.a</file>
         <name>write.c.obj</name>
      </input_file>
      <input_file id="fl-fa">
         <path>D:\TI\CSS\ccs\tools\compiler\ti-cgt-armllvm_4.0.4.LTS\lib\armv6m-ti-none-eabi\c\</path>
         <kind>archive</kind>
         <file>libsysbm.a</file>
         <name>host_device.c.obj</name>
      </input_file>
      <input_file id="fl-fb">
         <path>D:\TI\CSS\ccs\tools\compiler\ti-cgt-armllvm_4.0.4.LTS\lib\armv6m-ti-none-eabi\c\</path>
         <kind>archive</kind>
         <file>libsysbm.a</file>
         <name>hostclose.c.obj</name>
      </input_file>
      <input_file id="fl-fc">
         <path>D:\TI\CSS\ccs\tools\compiler\ti-cgt-armllvm_4.0.4.LTS\lib\armv6m-ti-none-eabi\c\</path>
         <kind>archive</kind>
         <file>libsysbm.a</file>
         <name>hostlseek.c.obj</name>
      </input_file>
      <input_file id="fl-fd">
         <path>D:\TI\CSS\ccs\tools\compiler\ti-cgt-armllvm_4.0.4.LTS\lib\armv6m-ti-none-eabi\c\</path>
         <kind>archive</kind>
         <file>libsysbm.a</file>
         <name>hostopen.c.obj</name>
      </input_file>
      <input_file id="fl-fe">
         <path>D:\TI\CSS\ccs\tools\compiler\ti-cgt-armllvm_4.0.4.LTS\lib\armv6m-ti-none-eabi\c\</path>
         <kind>archive</kind>
         <file>libsysbm.a</file>
         <name>hostread.c.obj</name>
      </input_file>
      <input_file id="fl-ff">
         <path>D:\TI\CSS\ccs\tools\compiler\ti-cgt-armllvm_4.0.4.LTS\lib\armv6m-ti-none-eabi\c\</path>
         <kind>archive</kind>
         <file>libsysbm.a</file>
         <name>hostrename.c.obj</name>
      </input_file>
      <input_file id="fl-100">
         <path>D:\TI\CSS\ccs\tools\compiler\ti-cgt-armllvm_4.0.4.LTS\lib\armv6m-ti-none-eabi\c\</path>
         <kind>archive</kind>
         <file>libsysbm.a</file>
         <name>hostunlink.c.obj</name>
      </input_file>
      <input_file id="fl-101">
         <path>D:\TI\CSS\ccs\tools\compiler\ti-cgt-armllvm_4.0.4.LTS\lib\armv6m-ti-none-eabi\c\</path>
         <kind>archive</kind>
         <file>libsysbm.a</file>
         <name>hostwrite.c.obj</name>
      </input_file>
      <input_file id="fl-102">
         <path>D:\TI\CSS\ccs\tools\compiler\ti-cgt-armllvm_4.0.4.LTS\lib\armv6m-ti-none-eabi\c\</path>
         <kind>archive</kind>
         <file>libsysbm.a</file>
         <name>trgmsg.c.obj</name>
      </input_file>
      <input_file id="fl-103">
         <path>D:\TI\CSS\ccs\tools\compiler\ti-cgt-armllvm_4.0.4.LTS\lib\armv6m-ti-none-eabi\</path>
         <kind>archive</kind>
         <file>libclang_rt.builtins.a</file>
         <name>addsf3.S.obj</name>
      </input_file>
      <input_file id="fl-104">
         <path>D:\TI\CSS\ccs\tools\compiler\ti-cgt-armllvm_4.0.4.LTS\lib\armv6m-ti-none-eabi\</path>
         <kind>archive</kind>
         <file>libclang_rt.builtins.a</file>
         <name>adddf3.S.obj</name>
      </input_file>
      <input_file id="fl-105">
         <path>D:\TI\CSS\ccs\tools\compiler\ti-cgt-armllvm_4.0.4.LTS\lib\armv6m-ti-none-eabi\</path>
         <kind>archive</kind>
         <file>libclang_rt.builtins.a</file>
         <name>muldf3.S.obj</name>
      </input_file>
      <input_file id="fl-106">
         <path>D:\TI\CSS\ccs\tools\compiler\ti-cgt-armllvm_4.0.4.LTS\lib\armv6m-ti-none-eabi\</path>
         <kind>archive</kind>
         <file>libclang_rt.builtins.a</file>
         <name>muldsi3.S.obj</name>
      </input_file>
      <input_file id="fl-107">
         <path>D:\TI\CSS\ccs\tools\compiler\ti-cgt-armllvm_4.0.4.LTS\lib\armv6m-ti-none-eabi\</path>
         <kind>archive</kind>
         <file>libclang_rt.builtins.a</file>
         <name>mulsf3.S.obj</name>
      </input_file>
      <input_file id="fl-108">
         <path>D:\TI\CSS\ccs\tools\compiler\ti-cgt-armllvm_4.0.4.LTS\lib\armv6m-ti-none-eabi\</path>
         <kind>archive</kind>
         <file>libclang_rt.builtins.a</file>
         <name>divsf3.S.obj</name>
      </input_file>
      <input_file id="fl-109">
         <path>D:\TI\CSS\ccs\tools\compiler\ti-cgt-armllvm_4.0.4.LTS\lib\armv6m-ti-none-eabi\</path>
         <kind>archive</kind>
         <file>libclang_rt.builtins.a</file>
         <name>divdf3.S.obj</name>
      </input_file>
      <input_file id="fl-10a">
         <path>D:\TI\CSS\ccs\tools\compiler\ti-cgt-armllvm_4.0.4.LTS\lib\armv6m-ti-none-eabi\</path>
         <kind>archive</kind>
         <file>libclang_rt.builtins.a</file>
         <name>extendsfdf2.S.obj</name>
      </input_file>
      <input_file id="fl-10b">
         <path>D:\TI\CSS\ccs\tools\compiler\ti-cgt-armllvm_4.0.4.LTS\lib\armv6m-ti-none-eabi\</path>
         <kind>archive</kind>
         <file>libclang_rt.builtins.a</file>
         <name>fixdfsi.S.obj</name>
      </input_file>
      <input_file id="fl-10c">
         <path>D:\TI\CSS\ccs\tools\compiler\ti-cgt-armllvm_4.0.4.LTS\lib\armv6m-ti-none-eabi\</path>
         <kind>archive</kind>
         <file>libclang_rt.builtins.a</file>
         <name>fixsfsi.S.obj</name>
      </input_file>
      <input_file id="fl-10d">
         <path>D:\TI\CSS\ccs\tools\compiler\ti-cgt-armllvm_4.0.4.LTS\lib\armv6m-ti-none-eabi\</path>
         <kind>archive</kind>
         <file>libclang_rt.builtins.a</file>
         <name>floatsidf.S.obj</name>
      </input_file>
      <input_file id="fl-10e">
         <path>D:\TI\CSS\ccs\tools\compiler\ti-cgt-armllvm_4.0.4.LTS\lib\armv6m-ti-none-eabi\</path>
         <kind>archive</kind>
         <file>libclang_rt.builtins.a</file>
         <name>floatsisf.S.obj</name>
      </input_file>
      <input_file id="fl-10f">
         <path>D:\TI\CSS\ccs\tools\compiler\ti-cgt-armllvm_4.0.4.LTS\lib\armv6m-ti-none-eabi\</path>
         <kind>archive</kind>
         <file>libclang_rt.builtins.a</file>
         <name>floatunsidf.S.obj</name>
      </input_file>
      <input_file id="fl-110">
         <path>D:\TI\CSS\ccs\tools\compiler\ti-cgt-armllvm_4.0.4.LTS\lib\armv6m-ti-none-eabi\</path>
         <kind>archive</kind>
         <file>libclang_rt.builtins.a</file>
         <name>floatunsisf.S.obj</name>
      </input_file>
      <input_file id="fl-111">
         <path>D:\TI\CSS\ccs\tools\compiler\ti-cgt-armllvm_4.0.4.LTS\lib\armv6m-ti-none-eabi\</path>
         <kind>archive</kind>
         <file>libclang_rt.builtins.a</file>
         <name>muldi3.S.obj</name>
      </input_file>
      <input_file id="fl-112">
         <path>D:\TI\CSS\ccs\tools\compiler\ti-cgt-armllvm_4.0.4.LTS\lib\armv6m-ti-none-eabi\</path>
         <kind>archive</kind>
         <file>libclang_rt.builtins.a</file>
         <name>truncdfsf2.S.obj</name>
      </input_file>
      <input_file id="fl-113">
         <path>D:\TI\CSS\ccs\tools\compiler\ti-cgt-armllvm_4.0.4.LTS\lib\armv6m-ti-none-eabi\</path>
         <kind>archive</kind>
         <file>libclang_rt.builtins.a</file>
         <name>aeabi_dcmp.S.obj</name>
      </input_file>
      <input_file id="fl-114">
         <path>D:\TI\CSS\ccs\tools\compiler\ti-cgt-armllvm_4.0.4.LTS\lib\armv6m-ti-none-eabi\</path>
         <kind>archive</kind>
         <file>libclang_rt.builtins.a</file>
         <name>aeabi_fcmp.S.obj</name>
      </input_file>
      <input_file id="fl-115">
         <path>D:\TI\CSS\ccs\tools\compiler\ti-cgt-armllvm_4.0.4.LTS\lib\armv6m-ti-none-eabi\</path>
         <kind>archive</kind>
         <file>libclang_rt.builtins.a</file>
         <name>aeabi_idivmod.S.obj</name>
      </input_file>
      <input_file id="fl-116">
         <path>D:\TI\CSS\ccs\tools\compiler\ti-cgt-armllvm_4.0.4.LTS\lib\armv6m-ti-none-eabi\</path>
         <kind>archive</kind>
         <file>libclang_rt.builtins.a</file>
         <name>aeabi_memcpy.S.obj</name>
      </input_file>
      <input_file id="fl-117">
         <path>D:\TI\CSS\ccs\tools\compiler\ti-cgt-armllvm_4.0.4.LTS\lib\armv6m-ti-none-eabi\</path>
         <kind>archive</kind>
         <file>libclang_rt.builtins.a</file>
         <name>aeabi_memset.S.obj</name>
      </input_file>
      <input_file id="fl-118">
         <path>D:\TI\CSS\ccs\tools\compiler\ti-cgt-armllvm_4.0.4.LTS\lib\armv6m-ti-none-eabi\</path>
         <kind>archive</kind>
         <file>libclang_rt.builtins.a</file>
         <name>aeabi_uidivmod.S.obj</name>
      </input_file>
      <input_file id="fl-119">
         <path>D:\TI\CSS\ccs\tools\compiler\ti-cgt-armllvm_4.0.4.LTS\lib\armv6m-ti-none-eabi\</path>
         <kind>archive</kind>
         <file>libclang_rt.builtins.a</file>
         <name>aeabi_uldivmod.S.obj</name>
      </input_file>
      <input_file id="fl-11a">
         <path>D:\TI\CSS\ccs\tools\compiler\ti-cgt-armllvm_4.0.4.LTS\lib\armv6m-ti-none-eabi\</path>
         <kind>archive</kind>
         <file>libclang_rt.builtins.a</file>
         <name>comparesf2.S.obj</name>
      </input_file>
      <input_file id="fl-11b">
         <path>D:\TI\CSS\ccs\tools\compiler\ti-cgt-armllvm_4.0.4.LTS\lib\armv6m-ti-none-eabi\</path>
         <kind>archive</kind>
         <file>libclang_rt.builtins.a</file>
         <name>udivmoddi4.S.obj</name>
      </input_file>
      <input_file id="fl-11c">
         <path>D:\TI\CSS\ccs\tools\compiler\ti-cgt-armllvm_4.0.4.LTS\lib\armv6m-ti-none-eabi\</path>
         <kind>archive</kind>
         <file>libclang_rt.builtins.a</file>
         <name>ashldi3.S.obj</name>
      </input_file>
      <input_file id="fl-11d">
         <path>D:\TI\CSS\ccs\tools\compiler\ti-cgt-armllvm_4.0.4.LTS\lib\armv6m-ti-none-eabi\</path>
         <kind>archive</kind>
         <file>libclang_rt.builtins.a</file>
         <name>comparedf2.c.obj</name>
      </input_file>
      <input_file id="fl-11e">
         <path>D:\TI\CSS\ccs\tools\compiler\ti-cgt-armllvm_4.0.4.LTS\lib\armv6m-ti-none-eabi\</path>
         <kind>archive</kind>
         <file>libclang_rt.builtins.a</file>
         <name>aeabi_div0.c.obj</name>
      </input_file>
      <input_file id="fl-11f">
         <path>D:\TI\CSS\ccs\tools\compiler\ti-cgt-armllvm_4.0.4.LTS\lib\armv6m-ti-none-eabi\c\</path>
         <kind>archive</kind>
         <file>libc.a</file>
         <name>memcpy16.S.obj</name>
      </input_file>
      <input_file id="fl-120">
         <path>D:\TI\CSS\ccs\tools\compiler\ti-cgt-armllvm_4.0.4.LTS\lib\armv6m-ti-none-eabi\c\</path>
         <kind>archive</kind>
         <file>libc.a</file>
         <name>memset16.S.obj</name>
      </input_file>
   </input_file_list>
   <object_component_list>
      <object_component id="oc-18">
         <name>.intvecs</name>
         <load_address>0x0</load_address>
         <readonly>true</readonly>
         <run_address>0x0</run_address>
         <size>0xc0</size>
         <alignment>0x4</alignment>
         <input_file_ref idref="fl-3"/>
      </object_component>
      <object_component id="oc-24b">
         <name>.text:__TI_printfi</name>
         <load_address>0xc0</load_address>
         <readonly>true</readonly>
         <executable>true</executable>
         <run_address>0xc0</run_address>
         <size>0x9d0</size>
         <alignment>0x4</alignment>
         <input_file_ref idref="fl-3f"/>
      </object_component>
      <object_component id="oc-27f">
         <name>.text.IMU_AHRSupdate</name>
         <load_address>0xa90</load_address>
         <readonly>true</readonly>
         <executable>true</executable>
         <run_address>0xa90</run_address>
         <size>0x62c</size>
         <alignment>0x4</alignment>
         <input_file_ref idref="fl-5"/>
      </object_component>
      <object_component id="oc-138">
         <name>.text.setup_imu</name>
         <load_address>0x10bc</load_address>
         <readonly>true</readonly>
         <executable>true</executable>
         <run_address>0x10bc</run_address>
         <size>0x3a0</size>
         <alignment>0x4</alignment>
         <input_file_ref idref="fl-6"/>
      </object_component>
      <object_component id="oc-1a6">
         <name>.text.asin</name>
         <load_address>0x145c</load_address>
         <readonly>true</readonly>
         <executable>true</executable>
         <run_address>0x145c</run_address>
         <size>0x364</size>
         <alignment>0x4</alignment>
         <input_file_ref idref="fl-3a"/>
      </object_component>
      <object_component id="oc-283">
         <name>.text.atan</name>
         <load_address>0x17c0</load_address>
         <readonly>true</readonly>
         <executable>true</executable>
         <run_address>0x17c0</run_address>
         <size>0x2f8</size>
         <alignment>0x4</alignment>
         <input_file_ref idref="fl-3d"/>
      </object_component>
      <object_component id="oc-306">
         <name>.text.calGyroVariance</name>
         <load_address>0x1ab8</load_address>
         <readonly>true</readonly>
         <executable>true</executable>
         <run_address>0x1ab8</run_address>
         <size>0x2e0</size>
         <alignment>0x4</alignment>
         <input_file_ref idref="fl-5"/>
      </object_component>
      <object_component id="oc-9a">
         <name>.text.main</name>
         <load_address>0x1d98</load_address>
         <readonly>true</readonly>
         <executable>true</executable>
         <run_address>0x1d98</run_address>
         <size>0x228</size>
         <alignment>0x4</alignment>
         <input_file_ref idref="fl-1"/>
      </object_component>
      <object_component id="oc-2f2">
         <name>.text._pconv_a</name>
         <load_address>0x1fc0</load_address>
         <readonly>true</readonly>
         <executable>true</executable>
         <run_address>0x1fc0</run_address>
         <size>0x220</size>
         <alignment>0x4</alignment>
         <input_file_ref idref="fl-3f"/>
      </object_component>
      <object_component id="oc-120">
         <name>.text.SYSCFG_DL_GPIO_init</name>
         <load_address>0x21e0</load_address>
         <readonly>true</readonly>
         <executable>true</executable>
         <run_address>0x21e0</run_address>
         <size>0x208</size>
         <alignment>0x4</alignment>
         <input_file_ref idref="fl-2"/>
      </object_component>
      <object_component id="oc-34">
         <name>.text.GROUP1_IRQHandler</name>
         <load_address>0x23e8</load_address>
         <readonly>true</readonly>
         <executable>true</executable>
         <run_address>0x23e8</run_address>
         <size>0x1dc</size>
         <alignment>0x4</alignment>
         <input_file_ref idref="fl-b"/>
      </object_component>
      <object_component id="oc-2f3">
         <name>.text._pconv_g</name>
         <load_address>0x25c4</load_address>
         <readonly>true</readonly>
         <executable>true</executable>
         <run_address>0x25c4</run_address>
         <size>0x1dc</size>
         <alignment>0x4</alignment>
         <input_file_ref idref="fl-3f"/>
      </object_component>
      <object_component id="oc-e8">
         <name>.text.question4_task</name>
         <load_address>0x27a0</load_address>
         <readonly>true</readonly>
         <executable>true</executable>
         <run_address>0x27a0</run_address>
         <size>0x1d8</size>
         <alignment>0x4</alignment>
         <input_file_ref idref="fl-e"/>
      </object_component>
      <object_component id="oc-266">
         <name>.text.track_get_error</name>
         <load_address>0x2978</load_address>
         <readonly>true</readonly>
         <executable>true</executable>
         <run_address>0x2978</run_address>
         <size>0x1d0</size>
         <alignment>0x4</alignment>
         <input_file_ref idref="fl-f"/>
      </object_component>
      <object_component id="oc-ef">
         <name>.text.IMU_getYawPitchRoll</name>
         <load_address>0x2b48</load_address>
         <readonly>true</readonly>
         <executable>true</executable>
         <run_address>0x2b48</run_address>
         <size>0x1a8</size>
         <alignment>0x4</alignment>
         <input_file_ref idref="fl-5"/>
      </object_component>
      <object_component id="oc-e7">
         <name>.text.question3_task</name>
         <load_address>0x2cf0</load_address>
         <readonly>true</readonly>
         <executable>true</executable>
         <run_address>0x2cf0</run_address>
         <size>0x1a8</size>
         <alignment>0x4</alignment>
         <input_file_ref idref="fl-e"/>
      </object_component>
      <object_component id="oc-189">
         <name>.text.adddf3_subdf3</name>
         <load_address>0x2e98</load_address>
         <readonly>true</readonly>
         <executable>true</executable>
         <run_address>0x2e98</run_address>
         <size>0x192</size>
         <alignment>0x4</alignment>
         <input_file_ref idref="fl-104"/>
      </object_component>
      <object_component id="oc-31b">
         <name>.text.__aeabi_idiv0</name>
         <load_address>0x302a</load_address>
         <readonly>true</readonly>
         <executable>true</executable>
         <run_address>0x302a</run_address>
         <size>0x2</size>
         <alignment>0x2</alignment>
         <input_file_ref idref="fl-11e"/>
      </object_component>
      <object_component id="oc-19e">
         <name>.text.atan2</name>
         <load_address>0x302c</load_address>
         <readonly>true</readonly>
         <executable>true</executable>
         <run_address>0x302c</run_address>
         <size>0x188</size>
         <alignment>0x4</alignment>
         <input_file_ref idref="fl-3b"/>
      </object_component>
      <object_component id="oc-175">
         <name>.text.turn_control_get_distance</name>
         <load_address>0x31b4</load_address>
         <readonly>true</readonly>
         <executable>true</executable>
         <run_address>0x31b4</run_address>
         <size>0x184</size>
         <alignment>0x4</alignment>
         <input_file_ref idref="fl-10"/>
      </object_component>
      <object_component id="oc-294">
         <name>.text.sqrt</name>
         <load_address>0x3338</load_address>
         <readonly>true</readonly>
         <executable>true</executable>
         <run_address>0x3338</run_address>
         <size>0x170</size>
         <alignment>0x4</alignment>
         <input_file_ref idref="fl-3c"/>
      </object_component>
      <object_component id="oc-16a">
         <name>.text.turn_control</name>
         <load_address>0x34a8</load_address>
         <readonly>true</readonly>
         <executable>true</executable>
         <run_address>0x34a8</run_address>
         <size>0x170</size>
         <alignment>0x4</alignment>
         <input_file_ref idref="fl-10"/>
      </object_component>
      <object_component id="oc-305">
         <name>.text.bsp_IcmGetRawData</name>
         <load_address>0x3618</load_address>
         <readonly>true</readonly>
         <executable>true</executable>
         <run_address>0x3618</run_address>
         <size>0x16c</size>
         <alignment>0x4</alignment>
         <input_file_ref idref="fl-6"/>
      </object_component>
      <object_component id="oc-227">
         <name>.text.inv_imu_set_config_int</name>
         <load_address>0x3784</load_address>
         <readonly>true</readonly>
         <executable>true</executable>
         <run_address>0x3784</run_address>
         <size>0x156</size>
         <alignment>0x2</alignment>
         <input_file_ref idref="fl-7"/>
      </object_component>
      <object_component id="oc-361">
         <name>.text.__aeabi_ldiv0</name>
         <load_address>0x38da</load_address>
         <readonly>true</readonly>
         <executable>true</executable>
         <run_address>0x38da</run_address>
         <size>0x2</size>
         <alignment>0x2</alignment>
         <input_file_ref idref="fl-11e"/>
      </object_component>
      <object_component id="oc-353">
         <name>.text.fcvt</name>
         <load_address>0x38dc</load_address>
         <readonly>true</readonly>
         <executable>true</executable>
         <run_address>0x38dc</run_address>
         <size>0x13c</size>
         <alignment>0x4</alignment>
         <input_file_ref idref="fl-3f"/>
      </object_component>
      <object_component id="oc-e6">
         <name>.text.question2_task</name>
         <load_address>0x3a18</load_address>
         <readonly>true</readonly>
         <executable>true</executable>
         <run_address>0x3a18</run_address>
         <size>0x134</size>
         <alignment>0x4</alignment>
         <input_file_ref idref="fl-e"/>
      </object_component>
      <object_component id="oc-16f">
         <name>.text.track_read</name>
         <load_address>0x3b4c</load_address>
         <readonly>true</readonly>
         <executable>true</executable>
         <run_address>0x3b4c</run_address>
         <size>0x134</size>
         <alignment>0x4</alignment>
         <input_file_ref idref="fl-f"/>
      </object_component>
      <object_component id="oc-3f">
         <name>.text.I2C0_IRQHandler</name>
         <load_address>0x3c80</load_address>
         <readonly>true</readonly>
         <executable>true</executable>
         <run_address>0x3c80</run_address>
         <size>0x12c</size>
         <alignment>0x4</alignment>
         <input_file_ref idref="fl-4"/>
      </object_component>
      <object_component id="oc-2f5">
         <name>.text._pconv_e</name>
         <load_address>0x3dac</load_address>
         <readonly>true</readonly>
         <executable>true</executable>
         <run_address>0x3dac</run_address>
         <size>0x120</size>
         <alignment>0x4</alignment>
         <input_file_ref idref="fl-3f"/>
      </object_component>
      <object_component id="oc-357">
         <name>.text.inv_imu_get_register_data</name>
         <load_address>0x3ecc</load_address>
         <readonly>true</readonly>
         <executable>true</executable>
         <run_address>0x3ecc</run_address>
         <size>0x112</size>
         <alignment>0x2</alignment>
         <input_file_ref idref="fl-7"/>
      </object_component>
      <object_component id="oc-29f">
         <name>.text._nop</name>
         <load_address>0x3fde</load_address>
         <readonly>true</readonly>
         <executable>true</executable>
         <run_address>0x3fde</run_address>
         <size>0x2</size>
         <alignment>0x2</alignment>
         <input_file_ref idref="fl-42"/>
      </object_component>
      <object_component id="oc-27e">
         <name>.text.IMU_getValues</name>
         <load_address>0x3fe0</load_address>
         <readonly>true</readonly>
         <executable>true</executable>
         <run_address>0x3fe0</run_address>
         <size>0x110</size>
         <alignment>0x4</alignment>
         <input_file_ref idref="fl-5"/>
      </object_component>
      <object_component id="oc-185">
         <name>.text.__divdf3</name>
         <load_address>0x40f0</load_address>
         <readonly>true</readonly>
         <executable>true</executable>
         <run_address>0x40f0</run_address>
         <size>0x10c</size>
         <alignment>0x4</alignment>
         <input_file_ref idref="fl-109"/>
      </object_component>
      <object_component id="oc-1ec">
         <name>.text.DL_Timer_initFourCCPWMMode</name>
         <load_address>0x41fc</load_address>
         <readonly>true</readonly>
         <executable>true</executable>
         <run_address>0x41fc</run_address>
         <size>0x104</size>
         <alignment>0x4</alignment>
         <input_file_ref idref="fl-21"/>
      </object_component>
      <object_component id="oc-1f7">
         <name>.text.DL_Timer_initTimerMode</name>
         <load_address>0x4300</load_address>
         <readonly>true</readonly>
         <executable>true</executable>
         <run_address>0x4300</run_address>
         <size>0xfc</size>
         <alignment>0x4</alignment>
         <input_file_ref idref="fl-21"/>
      </object_component>
      <object_component id="oc-174">
         <name>.text.track_control</name>
         <load_address>0x43fc</load_address>
         <readonly>true</readonly>
         <executable>true</executable>
         <run_address>0x43fc</run_address>
         <size>0xf4</size>
         <alignment>0x4</alignment>
         <input_file_ref idref="fl-f"/>
      </object_component>
      <object_component id="oc-14f">
         <name>.text.Command_GetCommand</name>
         <load_address>0x44f0</load_address>
         <readonly>true</readonly>
         <executable>true</executable>
         <run_address>0x44f0</run_address>
         <size>0xf0</size>
         <alignment>0x4</alignment>
         <input_file_ref idref="fl-a"/>
      </object_component>
      <object_component id="oc-1df">
         <name>.text.SYSCFG_DL_SYSCTL_SYSPLL_init</name>
         <load_address>0x45e0</load_address>
         <readonly>true</readonly>
         <executable>true</executable>
         <run_address>0x45e0</run_address>
         <size>0xe8</size>
         <alignment>0x4</alignment>
         <input_file_ref idref="fl-2"/>
      </object_component>
      <object_component id="oc-181">
         <name>.text.__muldf3</name>
         <load_address>0x46c8</load_address>
         <readonly>true</readonly>
         <executable>true</executable>
         <run_address>0x46c8</run_address>
         <size>0xe4</size>
         <alignment>0x4</alignment>
         <input_file_ref idref="fl-105"/>
      </object_component>
      <object_component id="oc-1de">
         <name>.text.DL_SYSCTL_configSYSPLL</name>
         <load_address>0x47ac</load_address>
         <readonly>true</readonly>
         <executable>true</executable>
         <run_address>0x47ac</run_address>
         <size>0xdc</size>
         <alignment>0x4</alignment>
         <input_file_ref idref="fl-23"/>
      </object_component>
      <object_component id="oc-195">
         <name>.text.IMU_getQ</name>
         <load_address>0x4888</load_address>
         <readonly>true</readonly>
         <executable>true</executable>
         <run_address>0x4888</run_address>
         <size>0xd8</size>
         <alignment>0x4</alignment>
         <input_file_ref idref="fl-5"/>
      </object_component>
      <object_component id="oc-342">
         <name>.text.scalbn</name>
         <load_address>0x4960</load_address>
         <readonly>true</readonly>
         <executable>true</executable>
         <run_address>0x4960</run_address>
         <size>0xd8</size>
         <alignment>0x4</alignment>
         <input_file_ref idref="fl-53"/>
      </object_component>
      <object_component id="oc-196">
         <name>.text</name>
         <load_address>0x4a38</load_address>
         <readonly>true</readonly>
         <executable>true</executable>
         <run_address>0x4a38</run_address>
         <size>0xd8</size>
         <alignment>0x4</alignment>
         <input_file_ref idref="fl-103"/>
      </object_component>
      <object_component id="oc-225">
         <name>.text.inv_imu_soft_reset</name>
         <load_address>0x4b10</load_address>
         <readonly>true</readonly>
         <executable>true</executable>
         <run_address>0x4b10</run_address>
         <size>0xc6</size>
         <alignment>0x2</alignment>
         <input_file_ref idref="fl-7"/>
      </object_component>
      <object_component id="oc-2d1">
         <name>.text.I2C_ReadReg</name>
         <load_address>0x4bd8</load_address>
         <readonly>true</readonly>
         <executable>true</executable>
         <run_address>0x4bd8</run_address>
         <size>0xc4</size>
         <alignment>0x4</alignment>
         <input_file_ref idref="fl-4"/>
      </object_component>
      <object_component id="oc-32b">
         <name>.text.I2C_WriteReg</name>
         <load_address>0x4c9c</load_address>
         <readonly>true</readonly>
         <executable>true</executable>
         <run_address>0x4c9c</run_address>
         <size>0xc0</size>
         <alignment>0x4</alignment>
         <input_file_ref idref="fl-4"/>
      </object_component>
      <object_component id="oc-2c2">
         <name>.text.write_mreg</name>
         <load_address>0x4d5c</load_address>
         <readonly>true</readonly>
         <executable>true</executable>
         <run_address>0x4d5c</run_address>
         <size>0xbc</size>
         <alignment>0x2</alignment>
         <input_file_ref idref="fl-8"/>
      </object_component>
      <object_component id="oc-325">
         <name>.text.check_out_of_bounds_mreg</name>
         <load_address>0x4e18</load_address>
         <readonly>true</readonly>
         <executable>true</executable>
         <run_address>0x4e18</run_address>
         <size>0xba</size>
         <alignment>0x2</alignment>
         <input_file_ref idref="fl-8"/>
      </object_component>
      <object_component id="oc-70">
         <name>.text.Command_Write</name>
         <load_address>0x4ed4</load_address>
         <readonly>true</readonly>
         <executable>true</executable>
         <run_address>0x4ed4</run_address>
         <size>0xac</size>
         <alignment>0x4</alignment>
         <input_file_ref idref="fl-a"/>
      </object_component>
      <object_component id="oc-326">
         <name>.text.read_mreg</name>
         <load_address>0x4f80</load_address>
         <readonly>true</readonly>
         <executable>true</executable>
         <run_address>0x4f80</run_address>
         <size>0xac</size>
         <alignment>0x2</alignment>
         <input_file_ref idref="fl-8"/>
      </object_component>
      <object_component id="oc-e9">
         <name>.text.encoder_get_speed_left</name>
         <load_address>0x502c</load_address>
         <readonly>true</readonly>
         <executable>true</executable>
         <run_address>0x502c</run_address>
         <size>0xa8</size>
         <alignment>0x4</alignment>
         <input_file_ref idref="fl-b"/>
      </object_component>
      <object_component id="oc-ea">
         <name>.text.encoder_get_speed_right</name>
         <load_address>0x50d4</load_address>
         <readonly>true</readonly>
         <executable>true</executable>
         <run_address>0x50d4</run_address>
         <size>0xa8</size>
         <alignment>0x4</alignment>
         <input_file_ref idref="fl-b"/>
      </object_component>
      <object_component id="oc-226">
         <name>.text.inv_imu_set_pin_config_int</name>
         <load_address>0x517c</load_address>
         <readonly>true</readonly>
         <executable>true</executable>
         <run_address>0x517c</run_address>
         <size>0xa2</size>
         <alignment>0x2</alignment>
         <input_file_ref idref="fl-7"/>
      </object_component>
      <object_component id="oc-339">
         <name>.text</name>
         <load_address>0x5220</load_address>
         <readonly>true</readonly>
         <executable>true</executable>
         <run_address>0x5220</run_address>
         <size>0xa2</size>
         <alignment>0x4</alignment>
         <input_file_ref idref="fl-11b"/>
      </object_component>
      <object_component id="oc-11f">
         <name>.text.SYSCFG_DL_initPower</name>
         <load_address>0x52c4</load_address>
         <readonly>true</readonly>
         <executable>true</executable>
         <run_address>0x52c4</run_address>
         <size>0xa0</size>
         <alignment>0x4</alignment>
         <input_file_ref idref="fl-2"/>
      </object_component>
      <object_component id="oc-21f">
         <name>.text.si_print_error_if_any</name>
         <load_address>0x5364</load_address>
         <readonly>true</readonly>
         <executable>true</executable>
         <run_address>0x5364</run_address>
         <size>0xa0</size>
         <alignment>0x4</alignment>
         <input_file_ref idref="fl-6"/>
      </object_component>
      <object_component id="oc-162">
         <name>.text.velocity_pi_calc</name>
         <load_address>0x5404</load_address>
         <readonly>true</readonly>
         <executable>true</executable>
         <run_address>0x5404</run_address>
         <size>0x98</size>
         <alignment>0x4</alignment>
         <input_file_ref idref="fl-b"/>
      </object_component>
      <object_component id="oc-257">
         <name>.text.motor_set_left_speed</name>
         <load_address>0x549c</load_address>
         <readonly>true</readonly>
         <executable>true</executable>
         <run_address>0x549c</run_address>
         <size>0x94</size>
         <alignment>0x4</alignment>
         <input_file_ref idref="fl-c"/>
      </object_component>
      <object_component id="oc-267">
         <name>.text.track_pd_calc</name>
         <load_address>0x5530</load_address>
         <readonly>true</readonly>
         <executable>true</executable>
         <run_address>0x5530</run_address>
         <size>0x94</size>
         <alignment>0x4</alignment>
         <input_file_ref idref="fl-f"/>
      </object_component>
      <object_component id="oc-19a">
         <name>.text.__mulsf3</name>
         <load_address>0x55c4</load_address>
         <readonly>true</readonly>
         <executable>true</executable>
         <run_address>0x55c4</run_address>
         <size>0x8c</size>
         <alignment>0x4</alignment>
         <input_file_ref idref="fl-107"/>
      </object_component>
      <object_component id="oc-258">
         <name>.text.motor_set_right_speed</name>
         <load_address>0x5650</load_address>
         <readonly>true</readonly>
         <executable>true</executable>
         <run_address>0x5650</run_address>
         <size>0x88</size>
         <alignment>0x4</alignment>
         <input_file_ref idref="fl-c"/>
      </object_component>
      <object_component id="oc-d3">
         <name>.text.Command_GetResult</name>
         <load_address>0x56d8</load_address>
         <readonly>true</readonly>
         <executable>true</executable>
         <run_address>0x56d8</run_address>
         <size>0x84</size>
         <alignment>0x4</alignment>
         <input_file_ref idref="fl-a"/>
      </object_component>
      <object_component id="oc-26a">
         <name>.text.__divsf3</name>
         <load_address>0x575c</load_address>
         <readonly>true</readonly>
         <executable>true</executable>
         <run_address>0x575c</run_address>
         <size>0x82</size>
         <alignment>0x4</alignment>
         <input_file_ref idref="fl-108"/>
      </object_component>
      <object_component id="oc-e5">
         <name>.text.question1_task</name>
         <load_address>0x57e0</load_address>
         <readonly>true</readonly>
         <executable>true</executable>
         <run_address>0x57e0</run_address>
         <size>0x80</size>
         <alignment>0x4</alignment>
         <input_file_ref idref="fl-e"/>
      </object_component>
      <object_component id="oc-25f">
         <name>.text.turn_pd_calc</name>
         <load_address>0x5860</load_address>
         <readonly>true</readonly>
         <executable>true</executable>
         <run_address>0x5860</run_address>
         <size>0x80</size>
         <alignment>0x4</alignment>
         <input_file_ref idref="fl-10"/>
      </object_component>
      <object_component id="oc-30a">
         <name>.text.invSqrt1</name>
         <load_address>0x58e0</load_address>
         <readonly>true</readonly>
         <executable>true</executable>
         <run_address>0x58e0</run_address>
         <size>0x7c</size>
         <alignment>0x4</alignment>
         <input_file_ref idref="fl-5"/>
      </object_component>
      <object_component id="oc-1c">
         <name>.text:decompress:lzss</name>
         <load_address>0x595c</load_address>
         <readonly>true</readonly>
         <executable>true</executable>
         <run_address>0x595c</run_address>
         <size>0x7c</size>
         <alignment>0x4</alignment>
         <input_file_ref idref="fl-51"/>
      </object_component>
      <object_component id="oc-121">
         <name>.text.SYSCFG_DL_SYSCTL_init</name>
         <load_address>0x59d8</load_address>
         <readonly>true</readonly>
         <executable>true</executable>
         <run_address>0x59d8</run_address>
         <size>0x78</size>
         <alignment>0x4</alignment>
         <input_file_ref idref="fl-2"/>
      </object_component>
      <object_component id="oc-300">
         <name>.text.__gedf2</name>
         <load_address>0x5a50</load_address>
         <readonly>true</readonly>
         <executable>true</executable>
         <run_address>0x5a50</run_address>
         <size>0x74</size>
         <alignment>0x4</alignment>
         <input_file_ref idref="fl-11d"/>
      </object_component>
      <object_component id="oc-1e1">
         <name>.text.DL_SYSCTL_getClockStatus</name>
         <load_address>0x5ac4</load_address>
         <readonly>true</readonly>
         <executable>true</executable>
         <run_address>0x5ac4</run_address>
         <size>0xc</size>
         <alignment>0x4</alignment>
         <input_file_ref idref="fl-2"/>
      </object_component>
      <object_component id="oc-1a2">
         <name>.text.__truncdfsf2</name>
         <load_address>0x5ad0</load_address>
         <readonly>true</readonly>
         <executable>true</executable>
         <run_address>0x5ad0</run_address>
         <size>0x74</size>
         <alignment>0x10</alignment>
         <input_file_ref idref="fl-112"/>
      </object_component>
      <object_component id="oc-123">
         <name>.text.SYSCFG_DL_PWMB_init</name>
         <load_address>0x5b44</load_address>
         <readonly>true</readonly>
         <executable>true</executable>
         <run_address>0x5b44</run_address>
         <size>0x68</size>
         <alignment>0x4</alignment>
         <input_file_ref idref="fl-2"/>
      </object_component>
      <object_component id="oc-2fa">
         <name>.text.__ledf2</name>
         <load_address>0x5bac</load_address>
         <readonly>true</readonly>
         <executable>true</executable>
         <run_address>0x5bac</run_address>
         <size>0x68</size>
         <alignment>0x4</alignment>
         <input_file_ref idref="fl-11d"/>
      </object_component>
      <object_component id="oc-352">
         <name>.text._mcpy</name>
         <load_address>0x5c14</load_address>
         <readonly>true</readonly>
         <executable>true</executable>
         <run_address>0x5c14</run_address>
         <size>0x66</size>
         <alignment>0x2</alignment>
         <input_file_ref idref="fl-3f"/>
      </object_component>
      <object_component id="oc-1d8">
         <name>.text.DL_SYSCTL_setHFCLKSourceHFXTParams</name>
         <load_address>0x5c7c</load_address>
         <readonly>true</readonly>
         <executable>true</executable>
         <run_address>0x5c7c</run_address>
         <size>0x64</size>
         <alignment>0x4</alignment>
         <input_file_ref idref="fl-23"/>
      </object_component>
      <object_component id="oc-122">
         <name>.text.SYSCFG_DL_PWMA_init</name>
         <load_address>0x5ce0</load_address>
         <readonly>true</readonly>
         <executable>true</executable>
         <run_address>0x5ce0</run_address>
         <size>0x64</size>
         <alignment>0x4</alignment>
         <input_file_ref idref="fl-2"/>
      </object_component>
      <object_component id="oc-22f">
         <name>.text.inv_imu_set_accel_mode</name>
         <load_address>0x5d44</load_address>
         <readonly>true</readonly>
         <executable>true</executable>
         <run_address>0x5d44</run_address>
         <size>0x64</size>
         <alignment>0x2</alignment>
         <input_file_ref idref="fl-7"/>
      </object_component>
      <object_component id="oc-25b">
         <name>.text.__aeabi_dcmp</name>
         <load_address>0x5da8</load_address>
         <readonly>true</readonly>
         <executable>true</executable>
         <run_address>0x5da8</run_address>
         <size>0x62</size>
         <alignment>0x4</alignment>
         <input_file_ref idref="fl-113"/>
      </object_component>
      <object_component id="oc-176">
         <name>.text.__aeabi_fcmp</name>
         <load_address>0x5e0c</load_address>
         <readonly>true</readonly>
         <executable>true</executable>
         <run_address>0x5e0c</run_address>
         <size>0x62</size>
         <alignment>0x4</alignment>
         <input_file_ref idref="fl-114"/>
      </object_component>
      <object_component id="oc-c9">
         <name>.text.IMU_init</name>
         <load_address>0x5e70</load_address>
         <readonly>true</readonly>
         <executable>true</executable>
         <run_address>0x5e70</run_address>
         <size>0x60</size>
         <alignment>0x4</alignment>
         <input_file_ref idref="fl-5"/>
      </object_component>
      <object_component id="oc-230">
         <name>.text.inv_imu_set_gyro_mode</name>
         <load_address>0x5ed0</load_address>
         <readonly>true</readonly>
         <executable>true</executable>
         <run_address>0x5ed0</run_address>
         <size>0x60</size>
         <alignment>0x2</alignment>
         <input_file_ref idref="fl-7"/>
      </object_component>
      <object_component id="oc-25a">
         <name>.text.turn_get_error</name>
         <load_address>0x5f30</load_address>
         <readonly>true</readonly>
         <executable>true</executable>
         <run_address>0x5f30</run_address>
         <size>0x60</size>
         <alignment>0x4</alignment>
         <input_file_ref idref="fl-10"/>
      </object_component>
      <object_component id="oc-7e">
         <name>.text.DL_I2C_fillControllerTXFIFO</name>
         <load_address>0x5f90</load_address>
         <readonly>true</readonly>
         <executable>true</executable>
         <run_address>0x5f90</run_address>
         <size>0x5e</size>
         <alignment>0x2</alignment>
         <input_file_ref idref="fl-20"/>
      </object_component>
      <object_component id="oc-126">
         <name>.text.SYSCFG_DL_BT_init</name>
         <load_address>0x5ff0</load_address>
         <readonly>true</readonly>
         <executable>true</executable>
         <run_address>0x5ff0</run_address>
         <size>0x5c</size>
         <alignment>0x4</alignment>
         <input_file_ref idref="fl-2"/>
      </object_component>
      <object_component id="oc-33e">
         <name>.text.frexp</name>
         <load_address>0x604c</load_address>
         <readonly>true</readonly>
         <executable>true</executable>
         <run_address>0x604c</run_address>
         <size>0x5c</size>
         <alignment>0x4</alignment>
         <input_file_ref idref="fl-52"/>
      </object_component>
      <object_component id="oc-22c">
         <name>.text.inv_imu_set_accel_ln_bw</name>
         <load_address>0x60a8</load_address>
         <readonly>true</readonly>
         <executable>true</executable>
         <run_address>0x60a8</run_address>
         <size>0x5c</size>
         <alignment>0x4</alignment>
         <input_file_ref idref="fl-7"/>
      </object_component>
      <object_component id="oc-22d">
         <name>.text.inv_imu_set_gyro_ln_bw</name>
         <load_address>0x6104</load_address>
         <readonly>true</readonly>
         <executable>true</executable>
         <run_address>0x6104</run_address>
         <size>0x5c</size>
         <alignment>0x4</alignment>
         <input_file_ref idref="fl-7"/>
      </object_component>
      <object_component id="oc-139">
         <name>.text.printf</name>
         <load_address>0x6160</load_address>
         <readonly>true</readonly>
         <executable>true</executable>
         <run_address>0x6160</run_address>
         <size>0x5c</size>
         <alignment>0x4</alignment>
         <input_file_ref idref="fl-3e"/>
      </object_component>
      <object_component id="oc-e4">
         <name>.text.speed_control</name>
         <load_address>0x61bc</load_address>
         <readonly>true</readonly>
         <executable>true</executable>
         <run_address>0x61bc</run_address>
         <size>0x5c</size>
         <alignment>0x4</alignment>
         <input_file_ref idref="fl-b"/>
      </object_component>
      <object_component id="oc-125">
         <name>.text.SYSCFG_DL_I2C_0_init</name>
         <load_address>0x6218</load_address>
         <readonly>true</readonly>
         <executable>true</executable>
         <run_address>0x6218</run_address>
         <size>0x58</size>
         <alignment>0x4</alignment>
         <input_file_ref idref="fl-2"/>
      </object_component>
      <object_component id="oc-34a">
         <name>.text.__TI_ltoa</name>
         <load_address>0x6270</load_address>
         <readonly>true</readonly>
         <executable>true</executable>
         <run_address>0x6270</run_address>
         <size>0x58</size>
         <alignment>0x2</alignment>
         <input_file_ref idref="fl-43"/>
      </object_component>
      <object_component id="oc-2f4">
         <name>.text._pconv_f</name>
         <load_address>0x62c8</load_address>
         <readonly>true</readonly>
         <executable>true</executable>
         <run_address>0x62c8</run_address>
         <size>0x58</size>
         <alignment>0x2</alignment>
         <input_file_ref idref="fl-3f"/>
      </object_component>
      <object_component id="oc-22e">
         <name>.text.inv_imu_select_accel_lp_clk</name>
         <load_address>0x6320</load_address>
         <readonly>true</readonly>
         <executable>true</executable>
         <run_address>0x6320</run_address>
         <size>0x58</size>
         <alignment>0x4</alignment>
         <input_file_ref idref="fl-7"/>
      </object_component>
      <object_component id="oc-36e">
         <name>.text.__aeabi_idivmod</name>
         <load_address>0x6378</load_address>
         <readonly>true</readonly>
         <executable>true</executable>
         <run_address>0x6378</run_address>
         <size>0x56</size>
         <alignment>0x4</alignment>
         <input_file_ref idref="fl-115"/>
      </object_component>
      <object_component id="oc-22a">
         <name>.text.inv_imu_set_accel_frequency</name>
         <load_address>0x63ce</load_address>
         <readonly>true</readonly>
         <executable>true</executable>
         <run_address>0x63ce</run_address>
         <size>0x56</size>
         <alignment>0x2</alignment>
         <input_file_ref idref="fl-7"/>
      </object_component>
      <object_component id="oc-22b">
         <name>.text.inv_imu_set_gyro_frequency</name>
         <load_address>0x6424</load_address>
         <readonly>true</readonly>
         <executable>true</executable>
         <run_address>0x6424</run_address>
         <size>0x56</size>
         <alignment>0x2</alignment>
         <input_file_ref idref="fl-7"/>
      </object_component>
      <object_component id="oc-3e">
         <name>.text.TIMG0_IRQHandler</name>
         <load_address>0x647c</load_address>
         <readonly>true</readonly>
         <executable>true</executable>
         <run_address>0x647c</run_address>
         <size>0x54</size>
         <alignment>0x4</alignment>
         <input_file_ref idref="fl-1"/>
      </object_component>
      <object_component id="oc-350">
         <name>.text._ecpy</name>
         <load_address>0x64d0</load_address>
         <readonly>true</readonly>
         <executable>true</executable>
         <run_address>0x64d0</run_address>
         <size>0x52</size>
         <alignment>0x2</alignment>
         <input_file_ref idref="fl-3f"/>
      </object_component>
      <object_component id="oc-233">
         <name>.text.icm45686_write_regs</name>
         <load_address>0x6522</load_address>
         <readonly>true</readonly>
         <executable>true</executable>
         <run_address>0x6522</run_address>
         <size>0x52</size>
         <alignment>0x2</alignment>
         <input_file_ref idref="fl-6"/>
      </object_component>
      <object_component id="oc-228">
         <name>.text.inv_imu_set_accel_fsr</name>
         <load_address>0x6574</load_address>
         <readonly>true</readonly>
         <executable>true</executable>
         <run_address>0x6574</run_address>
         <size>0x52</size>
         <alignment>0x2</alignment>
         <input_file_ref idref="fl-7"/>
      </object_component>
      <object_component id="oc-1c9">
         <name>.text.DL_GPIO_initPeripheralInputFunctionFeatures</name>
         <load_address>0x65c8</load_address>
         <readonly>true</readonly>
         <executable>true</executable>
         <run_address>0x65c8</run_address>
         <size>0x50</size>
         <alignment>0x4</alignment>
         <input_file_ref idref="fl-2"/>
      </object_component>
      <object_component id="oc-329">
         <name>.text.DL_I2C_startControllerTransfer</name>
         <load_address>0x6618</load_address>
         <readonly>true</readonly>
         <executable>true</executable>
         <run_address>0x6618</run_address>
         <size>0x50</size>
         <alignment>0x4</alignment>
         <input_file_ref idref="fl-4"/>
      </object_component>
      <object_component id="oc-b6">
         <name>.text.SYSCFG_DL_init</name>
         <load_address>0x6668</load_address>
         <readonly>true</readonly>
         <executable>true</executable>
         <run_address>0x6668</run_address>
         <size>0x50</size>
         <alignment>0x4</alignment>
         <input_file_ref idref="fl-2"/>
      </object_component>
      <object_component id="oc-2d6">
         <name>.text.fputs</name>
         <load_address>0x66b8</load_address>
         <readonly>true</readonly>
         <executable>true</executable>
         <run_address>0x66b8</run_address>
         <size>0x50</size>
         <alignment>0x4</alignment>
         <input_file_ref idref="fl-1"/>
      </object_component>
      <object_component id="oc-229">
         <name>.text.inv_imu_set_gyro_fsr</name>
         <load_address>0x6708</load_address>
         <readonly>true</readonly>
         <executable>true</executable>
         <run_address>0x6708</run_address>
         <size>0x50</size>
         <alignment>0x2</alignment>
         <input_file_ref idref="fl-7"/>
      </object_component>
      <object_component id="oc-2bd">
         <name>.text.DL_DMA_initChannel</name>
         <load_address>0x6758</load_address>
         <readonly>true</readonly>
         <executable>true</executable>
         <run_address>0x6758</run_address>
         <size>0x4c</size>
         <alignment>0x4</alignment>
         <input_file_ref idref="fl-1f"/>
      </object_component>
      <object_component id="oc-1cd">
         <name>.text.DL_GPIO_initDigitalInputFeatures</name>
         <load_address>0x67a4</load_address>
         <readonly>true</readonly>
         <executable>true</executable>
         <run_address>0x67a4</run_address>
         <size>0x4c</size>
         <alignment>0x4</alignment>
         <input_file_ref idref="fl-2"/>
      </object_component>
      <object_component id="oc-20d">
         <name>.text.DL_UART_setBaudRateDivisor</name>
         <load_address>0x67f0</load_address>
         <readonly>true</readonly>
         <executable>true</executable>
         <run_address>0x67f0</run_address>
         <size>0x4c</size>
         <alignment>0x4</alignment>
         <input_file_ref idref="fl-2"/>
      </object_component>
      <object_component id="oc-346">
         <name>.text.__fixdfsi</name>
         <load_address>0x683c</load_address>
         <readonly>true</readonly>
         <executable>true</executable>
         <run_address>0x683c</run_address>
         <size>0x4a</size>
         <alignment>0x4</alignment>
         <input_file_ref idref="fl-10b"/>
      </object_component>
      <object_component id="oc-20b">
         <name>.text.DL_UART_init</name>
         <load_address>0x6888</load_address>
         <readonly>true</readonly>
         <executable>true</executable>
         <run_address>0x6888</run_address>
         <size>0x48</size>
         <alignment>0x4</alignment>
         <input_file_ref idref="fl-22"/>
      </object_component>
      <object_component id="oc-127">
         <name>.text.SYSCFG_DL_SCREEN_init</name>
         <load_address>0x68d0</load_address>
         <readonly>true</readonly>
         <executable>true</executable>
         <run_address>0x68d0</run_address>
         <size>0x48</size>
         <alignment>0x4</alignment>
         <input_file_ref idref="fl-2"/>
      </object_component>
      <object_component id="oc-1e4">
         <name>.text.DL_SYSCTL_switchMCLKfromSYSOSCtoHSCLK</name>
         <load_address>0x6918</load_address>
         <readonly>true</readonly>
         <executable>true</executable>
         <run_address>0x6918</run_address>
         <size>0x44</size>
         <alignment>0x4</alignment>
         <input_file_ref idref="fl-23"/>
      </object_component>
      <object_component id="oc-de">
         <name>.text.bluetooth_write</name>
         <load_address>0x695c</load_address>
         <readonly>true</readonly>
         <executable>true</executable>
         <run_address>0x695c</run_address>
         <size>0x44</size>
         <alignment>0x4</alignment>
         <input_file_ref idref="fl-1"/>
      </object_component>
      <object_component id="oc-2cc">
         <name>.text.inv_imu_read_reg</name>
         <load_address>0x69a0</load_address>
         <readonly>true</readonly>
         <executable>true</executable>
         <run_address>0x69a0</run_address>
         <size>0x44</size>
         <alignment>0x2</alignment>
         <input_file_ref idref="fl-8"/>
      </object_component>
      <object_component id="oc-21a">
         <name>.text.inv_imu_write_reg</name>
         <load_address>0x69e4</load_address>
         <readonly>true</readonly>
         <executable>true</executable>
         <run_address>0x69e4</run_address>
         <size>0x42</size>
         <alignment>0x2</alignment>
         <input_file_ref idref="fl-8"/>
      </object_component>
      <object_component id="oc-2b0">
         <name>.text.__aeabi_uidivmod</name>
         <load_address>0x6a28</load_address>
         <readonly>true</readonly>
         <executable>true</executable>
         <run_address>0x6a28</run_address>
         <size>0x40</size>
         <alignment>0x4</alignment>
         <input_file_ref idref="fl-118"/>
      </object_component>
      <object_component id="oc-eb">
         <name>.text.__extendsfdf2</name>
         <load_address>0x6a68</load_address>
         <readonly>true</readonly>
         <executable>true</executable>
         <run_address>0x6a68</run_address>
         <size>0x40</size>
         <alignment>0x4</alignment>
         <input_file_ref idref="fl-10a"/>
      </object_component>
      <object_component id="oc-2e1">
         <name>.text.atoi</name>
         <load_address>0x6aa8</load_address>
         <readonly>true</readonly>
         <executable>true</executable>
         <run_address>0x6aa8</run_address>
         <size>0x40</size>
         <alignment>0x4</alignment>
         <input_file_ref idref="fl-45"/>
      </object_component>
      <object_component id="oc-220">
         <name>.text.inv_imu_get_who_am_i</name>
         <load_address>0x6ae8</load_address>
         <readonly>true</readonly>
         <executable>true</executable>
         <run_address>0x6ae8</run_address>
         <size>0x3e</size>
         <alignment>0x2</alignment>
         <input_file_ref idref="fl-7"/>
      </object_component>
      <object_component id="oc-32a">
         <name>.text.DL_I2C_flushControllerTXFIFO</name>
         <load_address>0x6b28</load_address>
         <readonly>true</readonly>
         <executable>true</executable>
         <run_address>0x6b28</run_address>
         <size>0x3c</size>
         <alignment>0x4</alignment>
         <input_file_ref idref="fl-20"/>
      </object_component>
      <object_component id="oc-1ed">
         <name>.text.DL_Timer_setCounterControl</name>
         <load_address>0x6b64</load_address>
         <readonly>true</readonly>
         <executable>true</executable>
         <run_address>0x6b64</run_address>
         <size>0x3c</size>
         <alignment>0x4</alignment>
         <input_file_ref idref="fl-2"/>
      </object_component>
      <object_component id="oc-253">
         <name>.text.__floatsisf</name>
         <load_address>0x6ba0</load_address>
         <readonly>true</readonly>
         <executable>true</executable>
         <run_address>0x6ba0</run_address>
         <size>0x3c</size>
         <alignment>0x4</alignment>
         <input_file_ref idref="fl-10e"/>
      </object_component>
      <object_component id="oc-274">
         <name>.text.__gtsf2</name>
         <load_address>0x6bdc</load_address>
         <readonly>true</readonly>
         <executable>true</executable>
         <run_address>0x6bdc</run_address>
         <size>0x3c</size>
         <alignment>0x4</alignment>
         <input_file_ref idref="fl-11a"/>
      </object_component>
      <object_component id="oc-2d0">
         <name>.text.inv_imu_get_endianness</name>
         <load_address>0x6c18</load_address>
         <readonly>true</readonly>
         <executable>true</executable>
         <run_address>0x6c18</run_address>
         <size>0x3c</size>
         <alignment>0x4</alignment>
         <input_file_ref idref="fl-7"/>
      </object_component>
      <object_component id="oc-105">
         <name>.text:__TI_auto_init_nobinit_nopinit</name>
         <load_address>0x6c54</load_address>
         <readonly>true</readonly>
         <executable>true</executable>
         <run_address>0x6c54</run_address>
         <size>0x3c</size>
         <alignment>0x4</alignment>
         <input_file_ref idref="fl-4c"/>
      </object_component>
      <object_component id="oc-26f">
         <name>.text.__eqsf2</name>
         <load_address>0x6c90</load_address>
         <readonly>true</readonly>
         <executable>true</executable>
         <run_address>0x6c90</run_address>
         <size>0x3a</size>
         <alignment>0x4</alignment>
         <input_file_ref idref="fl-11a"/>
      </object_component>
      <object_component id="oc-277">
         <name>.text.__muldsi3</name>
         <load_address>0x6ccc</load_address>
         <readonly>true</readonly>
         <executable>true</executable>
         <run_address>0x6ccc</run_address>
         <size>0x3a</size>
         <alignment>0x4</alignment>
         <input_file_ref idref="fl-106"/>
      </object_component>
      <object_component id="oc-24e">
         <name>.text.__fixsfsi</name>
         <load_address>0x6d08</load_address>
         <readonly>true</readonly>
         <executable>true</executable>
         <run_address>0x6d08</run_address>
         <size>0x38</size>
         <alignment>0x4</alignment>
         <input_file_ref idref="fl-10c"/>
      </object_component>
      <object_component id="oc-d4">
         <name>.text.sprintf</name>
         <load_address>0x6d40</load_address>
         <readonly>true</readonly>
         <executable>true</executable>
         <run_address>0x6d40</run_address>
         <size>0x38</size>
         <alignment>0x4</alignment>
         <input_file_ref idref="fl-40"/>
      </object_component>
      <object_component id="oc-124">
         <name>.text.SYSCFG_DL_TIMER_0_init</name>
         <load_address>0x6d78</load_address>
         <readonly>true</readonly>
         <executable>true</executable>
         <run_address>0x6d78</run_address>
         <size>0x34</size>
         <alignment>0x4</alignment>
         <input_file_ref idref="fl-2"/>
      </object_component>
      <object_component id="oc-252">
         <name>.text.limit_value</name>
         <load_address>0x6dac</load_address>
         <readonly>true</readonly>
         <executable>true</executable>
         <run_address>0x6dac</run_address>
         <size>0x34</size>
         <alignment>0x2</alignment>
         <input_file_ref idref="fl-b"/>
      </object_component>
      <object_component id="oc-327">
         <name>.text.read_dreg</name>
         <load_address>0x6de0</load_address>
         <readonly>true</readonly>
         <executable>true</executable>
         <run_address>0x6de0</run_address>
         <size>0x34</size>
         <alignment>0x2</alignment>
         <input_file_ref idref="fl-8"/>
      </object_component>
      <object_component id="oc-2c3">
         <name>.text.write_dreg</name>
         <load_address>0x6e14</load_address>
         <readonly>true</readonly>
         <executable>true</executable>
         <run_address>0x6e14</run_address>
         <size>0x34</size>
         <alignment>0x2</alignment>
         <input_file_ref idref="fl-8"/>
      </object_component>
      <object_component id="oc-15c">
         <name>.text.DL_DMA_setTransferSize</name>
         <load_address>0x6e48</load_address>
         <readonly>true</readonly>
         <executable>true</executable>
         <run_address>0x6e48</run_address>
         <size>0x30</size>
         <alignment>0x4</alignment>
         <input_file_ref idref="fl-1"/>
      </object_component>
      <object_component id="oc-2bc">
         <name>.text.DL_DMA_setTransferSize</name>
         <load_address>0x6e78</load_address>
         <readonly>true</readonly>
         <executable>true</executable>
         <run_address>0x6e78</run_address>
         <size>0x30</size>
         <alignment>0x4</alignment>
         <input_file_ref idref="fl-2"/>
      </object_component>
      <object_component id="oc-39">
         <name>.text.UART3_IRQHandler</name>
         <load_address>0x6ea8</load_address>
         <readonly>true</readonly>
         <executable>true</executable>
         <run_address>0x6ea8</run_address>
         <size>0x30</size>
         <alignment>0x4</alignment>
         <input_file_ref idref="fl-1"/>
      </object_component>
      <object_component id="oc-351">
         <name>.text._fcpy</name>
         <load_address>0x6ed8</load_address>
         <readonly>true</readonly>
         <executable>true</executable>
         <run_address>0x6ed8</run_address>
         <size>0x30</size>
         <alignment>0x2</alignment>
         <input_file_ref idref="fl-3f"/>
      </object_component>
      <object_component id="oc-12f">
         <name>.text.__NVIC_ClearPendingIRQ</name>
         <load_address>0x6f08</load_address>
         <readonly>true</readonly>
         <executable>true</executable>
         <run_address>0x6f08</run_address>
         <size>0x2c</size>
         <alignment>0x4</alignment>
         <input_file_ref idref="fl-1"/>
      </object_component>
      <object_component id="oc-130">
         <name>.text.__NVIC_EnableIRQ</name>
         <load_address>0x6f34</load_address>
         <readonly>true</readonly>
         <executable>true</executable>
         <run_address>0x6f34</run_address>
         <size>0x2c</size>
         <alignment>0x4</alignment>
         <input_file_ref idref="fl-1"/>
      </object_component>
      <object_component id="oc-134">
         <name>.text.__NVIC_EnableIRQ</name>
         <load_address>0x6f60</load_address>
         <readonly>true</readonly>
         <executable>true</executable>
         <run_address>0x6f60</run_address>
         <size>0x2c</size>
         <alignment>0x4</alignment>
         <input_file_ref idref="fl-b"/>
      </object_component>
      <object_component id="oc-17d">
         <name>.text.__floatsidf</name>
         <load_address>0x6f8c</load_address>
         <readonly>true</readonly>
         <executable>true</executable>
         <run_address>0x6f8c</run_address>
         <size>0x2c</size>
         <alignment>0x4</alignment>
         <input_file_ref idref="fl-10d"/>
      </object_component>
      <object_component id="oc-2d7">
         <name>.text.fputc</name>
         <load_address>0x6fb8</load_address>
         <readonly>true</readonly>
         <executable>true</executable>
         <run_address>0x6fb8</run_address>
         <size>0x2c</size>
         <alignment>0x4</alignment>
         <input_file_ref idref="fl-1"/>
      </object_component>
      <object_component id="oc-360">
         <name>.text.DL_Common_updateReg</name>
         <load_address>0x6fe4</load_address>
         <readonly>true</readonly>
         <executable>true</executable>
         <run_address>0x6fe4</run_address>
         <size>0x28</size>
         <alignment>0x2</alignment>
         <input_file_ref idref="fl-4"/>
      </object_component>
      <object_component id="oc-2a8">
         <name>.text.DL_Common_updateReg</name>
         <load_address>0x700c</load_address>
         <readonly>true</readonly>
         <executable>true</executable>
         <run_address>0x700c</run_address>
         <size>0x28</size>
         <alignment>0x2</alignment>
         <input_file_ref idref="fl-2"/>
      </object_component>
      <object_component id="oc-15b">
         <name>.text.DL_DMA_setDestAddr</name>
         <load_address>0x7034</load_address>
         <readonly>true</readonly>
         <executable>true</executable>
         <run_address>0x7034</run_address>
         <size>0x28</size>
         <alignment>0x4</alignment>
         <input_file_ref idref="fl-1"/>
      </object_component>
      <object_component id="oc-15a">
         <name>.text.DL_DMA_setSrcAddr</name>
         <load_address>0x705c</load_address>
         <readonly>true</readonly>
         <executable>true</executable>
[...]
         <object_component_ref idref="oc-20b"/>
      </symbol>
      <symbol id="sm-438">
         <name>DL_UART_setClockConfig</name>
         <value>0x7b0f</value>
         <object_component_ref idref="oc-205"/>
      </symbol>
      <symbol id="sm-44c">
         <name>DL_SYSCTL_configSYSPLL</name>
         <value>0x47ad</value>
         <object_component_ref idref="oc-1de"/>
      </symbol>
      <symbol id="sm-44d">
         <name>DL_SYSCTL_switchMCLKfromSYSOSCtoHSCLK</name>
         <value>0x6919</value>
         <object_component_ref idref="oc-1e4"/>
      </symbol>
      <symbol id="sm-44e">
         <name>DL_SYSCTL_setHFCLKSourceHFXTParams</name>
         <value>0x5c7d</value>
         <object_component_ref idref="oc-1d8"/>
      </symbol>
      <symbol id="sm-44f">
         <name>DL_SYSCTL_configFCC</name>
         <value>0x752d</value>
         <object_component_ref idref="oc-2ac"/>
      </symbol>
      <symbol id="sm-469">
         <name>asin</name>
         <value>0x145d</value>
         <object_component_ref idref="oc-1a6"/>
      </symbol>
      <symbol id="sm-46a">
         <name>asinl</name>
         <value>0x145d</value>
         <object_component_ref idref="oc-1a6"/>
      </symbol>
      <symbol id="sm-478">
         <name>atan2</name>
         <value>0x302d</value>
         <object_component_ref idref="oc-19e"/>
      </symbol>
      <symbol id="sm-479">
         <name>atan2l</name>
         <value>0x302d</value>
         <object_component_ref idref="oc-19e"/>
      </symbol>
      <symbol id="sm-483">
         <name>sqrt</name>
         <value>0x3339</value>
         <object_component_ref idref="oc-294"/>
      </symbol>
      <symbol id="sm-484">
         <name>sqrtl</name>
         <value>0x3339</value>
         <object_component_ref idref="oc-294"/>
      </symbol>
      <symbol id="sm-49b">
         <name>atan</name>
         <value>0x17c1</value>
         <object_component_ref idref="oc-283"/>
      </symbol>
      <symbol id="sm-49c">
         <name>atanl</name>
         <value>0x17c1</value>
         <object_component_ref idref="oc-283"/>
      </symbol>
      <symbol id="sm-4ad">
         <name>printf</name>
         <value>0x6161</value>
         <object_component_ref idref="oc-139"/>
      </symbol>
      <symbol id="sm-4f6">
         <name>__TI_printfi</name>
         <value>0xc1</value>
         <object_component_ref idref="oc-24b"/>
      </symbol>
      <symbol id="sm-507">
         <name>sprintf</name>
         <value>0x6d41</value>
         <object_component_ref idref="oc-d4"/>
      </symbol>
      <symbol id="sm-512">
         <name>__aeabi_errno_addr</name>
         <value>0x7cc1</value>
         <object_component_ref idref="oc-28d"/>
      </symbol>
      <symbol id="sm-513">
         <name>__aeabi_errno</name>
         <value>0x2020219c</value>
         <object_component_ref idref="oc-314"/>
      </symbol>
      <symbol id="sm-51c">
         <name>_nop</name>
         <value>0x3fdf</value>
         <object_component_ref idref="oc-29f"/>
      </symbol>
      <symbol id="sm-51d">
         <name>_lock</name>
         <value>0x202021a0</value>
         <object_component_ref idref="oc-1b2"/>
      </symbol>
      <symbol id="sm-51e">
         <name>_unlock</name>
         <value>0x202021a4</value>
         <object_component_ref idref="oc-1b5"/>
      </symbol>
      <symbol id="sm-527">
         <name>__TI_ltoa</name>
         <value>0x6271</value>
         <object_component_ref idref="oc-34a"/>
      </symbol>
      <symbol id="sm-532">
         <name>atoi</name>
         <value>0x6aa9</value>
         <object_component_ref idref="oc-2e1"/>
      </symbol>
      <symbol id="sm-537">
         <name>_ftable</name>
         <value>0x20201fc8</value>
         <object_component_ref idref="oc-239"/>
      </symbol>
      <symbol id="sm-540">
         <name>memccpy</name>
         <value>0x7313</value>
         <object_component_ref idref="oc-2da"/>
      </symbol>
      <symbol id="sm-54a">
         <name>strlen</name>
         <value>0x7be1</value>
         <object_component_ref idref="oc-da"/>
      </symbol>
      <symbol id="sm-555">
         <name>_c_int00_noargs</name>
         <value>0x71c5</value>
         <object_component_ref idref="oc-5f"/>
      </symbol>
      <symbol id="sm-556">
         <name>__stack</name>
         <value>0x20207e00</value>
         <object_component_ref idref="oc-1a"/>
      </symbol>
      <symbol id="sm-565">
         <name>__TI_auto_init_nobinit_nopinit</name>
         <value>0x6c55</value>
         <object_component_ref idref="oc-105"/>
      </symbol>
      <symbol id="sm-56d">
         <name>_system_pre_init</name>
         <value>0x7d25</value>
         <object_component_ref idref="oc-96"/>
      </symbol>
      <symbol id="sm-578">
         <name>__TI_zero_init</name>
         <value>0x7bb5</value>
         <object_component_ref idref="oc-5c"/>
      </symbol>
      <symbol id="sm-581">
         <name>__TI_decompress_none</name>
         <value>0x7b33</value>
         <object_component_ref idref="oc-20"/>
      </symbol>
      <symbol id="sm-58c">
         <name>__TI_decompress_lzss</name>
         <value>0x595d</value>
         <object_component_ref idref="oc-1c"/>
      </symbol>
      <symbol id="sm-596">
         <name>frexp</name>
         <value>0x604d</value>
         <object_component_ref idref="oc-33e"/>
      </symbol>
      <symbol id="sm-597">
         <name>frexpl</name>
         <value>0x604d</value>
         <object_component_ref idref="oc-33e"/>
      </symbol>
      <symbol id="sm-5a1">
         <name>scalbn</name>
         <value>0x4961</value>
         <object_component_ref idref="oc-342"/>
      </symbol>
      <symbol id="sm-5a2">
         <name>ldexp</name>
         <value>0x4961</value>
         <object_component_ref idref="oc-342"/>
      </symbol>
      <symbol id="sm-5a3">
         <name>scalbnl</name>
         <value>0x4961</value>
         <object_component_ref idref="oc-342"/>
      </symbol>
      <symbol id="sm-5a4">
         <name>ldexpl</name>
         <value>0x4961</value>
         <object_component_ref idref="oc-342"/>
      </symbol>
      <symbol id="sm-5ad">
         <name>wcslen</name>
         <value>0x7ba5</value>
         <object_component_ref idref="oc-2e5"/>
      </symbol>
      <symbol id="sm-5af">
         <name>__aeabi_ctype_table_</name>
         <value>0x7d30</value>
         <object_component_ref idref="oc-331"/>
      </symbol>
      <symbol id="sm-5b0">
         <name>__aeabi_ctype_table_C</name>
         <value>0x7d30</value>
         <object_component_ref idref="oc-331"/>
      </symbol>
      <symbol id="sm-5ba">
         <name>abort</name>
         <value>0x7cff</value>
         <object_component_ref idref="oc-fe"/>
      </symbol>
      <symbol id="sm-5c3">
         <name>HOSTexit</name>
         <value>0x7d09</value>
         <object_component_ref idref="oc-1ac"/>
      </symbol>
      <symbol id="sm-5c4">
         <name>C$$EXIT</name>
         <value>0x7d08</value>
         <object_component_ref idref="oc-1ac"/>
      </symbol>
      <symbol id="sm-5d4">
         <name>__aeabi_fadd</name>
         <value>0x4a43</value>
         <object_component_ref idref="oc-196"/>
      </symbol>
      <symbol id="sm-5d5">
         <name>__addsf3</name>
         <value>0x4a43</value>
         <object_component_ref idref="oc-196"/>
      </symbol>
      <symbol id="sm-5d6">
         <name>__aeabi_fsub</name>
         <value>0x4a39</value>
         <object_component_ref idref="oc-196"/>
      </symbol>
      <symbol id="sm-5d7">
         <name>__subsf3</name>
         <value>0x4a39</value>
         <object_component_ref idref="oc-196"/>
      </symbol>
      <symbol id="sm-5dd">
         <name>__aeabi_dadd</name>
         <value>0x2ea3</value>
         <object_component_ref idref="oc-189"/>
      </symbol>
      <symbol id="sm-5de">
         <name>__adddf3</name>
         <value>0x2ea3</value>
         <object_component_ref idref="oc-189"/>
      </symbol>
      <symbol id="sm-5df">
         <name>__aeabi_dsub</name>
         <value>0x2e99</value>
         <object_component_ref idref="oc-189"/>
      </symbol>
      <symbol id="sm-5e0">
         <name>__subdf3</name>
         <value>0x2e99</value>
         <object_component_ref idref="oc-189"/>
      </symbol>
      <symbol id="sm-5ec">
         <name>__aeabi_dmul</name>
         <value>0x46c9</value>
         <object_component_ref idref="oc-181"/>
      </symbol>
      <symbol id="sm-5ed">
         <name>__muldf3</name>
         <value>0x46c9</value>
         <object_component_ref idref="oc-181"/>
      </symbol>
      <symbol id="sm-5f6">
         <name>__muldsi3</name>
         <value>0x6ccd</value>
         <object_component_ref idref="oc-277"/>
      </symbol>
      <symbol id="sm-5fc">
         <name>__aeabi_fmul</name>
         <value>0x55c5</value>
         <object_component_ref idref="oc-19a"/>
      </symbol>
      <symbol id="sm-5fd">
         <name>__mulsf3</name>
         <value>0x55c5</value>
         <object_component_ref idref="oc-19a"/>
      </symbol>
      <symbol id="sm-603">
         <name>__aeabi_fdiv</name>
         <value>0x575d</value>
         <object_component_ref idref="oc-26a"/>
      </symbol>
      <symbol id="sm-604">
         <name>__divsf3</name>
         <value>0x575d</value>
         <object_component_ref idref="oc-26a"/>
      </symbol>
      <symbol id="sm-60a">
         <name>__aeabi_ddiv</name>
         <value>0x40f1</value>
         <object_component_ref idref="oc-185"/>
      </symbol>
      <symbol id="sm-60b">
         <name>__divdf3</name>
         <value>0x40f1</value>
         <object_component_ref idref="oc-185"/>
      </symbol>
      <symbol id="sm-614">
         <name>__aeabi_f2d</name>
         <value>0x6a69</value>
         <object_component_ref idref="oc-eb"/>
      </symbol>
      <symbol id="sm-615">
         <name>__extendsfdf2</name>
         <value>0x6a69</value>
         <object_component_ref idref="oc-eb"/>
      </symbol>
      <symbol id="sm-61b">
         <name>__aeabi_d2iz</name>
         <value>0x683d</value>
         <object_component_ref idref="oc-346"/>
      </symbol>
      <symbol id="sm-61c">
         <name>__fixdfsi</name>
         <value>0x683d</value>
         <object_component_ref idref="oc-346"/>
      </symbol>
      <symbol id="sm-622">
         <name>__aeabi_f2iz</name>
         <value>0x6d09</value>
         <object_component_ref idref="oc-24e"/>
      </symbol>
      <symbol id="sm-623">
         <name>__fixsfsi</name>
         <value>0x6d09</value>
         <object_component_ref idref="oc-24e"/>
      </symbol>
      <symbol id="sm-629">
         <name>__aeabi_i2d</name>
         <value>0x6f8d</value>
         <object_component_ref idref="oc-17d"/>
      </symbol>
      <symbol id="sm-62a">
         <name>__floatsidf</name>
         <value>0x6f8d</value>
         <object_component_ref idref="oc-17d"/>
      </symbol>
      <symbol id="sm-630">
         <name>__aeabi_i2f</name>
         <value>0x6ba1</value>
         <object_component_ref idref="oc-253"/>
      </symbol>
      <symbol id="sm-631">
         <name>__floatsisf</name>
         <value>0x6ba1</value>
         <object_component_ref idref="oc-253"/>
      </symbol>
      <symbol id="sm-637">
         <name>__aeabi_ui2d</name>
         <value>0x7285</value>
         <object_component_ref idref="oc-2b4"/>
      </symbol>
      <symbol id="sm-638">
         <name>__floatunsidf</name>
         <value>0x7285</value>
         <object_component_ref idref="oc-2b4"/>
      </symbol>
      <symbol id="sm-63e">
         <name>__aeabi_ui2f</name>
         <value>0x714d</value>
         <object_component_ref idref="oc-166"/>
      </symbol>
      <symbol id="sm-63f">
         <name>__floatunsisf</name>
         <value>0x714d</value>
         <object_component_ref idref="oc-166"/>
      </symbol>
      <symbol id="sm-645">
         <name>__aeabi_lmul</name>
         <value>0x72a9</value>
         <object_component_ref idref="oc-2e9"/>
      </symbol>
      <symbol id="sm-646">
         <name>__muldi3</name>
         <value>0x72a9</value>
         <object_component_ref idref="oc-2e9"/>
      </symbol>
      <symbol id="sm-64d">
         <name>__aeabi_d2f</name>
         <value>0x5ad1</value>
         <object_component_ref idref="oc-1a2"/>
      </symbol>
      <symbol id="sm-64e">
         <name>__truncdfsf2</name>
         <value>0x5ad1</value>
         <object_component_ref idref="oc-1a2"/>
      </symbol>
      <symbol id="sm-654">
         <name>__aeabi_dcmpeq</name>
         <value>0x5da9</value>
         <object_component_ref idref="oc-25b"/>
      </symbol>
      <symbol id="sm-655">
         <name>__aeabi_dcmplt</name>
         <value>0x5dbd</value>
         <object_component_ref idref="oc-25b"/>
      </symbol>
      <symbol id="sm-656">
         <name>__aeabi_dcmple</name>
         <value>0x5dd1</value>
         <object_component_ref idref="oc-25b"/>
      </symbol>
      <symbol id="sm-657">
         <name>__aeabi_dcmpge</name>
         <value>0x5de5</value>
         <object_component_ref idref="oc-25b"/>
      </symbol>
      <symbol id="sm-658">
         <name>__aeabi_dcmpgt</name>
         <value>0x5df9</value>
         <object_component_ref idref="oc-25b"/>
      </symbol>
      <symbol id="sm-65e">
         <name>__aeabi_fcmpeq</name>
         <value>0x5e0d</value>
         <object_component_ref idref="oc-176"/>
      </symbol>
      <symbol id="sm-65f">
         <name>__aeabi_fcmplt</name>
         <value>0x5e21</value>
         <object_component_ref idref="oc-176"/>
      </symbol>
      <symbol id="sm-660">
         <name>__aeabi_fcmple</name>
         <value>0x5e35</value>
         <object_component_ref idref="oc-176"/>
      </symbol>
      <symbol id="sm-661">
         <name>__aeabi_fcmpge</name>
         <value>0x5e49</value>
         <object_component_ref idref="oc-176"/>
      </symbol>
      <symbol id="sm-662">
         <name>__aeabi_fcmpgt</name>
         <value>0x5e5d</value>
         <object_component_ref idref="oc-176"/>
      </symbol>
      <symbol id="sm-668">
         <name>__aeabi_idiv</name>
         <value>0x6379</value>
         <object_component_ref idref="oc-36e"/>
      </symbol>
      <symbol id="sm-669">
         <name>__aeabi_idivmod</name>
         <value>0x6379</value>
         <object_component_ref idref="oc-36e"/>
      </symbol>
      <symbol id="sm-66f">
         <name>__aeabi_memcpy</name>
         <value>0x7cc9</value>
         <object_component_ref idref="oc-4f"/>
      </symbol>
      <symbol id="sm-670">
         <name>__aeabi_memcpy4</name>
         <value>0x7cc9</value>
         <object_component_ref idref="oc-4f"/>
      </symbol>
      <symbol id="sm-671">
         <name>__aeabi_memcpy8</name>
         <value>0x7cc9</value>
         <object_component_ref idref="oc-4f"/>
      </symbol>
      <symbol id="sm-67a">
         <name>__aeabi_memset</name>
         <value>0x7bc5</value>
         <object_component_ref idref="oc-2d9"/>
      </symbol>
      <symbol id="sm-67b">
         <name>__aeabi_memset4</name>
         <value>0x7bc5</value>
         <object_component_ref idref="oc-2d9"/>
      </symbol>
      <symbol id="sm-67c">
         <name>__aeabi_memset8</name>
         <value>0x7bc5</value>
         <object_component_ref idref="oc-2d9"/>
      </symbol>
      <symbol id="sm-67d">
         <name>__aeabi_memclr</name>
         <value>0x7c09</value>
         <object_component_ref idref="oc-91"/>
      </symbol>
      <symbol id="sm-67e">
         <name>__aeabi_memclr4</name>
         <value>0x7c09</value>
         <object_component_ref idref="oc-91"/>
      </symbol>
      <symbol id="sm-67f">
         <name>__aeabi_memclr8</name>
         <value>0x7c09</value>
         <object_component_ref idref="oc-91"/>
      </symbol>
      <symbol id="sm-685">
         <name>__aeabi_uidiv</name>
         <value>0x6a29</value>
         <object_component_ref idref="oc-2b0"/>
      </symbol>
      <symbol id="sm-686">
         <name>__aeabi_uidivmod</name>
         <value>0x6a29</value>
         <object_component_ref idref="oc-2b0"/>
      </symbol>
      <symbol id="sm-68c">
         <name>__aeabi_uldivmod</name>
         <value>0x7a75</value>
         <object_component_ref idref="oc-2ee"/>
      </symbol>
      <symbol id="sm-695">
         <name>__eqsf2</name>
         <value>0x6c91</value>
         <object_component_ref idref="oc-26f"/>
      </symbol>
      <symbol id="sm-696">
         <name>__lesf2</name>
         <value>0x6c91</value>
         <object_component_ref idref="oc-26f"/>
      </symbol>
      <symbol id="sm-697">
         <name>__ltsf2</name>
         <value>0x6c91</value>
         <object_component_ref idref="oc-26f"/>
      </symbol>
      <symbol id="sm-698">
         <name>__nesf2</name>
         <value>0x6c91</value>
         <object_component_ref idref="oc-26f"/>
      </symbol>
      <symbol id="sm-699">
         <name>__cmpsf2</name>
         <value>0x6c91</value>
         <object_component_ref idref="oc-26f"/>
      </symbol>
      <symbol id="sm-69a">
         <name>__gtsf2</name>
         <value>0x6bdd</value>
         <object_component_ref idref="oc-274"/>
      </symbol>
      <symbol id="sm-69b">
         <name>__gesf2</name>
         <value>0x6bdd</value>
         <object_component_ref idref="oc-274"/>
      </symbol>
      <symbol id="sm-6a1">
         <name>__udivmoddi4</name>
         <value>0x5221</value>
         <object_component_ref idref="oc-339"/>
      </symbol>
      <symbol id="sm-6a7">
         <name>__aeabi_llsl</name>
         <value>0x73f5</value>
         <object_component_ref idref="oc-362"/>
      </symbol>
      <symbol id="sm-6a8">
         <name>__ashldi3</name>
         <value>0x73f5</value>
         <object_component_ref idref="oc-362"/>
      </symbol>
      <symbol id="sm-6b6">
         <name>__ledf2</name>
         <value>0x5bad</value>
         <object_component_ref idref="oc-2fa"/>
      </symbol>
      <symbol id="sm-6b7">
         <name>__gedf2</name>
         <value>0x5a51</value>
         <object_component_ref idref="oc-300"/>
      </symbol>
      <symbol id="sm-6b8">
         <name>__cmpdf2</name>
         <value>0x5bad</value>
         <object_component_ref idref="oc-2fa"/>
      </symbol>
      <symbol id="sm-6b9">
         <name>__eqdf2</name>
         <value>0x5bad</value>
         <object_component_ref idref="oc-2fa"/>
      </symbol>
      <symbol id="sm-6ba">
         <name>__ltdf2</name>
         <value>0x5bad</value>
         <object_component_ref idref="oc-2fa"/>
      </symbol>
      <symbol id="sm-6bb">
         <name>__nedf2</name>
         <value>0x5bad</value>
         <object_component_ref idref="oc-2fa"/>
      </symbol>
      <symbol id="sm-6bc">
         <name>__gtdf2</name>
         <value>0x5a51</value>
         <object_component_ref idref="oc-300"/>
      </symbol>
      <symbol id="sm-6c8">
         <name>__aeabi_idiv0</name>
         <value>0x302b</value>
         <object_component_ref idref="oc-31b"/>
      </symbol>
      <symbol id="sm-6c9">
         <name>__aeabi_ldiv0</name>
         <value>0x38db</value>
         <object_component_ref idref="oc-361"/>
      </symbol>
      <symbol id="sm-6d2">
         <name>TI_memcpy_small</name>
         <value>0x7b21</value>
         <object_component_ref idref="oc-ac"/>
      </symbol>
      <symbol id="sm-6db">
         <name>TI_memset_small</name>
         <value>0x7bef</value>
         <object_component_ref idref="oc-119"/>
      </symbol>
      <symbol id="sm-6dc">
         <name>__TI_static_base__</name>
         <value>0x0</value>
      </symbol>
      <symbol id="sm-6e0">
         <name>__mpu_init</name>
         <value>0x0</value>
      </symbol>
      <symbol id="sm-6e1">
         <name>_system_post_cinit</name>
         <value>0x0</value>
      </symbol>
   </symbol_table>
   <title>Link successful</title>
</link_info>
