<?xml version="1.0" encoding="ISO-8859-1" ?>
<link_info>
   <banner>TI ARM Clang Linker PC v4.0.4.LTS</banner>
   <copyright>Copyright (c) 1996-2018 Texas Instruments Incorporated</copyright>
   <command_line>D:\TI\CSS\ccs\tools\compiler\ti-cgt-armllvm_4.0.4.LTS\bin\tiarmlnk -ID:\TI\CSS\ccs\tools\compiler\ti-cgt-armllvm_4.0.4.LTS\lib -o empty.out -mempty.map -iC:/TI/mspm0_sdk_2_10_00_04/source -iD:/Desktop/yuntai_v/empty -iD:/Desktop/yuntai_v/empty/Debug/syscfg -iD:/TI/CSS/ccs/tools/compiler/ti-cgt-armllvm_4.0.4.LTS/lib --diag_wrap=off --display_error_number --warn_sections --xml_link_info=empty_linkInfo.xml --rom_model ./empty.o ./ti_msp_dl_config.o ./startup_mspm0g350x_ticlang.o ./Module/OLED/bmp.o ./Module/OLED/oled.o ./Module/OLED/oledfont.o ./Module/command/command.o ./Module/delay/delay.o ./Module/stepper/stepper.o -l./device_linker.cmd -ldevice.cmd.genlibs -llibc.a --start-group -llibc++.a -llibc++abi.a -llibc.a -llibsys.a -llibsysbm.a -llibclang_rt.builtins.a -llibclang_rt.profile.a --end-group --cg_opt_level=0</command_line>
   <link_time>0x6a5dedb4</link_time>
   <link_errors>0x0</link_errors>
   <output_file>D:\Desktop\yuntai_v\empty\Debug\empty.out</output_file>
   <entry_point>
      <name>_c_int00_noargs</name>
      <address>0x1d71</address>
   </entry_point>
   <input_file_list>
      <input_file id="fl-1">
         <path>D:\Desktop\yuntai_v\empty\Debug\.\</path>
         <kind>object</kind>
         <file>empty.o</file>
         <name>empty.o</name>
      </input_file>
      <input_file id="fl-2">
         <path>D:\Desktop\yuntai_v\empty\Debug\.\</path>
         <kind>object</kind>
         <file>ti_msp_dl_config.o</file>
         <name>ti_msp_dl_config.o</name>
      </input_file>
      <input_file id="fl-3">
         <path>D:\Desktop\yuntai_v\empty\Debug\.\</path>
         <kind>object</kind>
         <file>startup_mspm0g350x_ticlang.o</file>
         <name>startup_mspm0g350x_ticlang.o</name>
      </input_file>
      <input_file id="fl-4">
         <path>D:\Desktop\yuntai_v\empty\Debug\.\Module\OLED\</path>
         <kind>object</kind>
         <file>bmp.o</file>
         <name>bmp.o</name>
      </input_file>
      <input_file id="fl-5">
         <path>D:\Desktop\yuntai_v\empty\Debug\.\Module\OLED\</path>
         <kind>object</kind>
         <file>oled.o</file>
         <name>oled.o</name>
      </input_file>
      <input_file id="fl-6">
         <path>D:\Desktop\yuntai_v\empty\Debug\.\Module\OLED\</path>
         <kind>object</kind>
         <file>oledfont.o</file>
         <name>oledfont.o</name>
      </input_file>
      <input_file id="fl-7">
         <path>D:\Desktop\yuntai_v\empty\Debug\.\Module\command\</path>
         <kind>object</kind>
         <file>command.o</file>
         <name>command.o</name>
      </input_file>
      <input_file id="fl-8">
         <path>D:\Desktop\yuntai_v\empty\Debug\.\Module\delay\</path>
         <kind>object</kind>
         <file>delay.o</file>
         <name>delay.o</name>
      </input_file>
      <input_file id="fl-9">
         <path>D:\Desktop\yuntai_v\empty\Debug\.\Module\stepper\</path>
         <kind>object</kind>
         <file>stepper.o</file>
         <name>stepper.o</name>
      </input_file>
      <input_file id="fl-16">
         <path>D:\Desktop\yuntai_v\empty\Debug\</path>
         <kind>object</kind>
         <file>&lt;internal&gt;</file>
         <name>&lt;internal&gt;</name>
      </input_file>
      <input_file id="fl-17">
         <path>C:\TI\mspm0_sdk_2_10_00_04\source\ti\driverlib\lib\ticlang\m0p\mspm0g1x0x_g3x0x\</path>
         <kind>archive</kind>
         <file>driverlib.a</file>
         <name>dl_common.o</name>
      </input_file>
      <input_file id="fl-18">
         <path>C:\TI\mspm0_sdk_2_10_00_04\source\ti\driverlib\lib\ticlang\m0p\mspm0g1x0x_g3x0x\</path>
         <kind>archive</kind>
         <file>driverlib.a</file>
         <name>dl_dma.o</name>
      </input_file>
      <input_file id="fl-19">
         <path>C:\TI\mspm0_sdk_2_10_00_04\source\ti\driverlib\lib\ticlang\m0p\mspm0g1x0x_g3x0x\</path>
         <kind>archive</kind>
         <file>driverlib.a</file>
         <name>dl_spi.o</name>
      </input_file>
      <input_file id="fl-1a">
         <path>C:\TI\mspm0_sdk_2_10_00_04\source\ti\driverlib\lib\ticlang\m0p\mspm0g1x0x_g3x0x\</path>
         <kind>archive</kind>
         <file>driverlib.a</file>
         <name>dl_timer.o</name>
      </input_file>
      <input_file id="fl-1b">
         <path>C:\TI\mspm0_sdk_2_10_00_04\source\ti\driverlib\lib\ticlang\m0p\mspm0g1x0x_g3x0x\</path>
         <kind>archive</kind>
         <file>driverlib.a</file>
         <name>dl_uart.o</name>
      </input_file>
      <input_file id="fl-1c">
         <path>C:\TI\mspm0_sdk_2_10_00_04\source\ti\driverlib\lib\ticlang\m0p\mspm0g1x0x_g3x0x\</path>
         <kind>archive</kind>
         <file>driverlib.a</file>
         <name>dl_sysctl_mspm0g1x0x_g3x0x.o</name>
      </input_file>
      <input_file id="fl-33">
         <path>D:\TI\CSS\ccs\tools\compiler\ti-cgt-armllvm_4.0.4.LTS\lib\armv6m-ti-none-eabi\c\</path>
         <kind>archive</kind>
         <file>libc.a</file>
         <name>boot_cortex_m.c.obj</name>
      </input_file>
      <input_file id="fl-34">
         <path>D:\TI\CSS\ccs\tools\compiler\ti-cgt-armllvm_4.0.4.LTS\lib\armv6m-ti-none-eabi\c\</path>
         <kind>archive</kind>
         <file>libc.a</file>
         <name>mathacl_init.c.obj</name>
      </input_file>
      <input_file id="fl-35">
         <path>D:\TI\CSS\ccs\tools\compiler\ti-cgt-armllvm_4.0.4.LTS\lib\armv6m-ti-none-eabi\c\</path>
         <kind>archive</kind>
         <file>libc.a</file>
         <name>autoinit.c.obj</name>
      </input_file>
      <input_file id="fl-36">
         <path>D:\TI\CSS\ccs\tools\compiler\ti-cgt-armllvm_4.0.4.LTS\lib\armv6m-ti-none-eabi\c\</path>
         <kind>archive</kind>
         <file>libc.a</file>
         <name>pre_init.c.obj</name>
      </input_file>
      <input_file id="fl-37">
         <path>D:\TI\CSS\ccs\tools\compiler\ti-cgt-armllvm_4.0.4.LTS\lib\armv6m-ti-none-eabi\c\</path>
         <kind>archive</kind>
         <file>libc.a</file>
         <name>cpy_tbl.c.obj</name>
      </input_file>
      <input_file id="fl-38">
         <path>D:\TI\CSS\ccs\tools\compiler\ti-cgt-armllvm_4.0.4.LTS\lib\armv6m-ti-none-eabi\c\</path>
         <kind>archive</kind>
         <file>libc.a</file>
         <name>copy_zero_init.c.obj</name>
      </input_file>
      <input_file id="fl-39">
         <path>D:\TI\CSS\ccs\tools\compiler\ti-cgt-armllvm_4.0.4.LTS\lib\armv6m-ti-none-eabi\c\</path>
         <kind>archive</kind>
         <file>libc.a</file>
         <name>copy_decompress_none.c.obj</name>
      </input_file>
      <input_file id="fl-3a">
         <path>D:\TI\CSS\ccs\tools\compiler\ti-cgt-armllvm_4.0.4.LTS\lib\armv6m-ti-none-eabi\c\</path>
         <kind>archive</kind>
         <file>libc.a</file>
         <name>copy_decompress_lzss.c.obj</name>
      </input_file>
      <input_file id="fl-3b">
         <path>D:\TI\CSS\ccs\tools\compiler\ti-cgt-armllvm_4.0.4.LTS\lib\armv6m-ti-none-eabi\c\</path>
         <kind>archive</kind>
         <file>libc.a</file>
         <name>exit.c.obj</name>
      </input_file>
      <input_file id="fl-3c">
         <path>D:\TI\CSS\ccs\tools\compiler\ti-cgt-armllvm_4.0.4.LTS\lib\armv6m-ti-none-eabi\c\</path>
         <kind>archive</kind>
         <file>libc.a</file>
         <name>_lock.c.obj</name>
      </input_file>
      <input_file id="fl-3d">
         <path>D:\TI\CSS\ccs\tools\compiler\ti-cgt-armllvm_4.0.4.LTS\lib\armv6m-ti-none-eabi\c\</path>
         <kind>archive</kind>
         <file>libc.a</file>
         <name>args_main.c.obj</name>
      </input_file>
      <input_file id="fl-dd">
         <path>D:\TI\CSS\ccs\tools\compiler\ti-cgt-armllvm_4.0.4.LTS\lib\armv6m-ti-none-eabi\c\</path>
         <kind>archive</kind>
         <file>libsysbm.a</file>
         <name>hostexit.c.obj</name>
      </input_file>
      <input_file id="fl-de">
         <path>D:\TI\CSS\ccs\tools\compiler\ti-cgt-armllvm_4.0.4.LTS\lib\armv6m-ti-none-eabi\</path>
         <kind>archive</kind>
         <file>libclang_rt.builtins.a</file>
         <name>addsf3.S.obj</name>
      </input_file>
      <input_file id="fl-df">
         <path>D:\TI\CSS\ccs\tools\compiler\ti-cgt-armllvm_4.0.4.LTS\lib\armv6m-ti-none-eabi\</path>
         <kind>archive</kind>
         <file>libclang_rt.builtins.a</file>
         <name>mulsf3.S.obj</name>
      </input_file>
      <input_file id="fl-e0">
         <path>D:\TI\CSS\ccs\tools\compiler\ti-cgt-armllvm_4.0.4.LTS\lib\armv6m-ti-none-eabi\</path>
         <kind>archive</kind>
         <file>libclang_rt.builtins.a</file>
         <name>fixsfsi.S.obj</name>
      </input_file>
      <input_file id="fl-e1">
         <path>D:\TI\CSS\ccs\tools\compiler\ti-cgt-armllvm_4.0.4.LTS\lib\armv6m-ti-none-eabi\</path>
         <kind>archive</kind>
         <file>libclang_rt.builtins.a</file>
         <name>fixunssfsi.S.obj</name>
      </input_file>
      <input_file id="fl-e2">
         <path>D:\TI\CSS\ccs\tools\compiler\ti-cgt-armllvm_4.0.4.LTS\lib\armv6m-ti-none-eabi\</path>
         <kind>archive</kind>
         <file>libclang_rt.builtins.a</file>
         <name>floatsisf.S.obj</name>
      </input_file>
      <input_file id="fl-e3">
         <path>D:\TI\CSS\ccs\tools\compiler\ti-cgt-armllvm_4.0.4.LTS\lib\armv6m-ti-none-eabi\</path>
         <kind>archive</kind>
         <file>libclang_rt.builtins.a</file>
         <name>floatunsidf.S.obj</name>
      </input_file>
      <input_file id="fl-e4">
         <path>D:\TI\CSS\ccs\tools\compiler\ti-cgt-armllvm_4.0.4.LTS\lib\armv6m-ti-none-eabi\</path>
         <kind>archive</kind>
         <file>libclang_rt.builtins.a</file>
         <name>floatunsisf.S.obj</name>
      </input_file>
      <input_file id="fl-e5">
         <path>D:\TI\CSS\ccs\tools\compiler\ti-cgt-armllvm_4.0.4.LTS\lib\armv6m-ti-none-eabi\</path>
         <kind>archive</kind>
         <file>libclang_rt.builtins.a</file>
         <name>aeabi_dcmp.S.obj</name>
      </input_file>
      <input_file id="fl-e6">
         <path>D:\TI\CSS\ccs\tools\compiler\ti-cgt-armllvm_4.0.4.LTS\lib\armv6m-ti-none-eabi\</path>
         <kind>archive</kind>
         <file>libclang_rt.builtins.a</file>
         <name>aeabi_fcmp.S.obj</name>
      </input_file>
      <input_file id="fl-e7">
         <path>D:\TI\CSS\ccs\tools\compiler\ti-cgt-armllvm_4.0.4.LTS\lib\armv6m-ti-none-eabi\</path>
         <kind>archive</kind>
         <file>libclang_rt.builtins.a</file>
         <name>aeabi_memcpy.S.obj</name>
      </input_file>
      <input_file id="fl-e8">
         <path>D:\TI\CSS\ccs\tools\compiler\ti-cgt-armllvm_4.0.4.LTS\lib\armv6m-ti-none-eabi\</path>
         <kind>archive</kind>
         <file>libclang_rt.builtins.a</file>
         <name>aeabi_memset.S.obj</name>
      </input_file>
      <input_file id="fl-e9">
         <path>D:\TI\CSS\ccs\tools\compiler\ti-cgt-armllvm_4.0.4.LTS\lib\armv6m-ti-none-eabi\</path>
         <kind>archive</kind>
         <file>libclang_rt.builtins.a</file>
         <name>aeabi_uidivmod.S.obj</name>
      </input_file>
      <input_file id="fl-ea">
         <path>D:\TI\CSS\ccs\tools\compiler\ti-cgt-armllvm_4.0.4.LTS\lib\armv6m-ti-none-eabi\</path>
         <kind>archive</kind>
         <file>libclang_rt.builtins.a</file>
         <name>comparesf2.S.obj</name>
      </input_file>
      <input_file id="fl-eb">
         <path>D:\TI\CSS\ccs\tools\compiler\ti-cgt-armllvm_4.0.4.LTS\lib\armv6m-ti-none-eabi\</path>
         <kind>archive</kind>
         <file>libclang_rt.builtins.a</file>
         <name>muldsi3.S.obj</name>
      </input_file>
      <input_file id="fl-ec">
         <path>D:\TI\CSS\ccs\tools\compiler\ti-cgt-armllvm_4.0.4.LTS\lib\armv6m-ti-none-eabi\</path>
         <kind>archive</kind>
         <file>libclang_rt.builtins.a</file>
         <name>comparedf2.c.obj</name>
      </input_file>
      <input_file id="fl-ed">
         <path>D:\TI\CSS\ccs\tools\compiler\ti-cgt-armllvm_4.0.4.LTS\lib\armv6m-ti-none-eabi\</path>
         <kind>archive</kind>
         <file>libclang_rt.builtins.a</file>
         <name>aeabi_div0.c.obj</name>
      </input_file>
      <input_file id="fl-ee">
         <path>D:\TI\CSS\ccs\tools\compiler\ti-cgt-armllvm_4.0.4.LTS\lib\armv6m-ti-none-eabi\c\</path>
         <kind>archive</kind>
         <file>libc.a</file>
         <name>memcpy16.S.obj</name>
      </input_file>
      <input_file id="fl-ef">
         <path>D:\TI\CSS\ccs\tools\compiler\ti-cgt-armllvm_4.0.4.LTS\lib\armv6m-ti-none-eabi\c\</path>
         <kind>archive</kind>
         <file>libc.a</file>
         <name>memset16.S.obj</name>
      </input_file>
   </input_file_list>
   <object_component_list>
      <object_component id="oc-18">
         <name>.intvecs</name>
         <load_address>0x0</load_address>
         <readonly>true</readonly>
         <run_address>0x0</run_address>
         <size>0xc0</size>
         <alignment>0x4</alignment>
         <input_file_ref idref="fl-3"/>
      </object_component>
      <object_component id="oc-109">
         <name>.text.OLED_ShowChar</name>
         <load_address>0xc0</load_address>
         <readonly>true</readonly>
         <executable>true</executable>
         <run_address>0xc0</run_address>
         <size>0x1d0</size>
         <alignment>0x4</alignment>
         <input_file_ref idref="fl-5"/>
      </object_component>
      <object_component id="oc-98">
         <name>.text.OLED_Init</name>
         <load_address>0x290</load_address>
         <readonly>true</readonly>
         <executable>true</executable>
         <run_address>0x290</run_address>
         <size>0x120</size>
         <alignment>0x4</alignment>
         <input_file_ref idref="fl-5"/>
      </object_component>
      <object_component id="oc-a9">
         <name>.text.follow_control</name>
         <load_address>0x3b0</load_address>
         <readonly>true</readonly>
         <executable>true</executable>
         <run_address>0x3b0</run_address>
         <size>0x118</size>
         <alignment>0x4</alignment>
         <input_file_ref idref="fl-9"/>
      </object_component>
      <object_component id="oc-76">
         <name>.text.main</name>
         <load_address>0x4c8</load_address>
         <readonly>true</readonly>
         <executable>true</executable>
         <run_address>0x4c8</run_address>
         <size>0x114</size>
         <alignment>0x4</alignment>
         <input_file_ref idref="fl-1"/>
      </object_component>
      <object_component id="oc-aa">
         <name>.text.OLED_ShowSignedNum</name>
         <load_address>0x5dc</load_address>
         <readonly>true</readonly>
         <executable>true</executable>
         <run_address>0x5dc</run_address>
         <size>0x10a</size>
         <alignment>0x2</alignment>
         <input_file_ref idref="fl-5"/>
      </object_component>
      <object_component id="oc-197">
         <name>.text.__aeabi_idiv0</name>
         <load_address>0x6e6</load_address>
         <readonly>true</readonly>
         <executable>true</executable>
         <run_address>0x6e6</run_address>
         <size>0x2</size>
         <alignment>0x2</alignment>
         <input_file_ref idref="fl-ed"/>
      </object_component>
      <object_component id="oc-148">
         <name>.text.DL_Timer_initTimerMode</name>
         <load_address>0x6e8</load_address>
         <readonly>true</readonly>
         <executable>true</executable>
         <run_address>0x6e8</run_address>
         <size>0xfc</size>
         <alignment>0x4</alignment>
         <input_file_ref idref="fl-1a"/>
      </object_component>
      <object_component id="oc-13c">
         <name>.text.SYSCFG_DL_SYSCTL_SYSPLL_init</name>
         <load_address>0x7e4</load_address>
         <readonly>true</readonly>
         <executable>true</executable>
         <run_address>0x7e4</run_address>
         <size>0xe8</size>
         <alignment>0x4</alignment>
         <input_file_ref idref="fl-2"/>
      </object_component>
      <object_component id="oc-f6">
         <name>.text.Command_GetCommand</name>
         <load_address>0x8cc</load_address>
         <readonly>true</readonly>
         <executable>true</executable>
         <run_address>0x8cc</run_address>
         <size>0xe4</size>
         <alignment>0x4</alignment>
         <input_file_ref idref="fl-7"/>
      </object_component>
      <object_component id="oc-13b">
         <name>.text.DL_SYSCTL_configSYSPLL</name>
         <load_address>0x9b0</load_address>
         <readonly>true</readonly>
         <executable>true</executable>
         <run_address>0x9b0</run_address>
         <size>0xdc</size>
         <alignment>0x4</alignment>
         <input_file_ref idref="fl-1c"/>
      </object_component>
      <object_component id="oc-183">
         <name>.text</name>
         <load_address>0xa8c</load_address>
         <readonly>true</readonly>
         <executable>true</executable>
         <run_address>0xa8c</run_address>
         <size>0xd8</size>
         <alignment>0x4</alignment>
         <input_file_ref idref="fl-de"/>
      </object_component>
      <object_component id="oc-a8">
         <name>.text.Command_GetResult</name>
         <load_address>0xb64</load_address>
         <readonly>true</readonly>
         <executable>true</executable>
         <run_address>0xb64</run_address>
         <size>0xac</size>
         <alignment>0x4</alignment>
         <input_file_ref idref="fl-7"/>
      </object_component>
      <object_component id="oc-5e">
         <name>.text.Command_Write</name>
         <load_address>0xc10</load_address>
         <readonly>true</readonly>
         <executable>true</executable>
         <run_address>0xc10</run_address>
         <size>0xac</size>
         <alignment>0x4</alignment>
         <input_file_ref idref="fl-7"/>
      </object_component>
      <object_component id="oc-d3">
         <name>.text.SYSCFG_DL_GPIO_init</name>
         <load_address>0xcbc</load_address>
         <readonly>true</readonly>
         <executable>true</executable>
         <run_address>0xcbc</run_address>
         <size>0x94</size>
         <alignment>0x4</alignment>
         <input_file_ref idref="fl-2"/>
      </object_component>
      <object_component id="oc-191">
         <name>.text.OLED_DrawPoint</name>
         <load_address>0xd50</load_address>
         <readonly>true</readonly>
         <executable>true</executable>
         <run_address>0xd50</run_address>
         <size>0x90</size>
         <alignment>0x4</alignment>
         <input_file_ref idref="fl-5"/>
      </object_component>
      <object_component id="oc-d2">
         <name>.text.SYSCFG_DL_initPower</name>
         <load_address>0xde0</load_address>
         <readonly>true</readonly>
         <executable>true</executable>
         <run_address>0xde0</run_address>
         <size>0x8c</size>
         <alignment>0x4</alignment>
         <input_file_ref idref="fl-2"/>
      </object_component>
      <object_component id="oc-17f">
         <name>.text.__mulsf3</name>
         <load_address>0xe6c</load_address>
         <readonly>true</readonly>
         <executable>true</executable>
         <run_address>0xe6c</run_address>
         <size>0x8c</size>
         <alignment>0x4</alignment>
         <input_file_ref idref="fl-df"/>
      </object_component>
      <object_component id="oc-ab">
         <name>.text.OLED_Refresh</name>
         <load_address>0xef8</load_address>
         <readonly>true</readonly>
         <executable>true</executable>
         <run_address>0xef8</run_address>
         <size>0x7c</size>
         <alignment>0x4</alignment>
         <input_file_ref idref="fl-5"/>
      </object_component>
      <object_component id="oc-1c">
         <name>.text:decompress:lzss</name>
         <load_address>0xf74</load_address>
         <readonly>true</readonly>
         <executable>true</executable>
         <run_address>0xf74</run_address>
         <size>0x7c</size>
         <alignment>0x4</alignment>
         <input_file_ref idref="fl-3a"/>
      </object_component>
      <object_component id="oc-e5">
         <name>.text.OLED_WR_Byte</name>
         <load_address>0xff0</load_address>
         <readonly>true</readonly>
         <executable>true</executable>
         <run_address>0xff0</run_address>
         <size>0x74</size>
         <alignment>0x4</alignment>
         <input_file_ref idref="fl-5"/>
      </object_component>
      <object_component id="oc-d4">
         <name>.text.SYSCFG_DL_SYSCTL_init</name>
         <load_address>0x1064</load_address>
         <readonly>true</readonly>
         <executable>true</executable>
         <run_address>0x1064</run_address>
         <size>0x74</size>
         <alignment>0x4</alignment>
         <input_file_ref idref="fl-2"/>
      </object_component>
      <object_component id="oc-1dc">
         <name>.text.__gedf2</name>
         <load_address>0x10d8</load_address>
         <readonly>true</readonly>
         <executable>true</executable>
         <run_address>0x10d8</run_address>
         <size>0x74</size>
         <alignment>0x4</alignment>
         <input_file_ref idref="fl-ec"/>
      </object_component>
      <object_component id="oc-1d6">
         <name>.text.__ledf2</name>
         <load_address>0x114c</load_address>
         <readonly>true</readonly>
         <executable>true</executable>
         <run_address>0x114c</run_address>
         <size>0x68</size>
         <alignment>0x4</alignment>
         <input_file_ref idref="fl-ec"/>
      </object_component>
      <object_component id="oc-135">
         <name>.text.DL_SYSCTL_setHFCLKSourceHFXTParams</name>
         <load_address>0x11b4</load_address>
         <readonly>true</readonly>
         <executable>true</executable>
         <run_address>0x11b4</run_address>
         <size>0x64</size>
         <alignment>0x4</alignment>
         <input_file_ref idref="fl-1c"/>
      </object_component>
      <object_component id="oc-1b4">
         <name>.text.__aeabi_dcmp</name>
         <load_address>0x1218</load_address>
         <readonly>true</readonly>
         <executable>true</executable>
         <run_address>0x1218</run_address>
         <size>0x62</size>
         <alignment>0x4</alignment>
         <input_file_ref idref="fl-e5"/>
      </object_component>
      <object_component id="oc-fc">
         <name>.text.__aeabi_fcmp</name>
         <load_address>0x127c</load_address>
         <readonly>true</readonly>
         <executable>true</executable>
         <run_address>0x127c</run_address>
         <size>0x62</size>
         <alignment>0x4</alignment>
         <input_file_ref idref="fl-e6"/>
      </object_component>
      <object_component id="oc-e6">
         <name>.text.OLED_Clear</name>
         <load_address>0x12e0</load_address>
         <readonly>true</readonly>
         <executable>true</executable>
         <run_address>0x12e0</run_address>
         <size>0x60</size>
         <alignment>0x4</alignment>
         <input_file_ref idref="fl-5"/>
      </object_component>
      <object_component id="oc-39">
         <name>.text.TIMA0_IRQHandler</name>
         <load_address>0x1340</load_address>
         <readonly>true</readonly>
         <executable>true</executable>
         <run_address>0x1340</run_address>
         <size>0x60</size>
         <alignment>0x4</alignment>
         <input_file_ref idref="fl-1"/>
      </object_component>
      <object_component id="oc-104">
         <name>.text.Emm_V5_Vel_Control_1</name>
         <load_address>0x13a0</load_address>
         <readonly>true</readonly>
         <executable>true</executable>
         <run_address>0x13a0</run_address>
         <size>0x58</size>
         <alignment>0x4</alignment>
         <input_file_ref idref="fl-9"/>
      </object_component>
      <object_component id="oc-105">
         <name>.text.Emm_V5_Vel_Control_2</name>
         <load_address>0x13f8</load_address>
         <readonly>true</readonly>
         <executable>true</executable>
         <run_address>0x13f8</run_address>
         <size>0x58</size>
         <alignment>0x4</alignment>
         <input_file_ref idref="fl-9"/>
      </object_component>
      <object_component id="oc-fa">
         <name>.text.stepper1_pd_calc</name>
         <load_address>0x1450</load_address>
         <readonly>true</readonly>
         <executable>true</executable>
         <run_address>0x1450</run_address>
         <size>0x58</size>
         <alignment>0x2</alignment>
         <input_file_ref idref="fl-9"/>
      </object_component>
      <object_component id="oc-fb">
         <name>.text.stepper2_pd_calc</name>
         <load_address>0x14a8</load_address>
         <readonly>true</readonly>
         <executable>true</executable>
         <run_address>0x14a8</run_address>
         <size>0x58</size>
         <alignment>0x2</alignment>
         <input_file_ref idref="fl-9"/>
      </object_component>
      <object_component id="oc-d8">
         <name>.text.SYSCFG_DL_BT_init</name>
         <load_address>0x1500</load_address>
         <readonly>true</readonly>
         <executable>true</executable>
         <run_address>0x1500</run_address>
         <size>0x50</size>
         <alignment>0x4</alignment>
         <input_file_ref idref="fl-2"/>
      </object_component>
      <object_component id="oc-d7">
         <name>.text.SYSCFG_DL_STEPPER_init</name>
         <load_address>0x1550</load_address>
         <readonly>true</readonly>
         <executable>true</executable>
         <run_address>0x1550</run_address>
         <size>0x50</size>
         <alignment>0x4</alignment>
         <input_file_ref idref="fl-2"/>
      </object_component>
      <object_component id="oc-1bf">
         <name>.text.DL_DMA_initChannel</name>
         <load_address>0x15a0</load_address>
         <readonly>true</readonly>
         <executable>true</executable>
         <run_address>0x15a0</run_address>
         <size>0x4c</size>
         <alignment>0x4</alignment>
         <input_file_ref idref="fl-18"/>
      </object_component>
      <object_component id="oc-155">
         <name>.text.DL_UART_setBaudRateDivisor</name>
         <load_address>0x15ec</load_address>
         <readonly>true</readonly>
         <executable>true</executable>
         <run_address>0x15ec</run_address>
         <size>0x4c</size>
         <alignment>0x4</alignment>
         <input_file_ref idref="fl-2"/>
      </object_component>
      <object_component id="oc-153">
         <name>.text.DL_UART_init</name>
         <load_address>0x1638</load_address>
         <readonly>true</readonly>
         <executable>true</executable>
         <run_address>0x1638</run_address>
         <size>0x48</size>
         <alignment>0x4</alignment>
         <input_file_ref idref="fl-1b"/>
      </object_component>
      <object_component id="oc-e8">
         <name>.text.OLED_DisplayTurn</name>
         <load_address>0x1680</load_address>
         <readonly>true</readonly>
         <executable>true</executable>
         <run_address>0x1680</run_address>
         <size>0x48</size>
         <alignment>0x2</alignment>
         <input_file_ref idref="fl-5"/>
      </object_component>
      <object_component id="oc-d6">
         <name>.text.SYSCFG_DL_K230_init</name>
         <load_address>0x16c8</load_address>
         <readonly>true</readonly>
         <executable>true</executable>
         <run_address>0x16c8</run_address>
         <size>0x48</size>
         <alignment>0x4</alignment>
         <input_file_ref idref="fl-2"/>
      </object_component>
      <object_component id="oc-166">
         <name>.text.DL_SPI_init</name>
         <load_address>0x1710</load_address>
         <readonly>true</readonly>
         <executable>true</executable>
         <run_address>0x1710</run_address>
         <size>0x44</size>
         <alignment>0x4</alignment>
         <input_file_ref idref="fl-19"/>
      </object_component>
      <object_component id="oc-140">
         <name>.text.DL_SYSCTL_switchMCLKfromSYSOSCtoHSCLK</name>
         <load_address>0x1754</load_address>
         <readonly>true</readonly>
         <executable>true</executable>
         <run_address>0x1754</run_address>
         <size>0x44</size>
         <alignment>0x4</alignment>
         <input_file_ref idref="fl-1c"/>
      </object_component>
      <object_component id="oc-a2">
         <name>.text.Emm_V5_En_Control</name>
         <load_address>0x1798</load_address>
         <readonly>true</readonly>
         <executable>true</executable>
         <run_address>0x1798</run_address>
         <size>0x44</size>
         <alignment>0x4</alignment>
         <input_file_ref idref="fl-9"/>
      </object_component>
      <object_component id="oc-f1">
         <name>.text.stepper_write</name>
         <load_address>0x17dc</load_address>
         <readonly>true</readonly>
         <executable>true</executable>
         <run_address>0x17dc</run_address>
         <size>0x44</size>
         <alignment>0x4</alignment>
         <input_file_ref idref="fl-1"/>
      </object_component>
      <object_component id="oc-d9">
         <name>.text.SYSCFG_DL_SPI_OLED_init</name>
         <load_address>0x1820</load_address>
         <readonly>true</readonly>
         <executable>true</executable>
         <run_address>0x1820</run_address>
         <size>0x40</size>
         <alignment>0x4</alignment>
         <input_file_ref idref="fl-2"/>
      </object_component>
      <object_component id="oc-90">
         <name>.text.SYSCFG_DL_init</name>
         <load_address>0x1860</load_address>
         <readonly>true</readonly>
         <executable>true</executable>
         <run_address>0x1860</run_address>
         <size>0x40</size>
         <alignment>0x4</alignment>
         <input_file_ref idref="fl-2"/>
      </object_component>
      <object_component id="oc-10b">
         <name>.text.__aeabi_uidivmod</name>
         <load_address>0x18a0</load_address>
         <readonly>true</readonly>
         <executable>true</executable>
         <run_address>0x18a0</run_address>
         <size>0x40</size>
         <alignment>0x4</alignment>
         <input_file_ref idref="fl-e9"/>
      </object_component>
      <object_component id="oc-f9">
         <name>.text.Emm_V5_Stop_Now</name>
         <load_address>0x18e0</load_address>
         <readonly>true</readonly>
         <executable>true</executable>
         <run_address>0x18e0</run_address>
         <size>0x3c</size>
         <alignment>0x4</alignment>
         <input_file_ref idref="fl-9"/>
      </object_component>
      <object_component id="oc-17b">
         <name>.text.__floatsisf</name>
         <load_address>0x191c</load_address>
         <readonly>true</readonly>
         <executable>true</executable>
         <run_address>0x191c</run_address>
         <size>0x3c</size>
         <alignment>0x4</alignment>
         <input_file_ref idref="fl-e2"/>
      </object_component>
      <object_component id="oc-18c">
         <name>.text.__gtsf2</name>
         <load_address>0x1958</load_address>
         <readonly>true</readonly>
         <executable>true</executable>
         <run_address>0x1958</run_address>
         <size>0x3c</size>
         <alignment>0x4</alignment>
         <input_file_ref idref="fl-ea"/>
      </object_component>
      <object_component id="oc-b8">
         <name>.text:__TI_auto_init_nobinit_nopinit</name>
         <load_address>0x1994</load_address>
         <readonly>true</readonly>
         <executable>true</executable>
         <run_address>0x1994</run_address>
         <size>0x3c</size>
         <alignment>0x4</alignment>
         <input_file_ref idref="fl-35"/>
      </object_component>
      <object_component id="oc-187">
         <name>.text.__eqsf2</name>
         <load_address>0x19d0</load_address>
         <readonly>true</readonly>
         <executable>true</executable>
         <run_address>0x19d0</run_address>
         <size>0x3a</size>
         <alignment>0x4</alignment>
         <input_file_ref idref="fl-ea"/>
      </object_component>
      <object_component id="oc-1c8">
         <name>.text.__muldsi3</name>
         <load_address>0x1a0c</load_address>
         <readonly>true</readonly>
         <executable>true</executable>
         <run_address>0x1a0c</run_address>
         <size>0x3a</size>
         <alignment>0x4</alignment>
         <input_file_ref idref="fl-eb"/>
      </object_component>
      <object_component id="oc-100">
         <name>.text.__fixsfsi</name>
         <load_address>0x1a48</load_address>
         <readonly>true</readonly>
         <executable>true</executable>
         <run_address>0x1a48</run_address>
         <size>0x38</size>
         <alignment>0x4</alignment>
         <input_file_ref idref="fl-e0"/>
      </object_component>
      <object_component id="oc-e7">
         <name>.text.OLED_ColorTurn</name>
         <load_address>0x1a80</load_address>
         <readonly>true</readonly>
         <executable>true</executable>
         <run_address>0x1a80</run_address>
         <size>0x34</size>
         <alignment>0x2</alignment>
         <input_file_ref idref="fl-5"/>
      </object_component>
      <object_component id="oc-d5">
         <name>.text.SYSCFG_DL_TIMER_0_init</name>
         <load_address>0x1ab4</load_address>
         <readonly>true</readonly>
         <executable>true</executable>
         <run_address>0x1ab4</run_address>
         <size>0x34</size>
         <alignment>0x4</alignment>
         <input_file_ref idref="fl-2"/>
      </object_component>
      <object_component id="oc-177">
         <name>.text.DL_DMA_setTransferSize</name>
         <load_address>0x1ae8</load_address>
         <readonly>true</readonly>
         <executable>true</executable>
         <run_address>0x1ae8</run_address>
         <size>0x30</size>
         <alignment>0x4</alignment>
         <input_file_ref idref="fl-1"/>
      </object_component>
      <object_component id="oc-1be">
         <name>.text.DL_DMA_setTransferSize</name>
         <load_address>0x1b18</load_address>
         <readonly>true</readonly>
         <executable>true</executable>
         <run_address>0x1b18</run_address>
         <size>0x30</size>
         <alignment>0x4</alignment>
         <input_file_ref idref="fl-2"/>
      </object_component>
      <object_component id="oc-168">
         <name>.text.DL_SPI_setFIFOThreshold</name>
         <load_address>0x1b48</load_address>
         <readonly>true</readonly>
         <executable>true</executable>
         <run_address>0x1b48</run_address>
         <size>0x30</size>
         <alignment>0x4</alignment>
         <input_file_ref idref="fl-2"/>
      </object_component>
      <object_component id="oc-10a">
         <name>.text.OLED_Pow</name>
         <load_address>0x1b78</load_address>
         <readonly>true</readonly>
         <executable>true</executable>
         <run_address>0x1b78</run_address>
         <size>0x30</size>
         <alignment>0x2</alignment>
         <input_file_ref idref="fl-5"/>
      </object_component>
      <object_component id="oc-34">
         <name>.text.UART1_IRQHandler</name>
         <load_address>0x1ba8</load_address>
         <readonly>true</readonly>
         <executable>true</executable>
         <run_address>0x1ba8</run_address>
         <size>0x30</size>
         <alignment>0x4</alignment>
         <input_file_ref idref="fl-1"/>
      </object_component>
      <object_component id="oc-df">
         <name>.text.__NVIC_ClearPendingIRQ</name>
         <load_address>0x1bd8</load_address>
         <readonly>true</readonly>
         <executable>true</executable>
         <run_address>0x1bd8</run_address>
         <size>0x2c</size>
         <alignment>0x4</alignment>
         <input_file_ref idref="fl-1"/>
      </object_component>
      <object_component id="oc-e0">
         <name>.text.__NVIC_EnableIRQ</name>
         <load_address>0x1c04</load_address>
         <readonly>true</readonly>
         <executable>true</executable>
         <run_address>0x1c04</run_address>
         <size>0x2c</size>
         <alignment>0x4</alignment>
         <input_file_ref idref="fl-1"/>
      </object_component>
      <object_component id="oc-1a8">
         <name>.text.DL_Common_updateReg</name>
         <load_address>0x1c30</load_address>
         <readonly>true</readonly>
         <executable>true</executable>
         <run_address>0x1c30</run_address>
         <size>0x28</size>
         <alignment>0x2</alignment>
         <input_file_ref idref="fl-2"/>
      </object_component>
      <object_component id="oc-176">
         <name>.text.DL_DMA_setDestAddr</name>
         <load_address>0x1c58</load_address>
         <readonly>true</readonly>
         <executable>true</executable>
         <run_address>0x1c58</run_address>
         <size>0x28</size>
         <alignment>0x4</alignment>
         <input_file_ref idref="fl-1"/>
      </object_component>
      <object_component id="oc-175">
         <name>.text.DL_DMA_setSrcAddr</name>
         <load_address>0x1c80</load_address>
         <readonly>true</readonly>
         <executable>true</executable>
         <run_address>0x1c80</run_address>
         <size>0x28</size>
         <alignment>0x4</alignment>
         <input_file_ref idref="fl-1"/>
      </object_component>
      <object_component id="oc-a7">
         <name>.text.Emm_V5_Reset_CurPos_To_Zero</name>
         <load_address>0x1ca8</load_address>
         <readonly>true</readonly>
         <executable>true</executable>
         <run_address>0x1ca8</run_address>
         <size>0x28</size>
         <alignment>0x4</alignment>
         <input_file_ref idref="fl-9"/>
      </object_component>
      <object_component id="oc-16e">
         <name>.text.SYSCFG_DL_BT_RX_init</name>
         <load_address>0x1cd0</load_address>
         <readonly>true</readonly>
         <executable>true</executable>
         <run_address>0x1cd0</run_address>
         <size>0x28</size>
         <alignment>0x4</alignment>
         <input_file_ref idref="fl-2"/>
      </object_component>
      <object_component id="oc-16f">
         <name>.text.SYSCFG_DL_BT_TX_init</name>
         <load_address>0x1cf8</load_address>
         <readonly>true</readonly>
         <executable>true</executable>
         <run_address>0x1cf8</run_address>
         <size>0x28</size>
         <alignment>0x4</alignment>
         <input_file_ref idref="fl-2"/>
      </object_component>
      <object_component id="oc-16d">
         <name>.text.SYSCFG_DL_STEPPER_RX_init</name>
         <load_address>0x1d20</load_address>
         <readonly>true</readonly>
         <executable>true</executable>
         <run_address>0x1d20</run_address>
         <size>0x28</size>
         <alignment>0x4</alignment>
         <input_file_ref idref="fl-2"/>
      </object_component>
      <object_component id="oc-16c">
         <name>.text.SYSCFG_DL_STEPPER_TX_init</name>
         <load_address>0x1d48</load_address>
         <readonly>true</readonly>
         <executable>true</executable>
         <run_address>0x1d48</run_address>
         <size>0x28</size>
         <alignment>0x4</alignment>
         <input_file_ref idref="fl-2"/>
      </object_component>
      <object_component id="oc-55">
         <name>.text:_c_int00_noargs</name>
         <load_address>0x1d70</load_address>
         <readonly>true</readonly>
         <executable>true</executable>
         <run_address>0x1d70</run_address>
         <size>0x28</size>
         <alignment>0x4</alignment>
         <input_file_ref idref="fl-33"/>
      </object_component>
      <object_component id="oc-e1">
         <name>.text.DL_DMA_enableChannel</name>
         <load_address>0x1d98</load_address>
         <readonly>true</readonly>
         <executable>true</executable>
         <run_address>0x1d98</run_address>
         <size>0x26</size>
         <alignment>0x2</alignment>
         <input_file_ref idref="fl-1"/>
      </object_component>
      <object_component id="oc-ca">
         <name>.text.Command_GetLength</name>
         <load_address>0x1dc0</load_address>
         <readonly>true</readonly>
         <executable>true</executable>
         <run_address>0x1dc0</run_address>
         <size>0x24</size>
         <alignment>0x4</alignment>
         <input_file_ref idref="fl-7"/>
      </object_component>
      <object_component id="oc-167">
         <name>.text.DL_SPI_setBitRateSerialClockDivider</name>
         <load_address>0x1de4</load_address>
         <readonly>true</readonly>
         <executable>true</executable>
         <run_address>0x1de4</run_address>
         <size>0x24</size>
         <alignment>0x4</alignment>
         <input_file_ref idref="fl-2"/>
      </object_component>
      <object_component id="oc-97">
         <name>.text.K230_Init</name>
         <load_address>0x1e08</load_address>
         <readonly>true</readonly>
         <executable>true</executable>
         <run_address>0x1e08</run_address>
         <size>0x24</size>
         <alignment>0x4</alignment>
         <input_file_ref idref="fl-1"/>
      </object_component>
      <object_component id="oc-1b0">
         <name>.text.__floatunsidf</name>
         <load_address>0x1e2c</load_address>
         <readonly>true</readonly>
         <executable>true</executable>
         <run_address>0x1e2c</run_address>
         <size>0x24</size>
         <alignment>0x4</alignment>
         <input_file_ref idref="fl-e3"/>
      </object_component>
      <object_component id="oc-179">
         <name>.text.Command_AddReadIndex</name>
         <load_address>0x1e50</load_address>
         <readonly>true</readonly>
         <executable>true</executable>
         <run_address>0x1e50</run_address>
         <size>0x20</size>
         <alignment>0x4</alignment>
         <input_file_ref idref="fl-7"/>
      </object_component>
      <object_component id="oc-178">
         <name>.text.Command_Read</name>
         <load_address>0x1e70</load_address>
         <readonly>true</readonly>
         <executable>true</executable>
         <run_address>0x1e70</run_address>
         <size>0x20</size>
         <alignment>0x4</alignment>
         <input_file_ref idref="fl-7"/>
      </object_component>
      <object_component id="oc-12c">
         <name>.text.DL_GPIO_initPeripheralInputFunction</name>
         <load_address>0x1e90</load_address>
         <readonly>true</readonly>
         <executable>true</executable>
         <run_address>0x1e90</run_address>
         <size>0x20</size>
         <alignment>0x4</alignment>
         <input_file_ref idref="fl-2"/>
      </object_component>
      <object_component id="oc-131">
         <name>.text.DL_SYSCTL_setFlashWaitState</name>
         <load_address>0x1eb0</load_address>
         <readonly>true</readonly>
         <executable>true</executable>
         <run_address>0x1eb0</run_address>
         <size>0x20</size>
         <alignment>0x4</alignment>
         <input_file_ref idref="fl-2"/>
      </object_component>
      <object_component id="oc-96">
         <name>.text.stepper_Init</name>
         <load_address>0x1ed0</load_address>
         <readonly>true</readonly>
         <executable>true</executable>
         <run_address>0x1ed0</run_address>
         <size>0x20</size>
         <alignment>0x4</alignment>
         <input_file_ref idref="fl-1"/>
      </object_component>
      <object_component id="oc-154">
         <name>.text.DL_UART_setOversampling</name>
         <load_address>0x1ef0</load_address>
         <readonly>true</readonly>
         <executable>true</executable>
         <run_address>0x1ef0</run_address>
         <size>0x1e</size>
         <alignment>0x2</alignment>
         <input_file_ref idref="fl-2"/>
      </object_component>
      <object_component id="oc-12b">
         <name>.text.DL_GPIO_initPeripheralOutputFunction</name>
         <load_address>0x1f10</load_address>
         <readonly>true</readonly>
         <executable>true</executable>
         <run_address>0x1f10</run_address>
         <size>0x1c</size>
         <alignment>0x4</alignment>
         <input_file_ref idref="fl-2"/>
      </object_component>
      <object_component id="oc-1ac">
         <name>.text.DL_SYSCTL_configFCC</name>
         <load_address>0x1f2c</load_address>
         <readonly>true</readonly>
         <executable>true</executable>
         <run_address>0x1f2c</run_address>
         <size>0x1c</size>
         <alignment>0x4</alignment>
         <input_file_ref idref="fl-1c"/>
      </object_component>
      <object_component id="oc-1ab">
         <name>.text.DL_SYSCTL_setFCCPeriods</name>
         <load_address>0x1f48</load_address>
         <readonly>true</readonly>
         <executable>true</executable>
         <run_address>0x1f48</run_address>
         <size>0x1c</size>
         <alignment>0x4</alignment>
         <input_file_ref idref="fl-2"/>
      </object_component>
      <object_component id="oc-132">
         <name>.text.DL_SYSCTL_setSYSOSCFreq</name>
         <load_address>0x1f64</load_address>
         <readonly>true</readonly>
         <executable>true</executable>
         <run_address>0x1f64</run_address>
         <size>0x1c</size>
         <alignment>0x4</alignment>
         <input_file_ref idref="fl-2"/>
      </object_component>
      <object_component id="oc-13f">
         <name>.text.DL_SYSCTL_setULPCLKDivider</name>
         <load_address>0x1f80</load_address>
         <readonly>true</readonly>
         <executable>true</executable>
         <run_address>0x1f80</run_address>
         <size>0x1c</size>
         <alignment>0x4</alignment>
         <input_file_ref idref="fl-2"/>
      </object_component>
      <object_component id="oc-149">
         <name>.text.DL_Timer_enableInterrupt</name>
         <load_address>0x1f9c</load_address>
         <readonly>true</readonly>
         <executable>true</executable>
         <run_address>0x1f9c</run_address>
         <size>0x1c</size>
         <alignment>0x4</alignment>
         <input_file_ref idref="fl-2"/>
      </object_component>
      <object_component id="oc-142">
         <name>.text.DL_Timer_setClockConfig</name>
         <load_address>0x1fb8</load_address>
         <readonly>true</readonly>
         <executable>true</executable>
         <run_address>0x1fb8</run_address>
         <size>0x1c</size>
         <alignment>0x4</alignment>
         <input_file_ref idref="fl-1a"/>
      </object_component>
      <object_component id="oc-e2">
         <name>.text.DL_UART_enableInterrupt</name>
         <load_address>0x1fd4</load_address>
         <readonly>true</readonly>
         <executable>true</executable>
         <run_address>0x1fd4</run_address>
         <size>0x1c</size>
         <alignment>0x4</alignment>
         <input_file_ref idref="fl-1"/>
      </object_component>
      <object_component id="oc-156">
         <name>.text.DL_UART_enableInterrupt</name>
         <load_address>0x1ff0</load_address>
         <readonly>true</readonly>
         <executable>true</executable>
         <run_address>0x1ff0</run_address>
         <size>0x1c</size>
         <alignment>0x4</alignment>
         <input_file_ref idref="fl-2"/>
      </object_component>
      <object_component id="oc-12f">
         <name>.text.DL_GPIO_enableOutput</name>
         <load_address>0x200c</load_address>
         <readonly>true</readonly>
         <executable>true</executable>
         <run_address>0x200c</run_address>
         <size>0x18</size>
         <alignment>0x4</alignment>
         <input_file_ref idref="fl-2"/>
      </object_component>
      <object_component id="oc-126">
         <name>.text.DL_GPIO_enablePower</name>
         <load_address>0x2024</load_address>
         <readonly>true</readonly>
         <executable>true</executable>
         <run_address>0x2024</run_address>
         <size>0x18</size>
         <alignment>0x4</alignment>
         <input_file_ref idref="fl-2"/>
      </object_component>
      <object_component id="oc-12d">
         <name>.text.DL_GPIO_initDigitalOutput</name>
         <load_address>0x203c</load_address>
         <readonly>true</readonly>
         <executable>true</executable>
         <run_address>0x203c</run_address>
         <size>0x18</size>
         <alignment>0x4</alignment>
         <input_file_ref idref="fl-2"/>
      </object_component>
      <object_component id="oc-12a">
         <name>.text.DL_GPIO_initPeripheralAnalogFunction</name>
         <load_address>0x2054</load_address>
         <readonly>true</readonly>
         <executable>true</executable>
         <run_address>0x2054</run_address>
         <size>0x18</size>
         <alignment>0x4</alignment>
         <input_file_ref idref="fl-2"/>
      </object_component>
      <object_component id="oc-122">
         <name>.text.DL_GPIO_reset</name>
         <load_address>0x206c</load_address>
         <readonly>true</readonly>
         <executable>true</executable>
         <run_address>0x206c</run_address>
         <size>0x18</size>
         <alignment>0x4</alignment>
         <input_file_ref idref="fl-2"/>
      </object_component>
      <object_component id="oc-e4">
         <name>.text.DL_GPIO_setPins</name>
         <load_address>0x2084</load_address>
         <readonly>true</readonly>
         <executable>true</executable>
         <run_address>0x2084</run_address>
         <size>0x18</size>
         <alignment>0x4</alignment>
         <input_file_ref idref="fl-5"/>
      </object_component>
      <object_component id="oc-169">
         <name>.text.DL_SPI_enable</name>
         <load_address>0x209c</load_address>
         <readonly>true</readonly>
         <executable>true</executable>
         <run_address>0x209c</run_address>
         <size>0x18</size>
         <alignment>0x4</alignment>
         <input_file_ref idref="fl-2"/>
      </object_component>
      <object_component id="oc-129">
         <name>.text.DL_SPI_enablePower</name>
         <load_address>0x20b4</load_address>
         <readonly>true</readonly>
         <executable>true</executable>
         <run_address>0x20b4</run_address>
         <size>0x18</size>
         <alignment>0x4</alignment>
         <input_file_ref idref="fl-2"/>
      </object_component>
      <object_component id="oc-171">
         <name>.text.DL_SPI_isBusy</name>
         <load_address>0x20cc</load_address>
         <readonly>true</readonly>
         <executable>true</executable>
         <run_address>0x20cc</run_address>
         <size>0x18</size>
         <alignment>0x4</alignment>
         <input_file_ref idref="fl-5"/>
      </object_component>
      <object_component id="oc-125">
         <name>.text.DL_SPI_reset</name>
         <load_address>0x20e4</load_address>
         <readonly>true</readonly>
         <executable>true</executable>
         <run_address>0x20e4</run_address>
         <size>0x18</size>
         <alignment>0x4</alignment>
         <input_file_ref idref="fl-2"/>
      </object_component>
      <object_component id="oc-130">
         <name>.text.DL_SYSCTL_setBORThreshold</name>
         <load_address>0x20fc</load_address>
         <readonly>true</readonly>
         <executable>true</executable>
         <run_address>0x20fc</run_address>
         <size>0x18</size>
         <alignment>0x4</alignment>
         <input_file_ref idref="fl-2"/>
      </object_component>
      <object_component id="oc-127">
         <name>.text.DL_Timer_enablePower</name>
         <load_address>0x2114</load_address>
         <readonly>true</readonly>
         <executable>true</executable>
         <run_address>0x2114</run_address>
         <size>0x18</size>
         <alignment>0x4</alignment>
         <input_file_ref idref="fl-2"/>
      </object_component>
      <object_component id="oc-123">
         <name>.text.DL_Timer_reset</name>
         <load_address>0x212c</load_address>
         <readonly>true</readonly>
         <executable>true</executable>
         <run_address>0x212c</run_address>
         <size>0x18</size>
         <alignment>0x4</alignment>
         <input_file_ref idref="fl-2"/>
      </object_component>
      <object_component id="oc-15a">
         <name>.text.DL_UART_enableDMAReceiveEvent</name>
         <load_address>0x2144</load_address>
         <readonly>true</readonly>
         <executable>true</executable>
         <run_address>0x2144</run_address>
         <size>0x18</size>
         <alignment>0x4</alignment>
         <input_file_ref idref="fl-2"/>
      </object_component>
      <object_component id="oc-15b">
         <name>.text.DL_UART_enableDMATransmitEvent</name>
         <load_address>0x215c</load_address>
         <readonly>true</readonly>
         <executable>true</executable>
         <run_address>0x215c</run_address>
         <size>0x18</size>
         <alignment>0x4</alignment>
         <input_file_ref idref="fl-2"/>
      </object_component>
      <object_component id="oc-128">
         <name>.text.DL_UART_enablePower</name>
         <load_address>0x2174</load_address>
         <readonly>true</readonly>
         <executable>true</executable>
         <run_address>0x2174</run_address>
         <size>0x18</size>
         <alignment>0x4</alignment>
         <input_file_ref idref="fl-2"/>
      </object_component>
      <object_component id="oc-124">
         <name>.text.DL_UART_reset</name>
         <load_address>0x218c</load_address>
         <readonly>true</readonly>
         <executable>true</executable>
         <run_address>0x218c</run_address>
         <size>0x18</size>
         <alignment>0x4</alignment>
         <input_file_ref idref="fl-2"/>
      </object_component>
      <object_component id="oc-9d">
         <name>.text.delay_ms</name>
         <load_address>0x21a4</load_address>
         <readonly>true</readonly>
         <executable>true</executable>
         <run_address>0x21a4</run_address>
         <size>0x18</size>
         <alignment>0x4</alignment>
         <input_file_ref idref="fl-8"/>
      </object_component>
      <object_component id="oc-170">
         <name>.text.DL_SPI_transmitData8</name>
         <load_address>0x21bc</load_address>
         <readonly>true</readonly>
         <executable>true</executable>
         <run_address>0x21bc</run_address>
         <size>0x16</size>
         <alignment>0x2</alignment>
         <input_file_ref idref="fl-5"/>
      </object_component>
      <object_component id="oc-157">
         <name>.text.DL_UART_enable</name>
         <load_address>0x21d2</load_address>
         <readonly>true</readonly>
         <executable>true</executable>
         <run_address>0x21d2</run_address>
         <size>0x16</size>
         <alignment>0x2</alignment>
         <input_file_ref idref="fl-2"/>
      </object_component>
      <object_component id="oc-95">
         <name>.text.TIMER_0_Init</name>
         <load_address>0x21e8</load_address>
         <readonly>true</readonly>
         <executable>true</executable>
         <run_address>0x21e8</run_address>
         <size>0x16</size>
         <alignment>0x2</alignment>
         <input_file_ref idref="fl-1"/>
      </object_component>
      <object_component id="oc-e3">
         <name>.text.DL_GPIO_clearPins</name>
         <load_address>0x21fe</load_address>
         <readonly>true</readonly>
         <executable>true</executable>
         <run_address>0x21fe</run_address>
         <size>0x14</size>
         <alignment>0x2</alignment>
         <input_file_ref idref="fl-5"/>
      </object_component>
      <object_component id="oc-12e">
         <name>.text.DL_GPIO_clearPins</name>
         <load_address>0x2212</load_address>
         <readonly>true</readonly>
         <executable>true</executable>
         <run_address>0x2212</run_address>
         <size>0x14</size>
         <alignment>0x2</alignment>
         <input_file_ref idref="fl-2"/>
      </object_component>
      <object_component id="oc-134">
         <name>.text.DL_SYSCTL_disableSYSPLL</name>
         <load_address>0x2228</load_address>
         <readonly>true</readonly>
         <executable>true</executable>
         <run_address>0x2228</run_address>
         <size>0x14</size>
         <alignment>0x4</alignment>
         <input_file_ref idref="fl-2"/>
      </object_component>
      <object_component id="oc-13d">
         <name>.text.DL_SYSCTL_enableSYSPLL</name>
         <load_address>0x223c</load_address>
         <readonly>true</readonly>
         <executable>true</executable>
         <run_address>0x223c</run_address>
         <size>0x14</size>
         <alignment>0x4</alignment>
         <input_file_ref idref="fl-2"/>
      </object_component>
      <object_component id="oc-14a">
         <name>.text.DL_Timer_enableClock</name>
         <load_address>0x2250</load_address>
         <readonly>true</readonly>
         <executable>true</executable>
         <run_address>0x2250</run_address>
         <size>0x14</size>
         <alignment>0x4</alignment>
         <input_file_ref idref="fl-2"/>
      </object_component>
      <object_component id="oc-5d">
         <name>.text.DL_UART_receiveData</name>
         <load_address>0x2264</load_address>
         <readonly>true</readonly>
         <executable>true</executable>
         <run_address>0x2264</run_address>
         <size>0x14</size>
         <alignment>0x4</alignment>
         <input_file_ref idref="fl-1"/>
      </object_component>
      <object_component id="oc-da">
         <name>.text.SYSCFG_DL_DMA_init</name>
         <load_address>0x2278</load_address>
         <readonly>true</readonly>
         <executable>true</executable>
         <run_address>0x2278</run_address>
         <size>0x14</size>
         <alignment>0x2</alignment>
         <input_file_ref idref="fl-2"/>
      </object_component>
      <object_component id="oc-160">
         <name>.text.DL_SPI_setClockConfig</name>
         <load_address>0x228c</load_address>
         <readonly>true</readonly>
         <executable>true</executable>
         <run_address>0x228c</run_address>
         <size>0x12</size>
         <alignment>0x2</alignment>
         <input_file_ref idref="fl-19"/>
      </object_component>
      <object_component id="oc-66">
         <name>.text.DL_Timer_getPendingInterrupt</name>
         <load_address>0x229e</load_address>
         <readonly>true</readonly>
         <executable>true</executable>
         <run_address>0x229e</run_address>
         <size>0x12</size>
         <alignment>0x2</alignment>
         <input_file_ref idref="fl-1"/>
      </object_component>
      <object_component id="oc-5c">
         <name>.text.DL_UART_getPendingInterrupt</name>
         <load_address>0x22b0</load_address>
         <readonly>true</readonly>
         <executable>true</executable>
         <run_address>0x22b0</run_address>
         <size>0x12</size>
         <alignment>0x2</alignment>
         <input_file_ref idref="fl-1"/>
      </object_component>
      <object_component id="oc-14d">
         <name>.text.DL_UART_setClockConfig</name>
         <load_address>0x22c2</load_address>
         <readonly>true</readonly>
         <executable>true</executable>
         <run_address>0x22c2</run_address>
         <size>0x12</size>
         <alignment>0x2</alignment>
         <input_file_ref idref="fl-1b"/>
      </object_component>
      <object_component id="oc-86">
         <name>.text:TI_memcpy_small</name>
         <load_address>0x22d4</load_address>
         <readonly>true</readonly>
         <executable>true</executable>
         <run_address>0x22d4</run_address>
         <size>0x12</size>
         <alignment>0x1</alignment>
         <input_file_ref idref="fl-ee"/>
      </object_component>
      <object_component id="oc-20">
         <name>.text:decompress:none</name>
         <load_address>0x22e6</load_address>
         <readonly>true</readonly>
         <executable>true</executable>
         <run_address>0x22e6</run_address>
         <size>0x12</size>
         <alignment>0x2</alignment>
         <input_file_ref idref="fl-39"/>
      </object_component>
      <object_component id="oc-81">
         <name>.text.Command_GetRemain</name>
         <load_address>0x22f8</load_address>
         <readonly>true</readonly>
         <executable>true</executable>
         <run_address>0x22f8</run_address>
         <size>0x10</size>
         <alignment>0x2</alignment>
         <input_file_ref idref="fl-7"/>
      </object_component>
      <object_component id="oc-133">
         <name>.text.DL_SYSCTL_disableHFXT</name>
         <load_address>0x2308</load_address>
         <readonly>true</readonly>
         <executable>true</executable>
         <run_address>0x2308</run_address>
         <size>0x10</size>
         <alignment>0x4</alignment>
         <input_file_ref idref="fl-2"/>
      </object_component>
      <object_component id="oc-1ae">
         <name>.text.DL_SYSCTL_isFCCDone</name>
         <load_address>0x2318</load_address>
         <readonly>true</readonly>
         <executable>true</executable>
         <run_address>0x2318</run_address>
         <size>0x10</size>
         <alignment>0x2</alignment>
         <input_file_ref idref="fl-2"/>
      </object_component>
      <object_component id="oc-1ad">
         <name>.text.DL_SYSCTL_startFCC</name>
         <load_address>0x2328</load_address>
         <readonly>true</readonly>
         <executable>true</executable>
         <run_address>0x2328</run_address>
         <size>0x10</size>
         <alignment>0x4</alignment>
         <input_file_ref idref="fl-2"/>
      </object_component>
      <object_component id="oc-52">
         <name>.text:decompress:ZI</name>
         <load_address>0x2338</load_address>
         <readonly>true</readonly>
         <executable>true</executable>
         <run_address>0x2338</run_address>
         <size>0x10</size>
         <alignment>0x2</alignment>
         <input_file_ref idref="fl-38"/>
      </object_component>
      <object_component id="oc-cc">
         <name>.text:TI_memset_small</name>
         <load_address>0x2348</load_address>
         <readonly>true</readonly>
         <executable>true</executable>
         <run_address>0x2348</run_address>
         <size>0xe</size>
         <alignment>0x1</alignment>
         <input_file_ref idref="fl-ef"/>
      </object_component>
      <object_component id="oc-13e">
         <name>.text.DL_SYSCTL_getClockStatus</name>
         <load_address>0x2358</load_address>
         <readonly>true</readonly>
         <executable>true</executable>
         <run_address>0x2358</run_address>
         <size>0xc</size>
         <alignment>0x4</alignment>
         <input_file_ref idref="fl-2"/>
      </object_component>
      <object_component id="oc-1af">
         <name>.text.DL_SYSCTL_readFCC</name>
         <load_address>0x2364</load_address>
         <readonly>true</readonly>
         <executable>true</executable>
         <run_address>0x2364</run_address>
         <size>0xc</size>
         <alignment>0x4</alignment>
         <input_file_ref idref="fl-2"/>
      </object_component>
      <object_component id="oc-6d">
         <name>.text.__aeabi_memclr</name>
         <load_address>0x2370</load_address>
         <readonly>true</readonly>
         <executable>true</executable>
         <run_address>0x2370</run_address>
         <size>0xc</size>
         <alignment>0x4</alignment>
         <input_file_ref idref="fl-e8"/>
      </object_component>
      <object_component id="oc-eb">
         <name>.text.DL_Common_delayCycles</name>
         <load_address>0x237c</load_address>
         <readonly>true</readonly>
         <executable>true</executable>
         <run_address>0x237c</run_address>
         <size>0xa</size>
         <alignment>0x2</alignment>
         <input_file_ref idref="fl-17"/>
      </object_component>
      <object_component id="oc-45">
         <name>.text.__aeabi_memcpy</name>
         <load_address>0x2388</load_address>
         <readonly>true</readonly>
         <executable>true</executable>
         <run_address>0x2388</run_address>
         <size>0x8</size>
         <alignment>0x4</alignment>
         <input_file_ref idref="fl-e7"/>
      </object_component>
      <object_component id="oc-b1">
         <name>.text:abort</name>
         <load_address>0x2390</load_address>
         <readonly>true</readonly>
         <executable>true</executable>
         <run_address>0x2390</run_address>
         <size>0x6</size>
         <alignment>0x2</alignment>
         <input_file_ref idref="fl-3b"/>
      </object_component>
      <object_component id="oc-33">
         <name>.text.Default_Handler</name>
         <load_address>0x2396</load_address>
         <readonly>true</readonly>
         <executable>true</executable>
         <run_address>0x2396</run_address>
         <size>0x4</size>
         <alignment>0x2</alignment>
         <input_file_ref idref="fl-3"/>
      </object_component>
      <object_component id="oc-110">
         <name>.text.HOSTexit</name>
         <load_address>0x239a</load_address>
         <readonly>true</readonly>
         <executable>true</executable>
         <run_address>0x239a</run_address>
         <size>0x4</size>
         <alignment>0x2</alignment>
         <input_file_ref idref="fl-dd"/>
      </object_component>
      <object_component id="oc-2f">
         <name>.text.Reset_Handler</name>
         <load_address>0x239e</load_address>
         <readonly>true</readonly>
         <executable>true</executable>
         <run_address>0x239e</run_address>
         <size>0x4</size>
         <alignment>0x2</alignment>
         <input_file_ref idref="fl-3"/>
      </object_component>
      <object_component id="oc-72">
         <name>.text._system_pre_init</name>
         <load_address>0x23a2</load_address>
         <readonly>true</readonly>
         <executable>true</executable>
         <run_address>0x23a2</run_address>
         <size>0x4</size>
         <alignment>0x2</alignment>
         <input_file_ref idref="fl-36"/>
      </object_component>
      <object_component id="oc-225">
         <name>.cinit..data.load</name>
         <load_address>0x3e60</load_address>
         <readonly>true</readonly>
         <run_address>0x3e60</run_address>
         <size>0x28</size>
         <alignment>0x1</alignment>
      </object_component>
      <object_component id="oc-223">
         <name>__TI_handler_table</name>
         <load_address>0x3e88</load_address>
         <readonly>true</readonly>
         <run_address>0x3e88</run_address>
         <size>0xc</size>
         <alignment>0x4</alignment>
      </object_component>
      <object_component id="oc-226">
         <name>.cinit..bss.load</name>
         <load_address>0x3e94</load_address>
         <readonly>true</readonly>
         <run_address>0x3e94</run_address>
         <size>0x8</size>
         <alignment>0x4</alignment>
      </object_component>
      <object_component id="oc-224">
         <name>__TI_cinit_table</name>
         <load_address>0x3e9c</load_address>
         <readonly>true</readonly>
         <run_address>0x3e9c</run_address>
         <size>0x10</size>
         <alignment>0x4</alignment>
      </object_component>
      <object_component id="oc-192">
         <name>.rodata.asc2_2412</name>
         <load_address>0x23a8</load_address>
         <readonly>true</readonly>
         <run_address>0x23a8</run_address>
         <size>0xd5c</size>
         <alignment>0x1</alignment>
         <input_file_ref idref="fl-6"/>
      </object_component>
      <object_component id="oc-194">
         <name>.rodata.asc2_1608</name>
         <load_address>0x3104</load_address>
         <readonly>true</readonly>
         <run_address>0x3104</run_address>
         <size>0x5f0</size>
         <alignment>0x1</alignment>
         <input_file_ref idref="fl-6"/>
      </object_component>
      <object_component id="oc-195">
         <name>.rodata.asc2_1206</name>
         <load_address>0x36f4</load_address>
         <readonly>true</readonly>
         <run_address>0x36f4</run_address>
         <size>0x474</size>
         <alignment>0x1</alignment>
         <input_file_ref idref="fl-6"/>
      </object_component>
      <object_component id="oc-196">
         <name>.rodata.asc2_0806</name>
         <load_address>0x3b68</load_address>
         <readonly>true</readonly>
         <run_address>0x3b68</run_address>
         <size>0x228</size>
         <alignment>0x1</alignment>
         <input_file_ref idref="fl-6"/>
      </object_component>
      <object_component id="oc-141">
         <name>.rodata.gSYSPLLConfig</name>
         <load_address>0x3d90</load_address>
         <readonly>true</readonly>
         <run_address>0x3d90</run_address>
         <size>0x28</size>
         <alignment>0x4</alignment>
         <input_file_ref idref="fl-2"/>
      </object_component>
      <object_component id="oc-1c5">
         <name>.rodata.gBT_RXConfig</name>
         <load_address>0x3db8</load_address>
         <readonly>true</readonly>
         <run_address>0x3db8</run_address>
         <size>0x18</size>
         <alignment>0x4</alignment>
         <input_file_ref idref="fl-2"/>
      </object_component>
      <object_component id="oc-1c6">
         <name>.rodata.gBT_TXConfig</name>
         <load_address>0x3dd0</load_address>
         <readonly>true</readonly>
         <run_address>0x3dd0</run_address>
         <size>0x18</size>
         <alignment>0x4</alignment>
         <input_file_ref idref="fl-2"/>
      </object_component>
      <object_component id="oc-1c4">
         <name>.rodata.gSTEPPER_RXConfig</name>
         <load_address>0x3de8</load_address>
         <readonly>true</readonly>
         <run_address>0x3de8</run_address>
         <size>0x18</size>
         <alignment>0x4</alignment>
         <input_file_ref idref="fl-2"/>
      </object_component>
      <object_component id="oc-1c3">
         <name>.rodata.gSTEPPER_TXConfig</name>
         <load_address>0x3e00</load_address>
         <readonly>true</readonly>
         <run_address>0x3e00</run_address>
         <size>0x18</size>
         <alignment>0x4</alignment>
         <input_file_ref idref="fl-2"/>
      </object_component>
      <object_component id="oc-14c">
         <name>.rodata.gTIMER_0TimerConfig</name>
         <load_address>0x3e18</load_address>
         <readonly>true</readonly>
         <run_address>0x3e18</run_address>
         <size>0x14</size>
         <alignment>0x4</alignment>
         <input_file_ref idref="fl-2"/>
      </object_component>
      <object_component id="oc-15f">
         <name>.rodata.gBTConfig</name>
         <load_address>0x3e2c</load_address>
         <readonly>true</readonly>
         <run_address>0x3e2c</run_address>
         <size>0xa</size>
         <alignment>0x2</alignment>
         <input_file_ref idref="fl-2"/>
      </object_component>
      <object_component id="oc-159">
         <name>.rodata.gK230Config</name>
         <load_address>0x3e36</load_address>
         <readonly>true</readonly>
         <run_address>0x3e36</run_address>
         <size>0xa</size>
         <alignment>0x2</alignment>
         <input_file_ref idref="fl-2"/>
      </object_component>
      <object_component id="oc-16b">
         <name>.rodata.gSPI_OLED_config</name>
         <load_address>0x3e40</load_address>
         <readonly>true</readonly>
         <run_address>0x3e40</run_address>
         <size>0xa</size>
         <alignment>0x2</alignment>
         <input_file_ref idref="fl-2"/>
      </object_component>
      <object_component id="oc-15d">
         <name>.rodata.gSTEPPERConfig</name>
         <load_address>0x3e4a</load_address>
         <readonly>true</readonly>
         <run_address>0x3e4a</run_address>
         <size>0xa</size>
         <alignment>0x2</alignment>
         <input_file_ref idref="fl-2"/>
      </object_component>
      <object_component id="oc-14b">
         <name>.rodata.gTIMER_0ClockConfig</name>
         <load_address>0x3e54</load_address>
         <readonly>true</readonly>
         <run_address>0x3e54</run_address>
         <size>0x3</size>
         <alignment>0x1</alignment>
         <input_file_ref idref="fl-2"/>
      </object_component>
      <object_component id="oc-15e">
         <name>.rodata.gBTClockConfig</name>
         <load_address>0x3e57</load_address>
         <readonly>true</readonly>
         <run_address>0x3e57</run_address>
         <size>0x2</size>
         <alignment>0x1</alignment>
         <input_file_ref idref="fl-2"/>
      </object_component>
      <object_component id="oc-158">
         <name>.rodata.gK230ClockConfig</name>
         <load_address>0x3e59</load_address>
         <readonly>true</readonly>
         <run_address>0x3e59</run_address>
         <size>0x2</size>
         <alignment>0x1</alignment>
         <input_file_ref idref="fl-2"/>
      </object_component>
      <object_component id="oc-16a">
         <name>.rodata.gSPI_OLED_clockConfig</name>
         <load_address>0x3e5b</load_address>
         <readonly>true</readonly>
         <run_address>0x3e5b</run_address>
         <size>0x2</size>
         <alignment>0x1</alignment>
         <input_file_ref idref="fl-2"/>
      </object_component>
      <object_component id="oc-15c">
         <name>.rodata.gSTEPPERClockConfig</name>
         <load_address>0x3e5d</load_address>
         <readonly>true</readonly>
         <run_address>0x3e5d</run_address>
         <size>0x2</size>
         <alignment>0x1</alignment>
         <input_file_ref idref="fl-2"/>
      </object_component>
      <object_component id="oc-1ed">
         <name>.binit</name>
         <load_address>0x0</load_address>
         <readonly>true</readonly>
         <run_address>0x0</run_address>
         <size>0x0</size>
         <alignment>0x4</alignment>
      </object_component>
      <object_component id="oc-68">
         <name>.data.task</name>
         <load_address>0x202006bc</load_address>
         <readwrite>true</readwrite>
         <run_address>0x202006bc</run_address>
         <size>0x8</size>
         <alignment>0x2</alignment>
         <input_file_ref idref="fl-1"/>
      </object_component>
      <object_component id="oc-67">
         <name>.data.sys_tick_ms</name>
         <load_address>0x202006c8</load_address>
         <readwrite>true</readwrite>
         <run_address>0x202006c8</run_address>
         <size>0x4</size>
         <alignment>0x4</alignment>
         <input_file_ref idref="fl-1"/>
      </object_component>
      <object_component id="oc-ae">
         <name>.data.last_k230_time</name>
         <load_address>0x202006c4</load_address>
         <readwrite>true</readwrite>
         <run_address>0x202006c4</run_address>
         <size>0x4</size>
         <alignment>0x4</alignment>
         <input_file_ref idref="fl-1"/>
      </object_component>
      <object_component id="oc-120">
         <name>.data.readIndex</name>
         <load_address>0x202006ce</load_address>
         <readwrite>true</readwrite>
         <run_address>0x202006ce</run_address>
         <size>0x1</size>
         <alignment>0x1</alignment>
         <input_file_ref idref="fl-7"/>
      </object_component>
      <object_component id="oc-82">
         <name>.data.writeIndex</name>
         <load_address>0x202006cf</load_address>
         <readwrite>true</readwrite>
         <run_address>0x202006cf</run_address>
         <size>0x1</size>
         <alignment>0x1</alignment>
         <input_file_ref idref="fl-7"/>
      </object_component>
      <object_component id="oc-f8">
         <name>.data.commandLength</name>
         <load_address>0x202006cc</load_address>
         <readwrite>true</readwrite>
         <run_address>0x202006cc</run_address>
         <size>0x1</size>
         <alignment>0x1</alignment>
         <input_file_ref idref="fl-7"/>
      </object_component>
      <object_component id="oc-f5">
         <name>.data.Emm_V5_Reset_CurPos_To_Zero.cmd</name>
         <load_address>0x2020067c</load_address>
         <readwrite>true</readwrite>
         <run_address>0x2020067c</run_address>
         <size>0x10</size>
         <alignment>0x1</alignment>
         <input_file_ref idref="fl-9"/>
      </object_component>
      <object_component id="oc-f2">
         <name>.data.Emm_V5_En_Control.cmd</name>
         <load_address>0x2020066c</load_address>
         <readwrite>true</readwrite>
         <run_address>0x2020066c</run_address>
         <size>0x10</size>
         <alignment>0x1</alignment>
         <input_file_ref idref="fl-9"/>
      </object_component>
      <object_component id="oc-18f">
         <name>.data.Emm_V5_Vel_Control_1.cmd</name>
         <load_address>0x2020069c</load_address>
         <readwrite>true</readwrite>
         <run_address>0x2020069c</run_address>
         <size>0x10</size>
         <alignment>0x1</alignment>
         <input_file_ref idref="fl-9"/>
      </object_component>
      <object_component id="oc-190">
         <name>.data.Emm_V5_Vel_Control_2.cmd</name>
         <load_address>0x202006ac</load_address>
         <readwrite>true</readwrite>
         <run_address>0x202006ac</run_address>
         <size>0x10</size>
         <alignment>0x1</alignment>
         <input_file_ref idref="fl-9"/>
      </object_component>
      <object_component id="oc-17a">
         <name>.data.Emm_V5_Stop_Now.cmd</name>
         <load_address>0x2020068c</load_address>
         <readwrite>true</readwrite>
         <run_address>0x2020068c</run_address>
         <size>0x10</size>
         <alignment>0x1</alignment>
         <input_file_ref idref="fl-9"/>
      </object_component>
      <object_component id="oc-106">
         <name>.data.stepper_pid_x</name>
         <load_address>0x20200634</load_address>
         <readwrite>true</readwrite>
         <run_address>0x20200634</run_address>
         <size>0x1c</size>
         <alignment>0x4</alignment>
         <input_file_ref idref="fl-9"/>
      </object_component>
      <object_component id="oc-107">
         <name>.data.stepper_pid_y</name>
         <load_address>0x20200650</load_address>
         <readwrite>true</readwrite>
         <run_address>0x20200650</run_address>
         <size>0x1c</size>
         <alignment>0x4</alignment>
         <input_file_ref idref="fl-9"/>
      </object_component>
      <object_component id="oc-108">
         <name>.data.follow_control.toggle</name>
         <load_address>0x202006cd</load_address>
         <readwrite>true</readwrite>
         <run_address>0x202006cd</run_address>
         <size>0x1</size>
         <alignment>0x1</alignment>
         <input_file_ref idref="fl-9"/>
      </object_component>
      <object_component id="oc-ac">
         <name>.common:cmd_char</name>
         <uninitialized>true</uninitialized>
         <readwrite>true</readwrite>
         <run_address>0x20200630</run_address>
         <size>0x1</size>
         <alignment>0x1</alignment>
      </object_component>
      <object_component id="oc-ad">
         <name>.common:number</name>
         <uninitialized>true</uninitialized>
         <readwrite>true</readwrite>
         <run_address>0x20200624</run_address>
         <size>0x4</size>
         <alignment>0x4</alignment>
      </object_component>
      <object_component id="oc-af">
         <name>.common:y_error</name>
         <uninitialized>true</uninitialized>
         <readwrite>true</readwrite>
         <run_address>0x2020062c</run_address>
         <size>0x4</size>
         <alignment>0x4</alignment>
      </object_component>
      <object_component id="oc-b0">
         <name>.common:x_error</name>
         <uninitialized>true</uninitialized>
         <readwrite>true</readwrite>
         <run_address>0x20200628</run_address>
         <size>0x4</size>
         <alignment>0x4</alignment>
      </object_component>
      <object_component id="oc-63">
         <name>.common:uart_data</name>
         <uninitialized>true</uninitialized>
         <readwrite>true</readwrite>
         <run_address>0x20200631</run_address>
         <size>0x1</size>
         <alignment>0x1</alignment>
      </object_component>
      <object_component id="oc-db">
         <name>.common:gTIMER_0Backup</name>
[...]
      </symbol>
      <symbol id="sm-197">
         <name>TIMG0_IRQHandler</name>
         <value>0x2397</value>
         <object_component_ref idref="oc-33"/>
      </symbol>
      <symbol id="sm-198">
         <name>TIMG6_IRQHandler</name>
         <value>0x2397</value>
         <object_component_ref idref="oc-33"/>
      </symbol>
      <symbol id="sm-199">
         <name>TIMA1_IRQHandler</name>
         <value>0x2397</value>
         <object_component_ref idref="oc-33"/>
      </symbol>
      <symbol id="sm-19a">
         <name>TIMG7_IRQHandler</name>
         <value>0x2397</value>
         <object_component_ref idref="oc-33"/>
      </symbol>
      <symbol id="sm-19b">
         <name>TIMG12_IRQHandler</name>
         <value>0x2397</value>
         <object_component_ref idref="oc-33"/>
      </symbol>
      <symbol id="sm-19c">
         <name>I2C0_IRQHandler</name>
         <value>0x2397</value>
         <object_component_ref idref="oc-33"/>
      </symbol>
      <symbol id="sm-19d">
         <name>I2C1_IRQHandler</name>
         <value>0x2397</value>
         <object_component_ref idref="oc-33"/>
      </symbol>
      <symbol id="sm-19e">
         <name>AES_IRQHandler</name>
         <value>0x2397</value>
         <object_component_ref idref="oc-33"/>
      </symbol>
      <symbol id="sm-19f">
         <name>RTC_IRQHandler</name>
         <value>0x2397</value>
         <object_component_ref idref="oc-33"/>
      </symbol>
      <symbol id="sm-1a0">
         <name>DMA_IRQHandler</name>
         <value>0x2397</value>
         <object_component_ref idref="oc-33"/>
      </symbol>
      <symbol id="sm-1d0">
         <name>OLED_ColorTurn</name>
         <value>0x1a81</value>
         <object_component_ref idref="oc-e7"/>
      </symbol>
      <symbol id="sm-1d1">
         <name>OLED_WR_Byte</name>
         <value>0xff1</value>
         <object_component_ref idref="oc-e5"/>
      </symbol>
      <symbol id="sm-1d2">
         <name>OLED_DisplayTurn</name>
         <value>0x1681</value>
         <object_component_ref idref="oc-e8"/>
      </symbol>
      <symbol id="sm-1d3">
         <name>OLED_Refresh</name>
         <value>0xef9</value>
         <object_component_ref idref="oc-ab"/>
      </symbol>
      <symbol id="sm-1d4">
         <name>OLED_GRAM</name>
         <value>0x20200000</value>
      </symbol>
      <symbol id="sm-1d5">
         <name>OLED_Clear</name>
         <value>0x12e1</value>
         <object_component_ref idref="oc-e6"/>
      </symbol>
      <symbol id="sm-1d6">
         <name>OLED_DrawPoint</name>
         <value>0xd51</value>
         <object_component_ref idref="oc-191"/>
      </symbol>
      <symbol id="sm-1d7">
         <name>OLED_ShowChar</name>
         <value>0xc1</value>
         <object_component_ref idref="oc-109"/>
      </symbol>
      <symbol id="sm-1d8">
         <name>OLED_Pow</name>
         <value>0x1b79</value>
         <object_component_ref idref="oc-10a"/>
      </symbol>
      <symbol id="sm-1d9">
         <name>OLED_ShowSignedNum</name>
         <value>0x5dd</value>
         <object_component_ref idref="oc-aa"/>
      </symbol>
      <symbol id="sm-1da">
         <name>OLED_Init</name>
         <value>0x291</value>
         <object_component_ref idref="oc-98"/>
      </symbol>
      <symbol id="sm-1df">
         <name>asc2_0806</name>
         <value>0x3b68</value>
         <object_component_ref idref="oc-196"/>
      </symbol>
      <symbol id="sm-1e0">
         <name>asc2_1206</name>
         <value>0x36f4</value>
         <object_component_ref idref="oc-195"/>
      </symbol>
      <symbol id="sm-1e1">
         <name>asc2_1608</name>
         <value>0x3104</value>
         <object_component_ref idref="oc-194"/>
      </symbol>
      <symbol id="sm-1e2">
         <name>asc2_2412</name>
         <value>0x23a8</value>
         <object_component_ref idref="oc-192"/>
      </symbol>
      <symbol id="sm-1fd">
         <name>Command_AddReadIndex</name>
         <value>0x1e51</value>
         <object_component_ref idref="oc-179"/>
      </symbol>
      <symbol id="sm-1fe">
         <name>readIndex</name>
         <value>0x202006ce</value>
         <object_component_ref idref="oc-120"/>
      </symbol>
      <symbol id="sm-1ff">
         <name>Command_Read</name>
         <value>0x1e71</value>
         <object_component_ref idref="oc-178"/>
      </symbol>
      <symbol id="sm-200">
         <name>buffer</name>
         <value>0x2020053c</value>
      </symbol>
      <symbol id="sm-201">
         <name>Command_GetLength</name>
         <value>0x1dc1</value>
         <object_component_ref idref="oc-ca"/>
      </symbol>
      <symbol id="sm-202">
         <name>writeIndex</name>
         <value>0x202006cf</value>
         <object_component_ref idref="oc-82"/>
      </symbol>
      <symbol id="sm-203">
         <name>Command_GetRemain</name>
         <value>0x22f9</value>
         <object_component_ref idref="oc-81"/>
      </symbol>
      <symbol id="sm-204">
         <name>Command_Write</name>
         <value>0xc11</value>
         <object_component_ref idref="oc-5e"/>
      </symbol>
      <symbol id="sm-205">
         <name>Command_GetCommand</name>
         <value>0x8cd</value>
         <object_component_ref idref="oc-f6"/>
      </symbol>
      <symbol id="sm-206">
         <name>Command_GetResult</name>
         <value>0xb65</value>
         <object_component_ref idref="oc-a8"/>
      </symbol>
      <symbol id="sm-207">
         <name>commands</name>
         <value>0x202005bc</value>
      </symbol>
      <symbol id="sm-208">
         <name>commandLength</name>
         <value>0x202006cc</value>
         <object_component_ref idref="oc-f8"/>
      </symbol>
      <symbol id="sm-212">
         <name>delay_ms</name>
         <value>0x21a5</value>
         <object_component_ref idref="oc-9d"/>
      </symbol>
      <symbol id="sm-23b">
         <name>Emm_V5_Reset_CurPos_To_Zero</name>
         <value>0x1ca9</value>
         <object_component_ref idref="oc-a7"/>
      </symbol>
      <symbol id="sm-23c">
         <name>Emm_V5_En_Control</name>
         <value>0x1799</value>
         <object_component_ref idref="oc-a2"/>
      </symbol>
      <symbol id="sm-23d">
         <name>Emm_V5_Vel_Control_1</name>
         <value>0x13a1</value>
         <object_component_ref idref="oc-104"/>
      </symbol>
      <symbol id="sm-23e">
         <name>Emm_V5_Vel_Control_2</name>
         <value>0x13f9</value>
         <object_component_ref idref="oc-105"/>
      </symbol>
      <symbol id="sm-23f">
         <name>Emm_V5_Stop_Now</name>
         <value>0x18e1</value>
         <object_component_ref idref="oc-f9"/>
      </symbol>
      <symbol id="sm-240">
         <name>stepper1_pd_calc</name>
         <value>0x1451</value>
         <object_component_ref idref="oc-fa"/>
      </symbol>
      <symbol id="sm-241">
         <name>stepper2_pd_calc</name>
         <value>0x14a9</value>
         <object_component_ref idref="oc-fb"/>
      </symbol>
      <symbol id="sm-242">
         <name>follow_control</name>
         <value>0x3b1</value>
         <object_component_ref idref="oc-a9"/>
      </symbol>
      <symbol id="sm-243">
         <name>stepper_pid_x</name>
         <value>0x20200634</value>
         <object_component_ref idref="oc-106"/>
      </symbol>
      <symbol id="sm-244">
         <name>stepper_pid_y</name>
         <value>0x20200650</value>
         <object_component_ref idref="oc-107"/>
      </symbol>
      <symbol id="sm-245">
         <name>__TI_ATRegion0_src_addr</name>
         <value>0x0</value>
      </symbol>
      <symbol id="sm-246">
         <name>__TI_ATRegion0_trg_addr</name>
         <value>0x0</value>
      </symbol>
      <symbol id="sm-247">
         <name>__TI_ATRegion0_region_sz</name>
         <value>0x0</value>
      </symbol>
      <symbol id="sm-248">
         <name>__TI_ATRegion1_src_addr</name>
         <value>0x0</value>
      </symbol>
      <symbol id="sm-249">
         <name>__TI_ATRegion1_trg_addr</name>
         <value>0x0</value>
      </symbol>
      <symbol id="sm-24a">
         <name>__TI_ATRegion1_region_sz</name>
         <value>0x0</value>
      </symbol>
      <symbol id="sm-24b">
         <name>__TI_ATRegion2_src_addr</name>
         <value>0x0</value>
      </symbol>
      <symbol id="sm-24c">
         <name>__TI_ATRegion2_trg_addr</name>
         <value>0x0</value>
      </symbol>
      <symbol id="sm-24d">
         <name>__TI_ATRegion2_region_sz</name>
         <value>0x0</value>
      </symbol>
      <symbol id="sm-256">
         <name>DL_Common_delayCycles</name>
         <value>0x237d</value>
         <object_component_ref idref="oc-eb"/>
      </symbol>
      <symbol id="sm-260">
         <name>DL_DMA_initChannel</name>
         <value>0x15a1</value>
         <object_component_ref idref="oc-1bf"/>
      </symbol>
      <symbol id="sm-26d">
         <name>DL_SPI_init</name>
         <value>0x1711</value>
         <object_component_ref idref="oc-166"/>
      </symbol>
      <symbol id="sm-26e">
         <name>DL_SPI_setClockConfig</name>
         <value>0x228d</value>
         <object_component_ref idref="oc-160"/>
      </symbol>
      <symbol id="sm-27e">
         <name>DL_Timer_setClockConfig</name>
         <value>0x1fb9</value>
         <object_component_ref idref="oc-142"/>
      </symbol>
      <symbol id="sm-27f">
         <name>DL_Timer_initTimerMode</name>
         <value>0x6e9</value>
         <object_component_ref idref="oc-148"/>
      </symbol>
      <symbol id="sm-28c">
         <name>DL_UART_init</name>
         <value>0x1639</value>
         <object_component_ref idref="oc-153"/>
      </symbol>
      <symbol id="sm-28d">
         <name>DL_UART_setClockConfig</name>
         <value>0x22c3</value>
         <object_component_ref idref="oc-14d"/>
      </symbol>
      <symbol id="sm-2a1">
         <name>DL_SYSCTL_configSYSPLL</name>
         <value>0x9b1</value>
         <object_component_ref idref="oc-13b"/>
      </symbol>
      <symbol id="sm-2a2">
         <name>DL_SYSCTL_switchMCLKfromSYSOSCtoHSCLK</name>
         <value>0x1755</value>
         <object_component_ref idref="oc-140"/>
      </symbol>
      <symbol id="sm-2a3">
         <name>DL_SYSCTL_setHFCLKSourceHFXTParams</name>
         <value>0x11b5</value>
         <object_component_ref idref="oc-135"/>
      </symbol>
      <symbol id="sm-2a4">
         <name>DL_SYSCTL_configFCC</name>
         <value>0x1f2d</value>
         <object_component_ref idref="oc-1ac"/>
      </symbol>
      <symbol id="sm-2af">
         <name>_c_int00_noargs</name>
         <value>0x1d71</value>
         <object_component_ref idref="oc-55"/>
      </symbol>
      <symbol id="sm-2b0">
         <name>__stack</name>
         <value>0x20207e00</value>
         <object_component_ref idref="oc-1a"/>
      </symbol>
      <symbol id="sm-2bc">
         <name>__TI_auto_init_nobinit_nopinit</name>
         <value>0x1995</value>
         <object_component_ref idref="oc-b8"/>
      </symbol>
      <symbol id="sm-2c4">
         <name>_system_pre_init</name>
         <value>0x23a3</value>
         <object_component_ref idref="oc-72"/>
      </symbol>
      <symbol id="sm-2cf">
         <name>__TI_zero_init</name>
         <value>0x2339</value>
         <object_component_ref idref="oc-52"/>
      </symbol>
      <symbol id="sm-2d8">
         <name>__TI_decompress_none</name>
         <value>0x22e7</value>
         <object_component_ref idref="oc-20"/>
      </symbol>
      <symbol id="sm-2e3">
         <name>__TI_decompress_lzss</name>
         <value>0xf75</value>
         <object_component_ref idref="oc-1c"/>
      </symbol>
      <symbol id="sm-2ed">
         <name>abort</name>
         <value>0x2391</value>
         <object_component_ref idref="oc-b1"/>
      </symbol>
      <symbol id="sm-2f7">
         <name>HOSTexit</name>
         <value>0x239b</value>
         <object_component_ref idref="oc-110"/>
      </symbol>
      <symbol id="sm-2f8">
         <name>C$$EXIT</name>
         <value>0x239a</value>
         <object_component_ref idref="oc-110"/>
      </symbol>
      <symbol id="sm-2fe">
         <name>__aeabi_fadd</name>
         <value>0xa97</value>
         <object_component_ref idref="oc-183"/>
      </symbol>
      <symbol id="sm-2ff">
         <name>__addsf3</name>
         <value>0xa97</value>
         <object_component_ref idref="oc-183"/>
      </symbol>
      <symbol id="sm-300">
         <name>__aeabi_fsub</name>
         <value>0xa8d</value>
         <object_component_ref idref="oc-183"/>
      </symbol>
      <symbol id="sm-301">
         <name>__subsf3</name>
         <value>0xa8d</value>
         <object_component_ref idref="oc-183"/>
      </symbol>
      <symbol id="sm-307">
         <name>__aeabi_fmul</name>
         <value>0xe6d</value>
         <object_component_ref idref="oc-17f"/>
      </symbol>
      <symbol id="sm-308">
         <name>__mulsf3</name>
         <value>0xe6d</value>
         <object_component_ref idref="oc-17f"/>
      </symbol>
      <symbol id="sm-30e">
         <name>__aeabi_f2iz</name>
         <value>0x1a49</value>
         <object_component_ref idref="oc-100"/>
      </symbol>
      <symbol id="sm-30f">
         <name>__fixsfsi</name>
         <value>0x1a49</value>
         <object_component_ref idref="oc-100"/>
      </symbol>
      <symbol id="sm-315">
         <name>__aeabi_i2f</name>
         <value>0x191d</value>
         <object_component_ref idref="oc-17b"/>
      </symbol>
      <symbol id="sm-316">
         <name>__floatsisf</name>
         <value>0x191d</value>
         <object_component_ref idref="oc-17b"/>
      </symbol>
      <symbol id="sm-31c">
         <name>__aeabi_ui2d</name>
         <value>0x1e2d</value>
         <object_component_ref idref="oc-1b0"/>
      </symbol>
      <symbol id="sm-31d">
         <name>__floatunsidf</name>
         <value>0x1e2d</value>
         <object_component_ref idref="oc-1b0"/>
      </symbol>
      <symbol id="sm-323">
         <name>__aeabi_dcmpeq</name>
         <value>0x1219</value>
         <object_component_ref idref="oc-1b4"/>
      </symbol>
      <symbol id="sm-324">
         <name>__aeabi_dcmplt</name>
         <value>0x122d</value>
         <object_component_ref idref="oc-1b4"/>
      </symbol>
      <symbol id="sm-325">
         <name>__aeabi_dcmple</name>
         <value>0x1241</value>
         <object_component_ref idref="oc-1b4"/>
      </symbol>
      <symbol id="sm-326">
         <name>__aeabi_dcmpge</name>
         <value>0x1255</value>
         <object_component_ref idref="oc-1b4"/>
      </symbol>
      <symbol id="sm-327">
         <name>__aeabi_dcmpgt</name>
         <value>0x1269</value>
         <object_component_ref idref="oc-1b4"/>
      </symbol>
      <symbol id="sm-32d">
         <name>__aeabi_fcmpeq</name>
         <value>0x127d</value>
         <object_component_ref idref="oc-fc"/>
      </symbol>
      <symbol id="sm-32e">
         <name>__aeabi_fcmplt</name>
         <value>0x1291</value>
         <object_component_ref idref="oc-fc"/>
      </symbol>
      <symbol id="sm-32f">
         <name>__aeabi_fcmple</name>
         <value>0x12a5</value>
         <object_component_ref idref="oc-fc"/>
      </symbol>
      <symbol id="sm-330">
         <name>__aeabi_fcmpge</name>
         <value>0x12b9</value>
         <object_component_ref idref="oc-fc"/>
      </symbol>
      <symbol id="sm-331">
         <name>__aeabi_fcmpgt</name>
         <value>0x12cd</value>
         <object_component_ref idref="oc-fc"/>
      </symbol>
      <symbol id="sm-337">
         <name>__aeabi_memcpy</name>
         <value>0x2389</value>
         <object_component_ref idref="oc-45"/>
      </symbol>
      <symbol id="sm-338">
         <name>__aeabi_memcpy4</name>
         <value>0x2389</value>
         <object_component_ref idref="oc-45"/>
      </symbol>
      <symbol id="sm-339">
         <name>__aeabi_memcpy8</name>
         <value>0x2389</value>
         <object_component_ref idref="oc-45"/>
      </symbol>
      <symbol id="sm-340">
         <name>__aeabi_memclr</name>
         <value>0x2371</value>
         <object_component_ref idref="oc-6d"/>
      </symbol>
      <symbol id="sm-341">
         <name>__aeabi_memclr4</name>
         <value>0x2371</value>
         <object_component_ref idref="oc-6d"/>
      </symbol>
      <symbol id="sm-342">
         <name>__aeabi_memclr8</name>
         <value>0x2371</value>
         <object_component_ref idref="oc-6d"/>
      </symbol>
      <symbol id="sm-348">
         <name>__aeabi_uidiv</name>
         <value>0x18a1</value>
         <object_component_ref idref="oc-10b"/>
      </symbol>
      <symbol id="sm-349">
         <name>__aeabi_uidivmod</name>
         <value>0x18a1</value>
         <object_component_ref idref="oc-10b"/>
      </symbol>
      <symbol id="sm-352">
         <name>__eqsf2</name>
         <value>0x19d1</value>
         <object_component_ref idref="oc-187"/>
      </symbol>
      <symbol id="sm-353">
         <name>__lesf2</name>
         <value>0x19d1</value>
         <object_component_ref idref="oc-187"/>
      </symbol>
      <symbol id="sm-354">
         <name>__ltsf2</name>
         <value>0x19d1</value>
         <object_component_ref idref="oc-187"/>
      </symbol>
      <symbol id="sm-355">
         <name>__nesf2</name>
         <value>0x19d1</value>
         <object_component_ref idref="oc-187"/>
      </symbol>
      <symbol id="sm-356">
         <name>__cmpsf2</name>
         <value>0x19d1</value>
         <object_component_ref idref="oc-187"/>
      </symbol>
      <symbol id="sm-357">
         <name>__gtsf2</name>
         <value>0x1959</value>
         <object_component_ref idref="oc-18c"/>
      </symbol>
      <symbol id="sm-358">
         <name>__gesf2</name>
         <value>0x1959</value>
         <object_component_ref idref="oc-18c"/>
      </symbol>
      <symbol id="sm-35e">
         <name>__muldsi3</name>
         <value>0x1a0d</value>
         <object_component_ref idref="oc-1c8"/>
      </symbol>
      <symbol id="sm-36c">
         <name>__ledf2</name>
         <value>0x114d</value>
         <object_component_ref idref="oc-1d6"/>
      </symbol>
      <symbol id="sm-36d">
         <name>__gedf2</name>
         <value>0x10d9</value>
         <object_component_ref idref="oc-1dc"/>
      </symbol>
      <symbol id="sm-36e">
         <name>__cmpdf2</name>
         <value>0x114d</value>
         <object_component_ref idref="oc-1d6"/>
      </symbol>
      <symbol id="sm-36f">
         <name>__eqdf2</name>
         <value>0x114d</value>
         <object_component_ref idref="oc-1d6"/>
      </symbol>
      <symbol id="sm-370">
         <name>__ltdf2</name>
         <value>0x114d</value>
         <object_component_ref idref="oc-1d6"/>
      </symbol>
      <symbol id="sm-371">
         <name>__nedf2</name>
         <value>0x114d</value>
         <object_component_ref idref="oc-1d6"/>
      </symbol>
      <symbol id="sm-372">
         <name>__gtdf2</name>
         <value>0x10d9</value>
         <object_component_ref idref="oc-1dc"/>
      </symbol>
      <symbol id="sm-37c">
         <name>__aeabi_idiv0</name>
         <value>0x6e7</value>
         <object_component_ref idref="oc-197"/>
      </symbol>
      <symbol id="sm-385">
         <name>TI_memcpy_small</name>
         <value>0x22d5</value>
         <object_component_ref idref="oc-86"/>
      </symbol>
      <symbol id="sm-38e">
         <name>TI_memset_small</name>
         <value>0x2349</value>
         <object_component_ref idref="oc-cc"/>
      </symbol>
      <symbol id="sm-38f">
         <name>__TI_static_base__</name>
         <value>0x0</value>
      </symbol>
      <symbol id="sm-392">
         <name>__mpu_init</name>
         <value>0x0</value>
      </symbol>
      <symbol id="sm-393">
         <name>_system_post_cinit</name>
         <value>0x0</value>
      </symbol>
   </symbol_table>
   <title>Link successful</title>
</link_info>
