<?xml version="1.0" encoding="ISO-8859-1" ?>
<link_info>
   <banner>TI ARM Clang Linker PC v4.0.4.LTS</banner>
   <copyright>Copyright (c) 1996-2018 Texas Instruments Incorporated</copyright>
   <command_line>D:\TI\CSS\ccs\tools\compiler\ti-cgt-armllvm_4.0.4.LTS\bin\tiarmlnk -ID:\TI\CSS\ccs\tools\compiler\ti-cgt-armllvm_4.0.4.LTS\lib -o empty.out -mempty.map -iC:/TI/mspm0_sdk_2_10_00_04/source -iD:/Desktop/diansai2/empty -iD:/Desktop/diansai2/empty/Debug/syscfg -iD:/TI/CSS/ccs/tools/compiler/ti-cgt-armllvm_4.0.4.LTS/lib --diag_wrap=off --display_error_number --warn_sections --xml_link_info=empty_linkInfo.xml --rom_model ./empty.o ./ti_msp_dl_config.o ./startup_mspm0g350x_ticlang.o ./Module/ICM45686/I2C_communication.o ./Module/ICM45686/IMU.o ./Module/ICM45686/basic_read_reg.o ./Module/ICM45686/inv_imu_driver.o ./Module/ICM45686/inv_imu_transport.o ./Module/K230/K230.o ./Module/OLED/bmp.o ./Module/OLED/oled.o ./Module/OLED/oledfont.o ./Module/bluetooth/bluetooth.o ./Module/command/command.o ./Module/delay/delay.o ./Module/encoder/encoder.o ./Module/key/key.o ./Module/menu/menu.o ./Module/motor/motor.o ./Module/position/position.o ./Module/question_task/question_task.o ./Module/stepper/stepper.o ./Module/track/track.o ./Module/turn/turn.o -l./device_linker.cmd -ldevice.cmd.genlibs -llibc.a --start-group -llibc++.a -llibc++abi.a -llibc.a -llibsys.a -llibsysbm.a -llibclang_rt.builtins.a -llibclang_rt.profile.a --end-group --cg_opt_level=0</command_line>
   <link_time>0x6a7188d5</link_time>
   <link_errors>0x0</link_errors>
   <output_file>D:\Desktop\diansai2\empty\Debug\empty.out</output_file>
   <entry_point>
      <name>_c_int00_noargs</name>
      <address>0x5c91</address>
   </entry_point>
   <input_file_list>
      <input_file id="fl-1">
         <path>D:\Desktop\diansai2\empty\Debug\.\</path>
         <kind>object</kind>
         <file>empty.o</file>
         <name>empty.o</name>
      </input_file>
      <input_file id="fl-2">
         <path>D:\Desktop\diansai2\empty\Debug\.\</path>
         <kind>object</kind>
         <file>ti_msp_dl_config.o</file>
         <name>ti_msp_dl_config.o</name>
      </input_file>
      <input_file id="fl-3">
         <path>D:\Desktop\diansai2\empty\Debug\.\</path>
         <kind>object</kind>
         <file>startup_mspm0g350x_ticlang.o</file>
         <name>startup_mspm0g350x_ticlang.o</name>
      </input_file>
      <input_file id="fl-4">
         <path>D:\Desktop\diansai2\empty\Debug\.\Module\ICM45686\</path>
         <kind>object</kind>
         <file>I2C_communication.o</file>
         <name>I2C_communication.o</name>
      </input_file>
      <input_file id="fl-5">
         <path>D:\Desktop\diansai2\empty\Debug\.\Module\ICM45686\</path>
         <kind>object</kind>
         <file>IMU.o</file>
         <name>IMU.o</name>
      </input_file>
      <input_file id="fl-6">
         <path>D:\Desktop\diansai2\empty\Debug\.\Module\ICM45686\</path>
         <kind>object</kind>
         <file>basic_read_reg.o</file>
         <name>basic_read_reg.o</name>
      </input_file>
      <input_file id="fl-7">
         <path>D:\Desktop\diansai2\empty\Debug\.\Module\ICM45686\</path>
         <kind>object</kind>
         <file>inv_imu_driver.o</file>
         <name>inv_imu_driver.o</name>
      </input_file>
      <input_file id="fl-8">
         <path>D:\Desktop\diansai2\empty\Debug\.\Module\ICM45686\</path>
         <kind>object</kind>
         <file>inv_imu_transport.o</file>
         <name>inv_imu_transport.o</name>
      </input_file>
      <input_file id="fl-9">
         <path>D:\Desktop\diansai2\empty\Debug\.\Module\K230\</path>
         <kind>object</kind>
         <file>K230.o</file>
         <name>K230.o</name>
      </input_file>
      <input_file id="fl-a">
         <path>D:\Desktop\diansai2\empty\Debug\.\Module\OLED\</path>
         <kind>object</kind>
         <file>bmp.o</file>
         <name>bmp.o</name>
      </input_file>
      <input_file id="fl-b">
         <path>D:\Desktop\diansai2\empty\Debug\.\Module\OLED\</path>
         <kind>object</kind>
         <file>oled.o</file>
         <name>oled.o</name>
      </input_file>
      <input_file id="fl-c">
         <path>D:\Desktop\diansai2\empty\Debug\.\Module\OLED\</path>
         <kind>object</kind>
         <file>oledfont.o</file>
         <name>oledfont.o</name>
      </input_file>
      <input_file id="fl-d">
         <path>D:\Desktop\diansai2\empty\Debug\.\Module\bluetooth\</path>
         <kind>object</kind>
         <file>bluetooth.o</file>
         <name>bluetooth.o</name>
      </input_file>
      <input_file id="fl-e">
         <path>D:\Desktop\diansai2\empty\Debug\.\Module\command\</path>
         <kind>object</kind>
         <file>command.o</file>
         <name>command.o</name>
      </input_file>
      <input_file id="fl-f">
         <path>D:\Desktop\diansai2\empty\Debug\.\Module\delay\</path>
         <kind>object</kind>
         <file>delay.o</file>
         <name>delay.o</name>
      </input_file>
      <input_file id="fl-10">
         <path>D:\Desktop\diansai2\empty\Debug\.\Module\encoder\</path>
         <kind>object</kind>
         <file>encoder.o</file>
         <name>encoder.o</name>
      </input_file>
      <input_file id="fl-11">
         <path>D:\Desktop\diansai2\empty\Debug\.\Module\key\</path>
         <kind>object</kind>
         <file>key.o</file>
         <name>key.o</name>
      </input_file>
      <input_file id="fl-12">
         <path>D:\Desktop\diansai2\empty\Debug\.\Module\menu\</path>
         <kind>object</kind>
         <file>menu.o</file>
         <name>menu.o</name>
      </input_file>
      <input_file id="fl-13">
         <path>D:\Desktop\diansai2\empty\Debug\.\Module\motor\</path>
         <kind>object</kind>
         <file>motor.o</file>
         <name>motor.o</name>
      </input_file>
      <input_file id="fl-14">
         <path>D:\Desktop\diansai2\empty\Debug\.\Module\position\</path>
         <kind>object</kind>
         <file>position.o</file>
         <name>position.o</name>
      </input_file>
      <input_file id="fl-15">
         <path>D:\Desktop\diansai2\empty\Debug\.\Module\question_task\</path>
         <kind>object</kind>
         <file>question_task.o</file>
         <name>question_task.o</name>
      </input_file>
      <input_file id="fl-16">
         <path>D:\Desktop\diansai2\empty\Debug\.\Module\stepper\</path>
         <kind>object</kind>
         <file>stepper.o</file>
         <name>stepper.o</name>
      </input_file>
      <input_file id="fl-17">
         <path>D:\Desktop\diansai2\empty\Debug\.\Module\track\</path>
         <kind>object</kind>
         <file>track.o</file>
         <name>track.o</name>
      </input_file>
      <input_file id="fl-18">
         <path>D:\Desktop\diansai2\empty\Debug\.\Module\turn\</path>
         <kind>object</kind>
         <file>turn.o</file>
         <name>turn.o</name>
      </input_file>
      <input_file id="fl-25">
         <path>D:\Desktop\diansai2\empty\Debug\</path>
         <kind>object</kind>
         <file>&lt;internal&gt;</file>
         <name>&lt;internal&gt;</name>
      </input_file>
      <input_file id="fl-26">
         <path>C:\TI\mspm0_sdk_2_10_00_04\source\ti\driverlib\lib\ticlang\m0p\mspm0g1x0x_g3x0x\</path>
         <kind>archive</kind>
         <file>driverlib.a</file>
         <name>dl_common.o</name>
      </input_file>
      <input_file id="fl-27">
         <path>C:\TI\mspm0_sdk_2_10_00_04\source\ti\driverlib\lib\ticlang\m0p\mspm0g1x0x_g3x0x\</path>
         <kind>archive</kind>
         <file>driverlib.a</file>
         <name>dl_dma.o</name>
      </input_file>
      <input_file id="fl-28">
         <path>C:\TI\mspm0_sdk_2_10_00_04\source\ti\driverlib\lib\ticlang\m0p\mspm0g1x0x_g3x0x\</path>
         <kind>archive</kind>
         <file>driverlib.a</file>
         <name>dl_i2c.o</name>
      </input_file>
      <input_file id="fl-29">
         <path>C:\TI\mspm0_sdk_2_10_00_04\source\ti\driverlib\lib\ticlang\m0p\mspm0g1x0x_g3x0x\</path>
         <kind>archive</kind>
         <file>driverlib.a</file>
         <name>dl_spi.o</name>
      </input_file>
      <input_file id="fl-2a">
         <path>C:\TI\mspm0_sdk_2_10_00_04\source\ti\driverlib\lib\ticlang\m0p\mspm0g1x0x_g3x0x\</path>
         <kind>archive</kind>
         <file>driverlib.a</file>
         <name>dl_timer.o</name>
      </input_file>
      <input_file id="fl-2b">
         <path>C:\TI\mspm0_sdk_2_10_00_04\source\ti\driverlib\lib\ticlang\m0p\mspm0g1x0x_g3x0x\</path>
         <kind>archive</kind>
         <file>driverlib.a</file>
         <name>dl_uart.o</name>
      </input_file>
      <input_file id="fl-2c">
         <path>C:\TI\mspm0_sdk_2_10_00_04\source\ti\driverlib\lib\ticlang\m0p\mspm0g1x0x_g3x0x\</path>
         <kind>archive</kind>
         <file>driverlib.a</file>
         <name>dl_sysctl_mspm0g1x0x_g3x0x.o</name>
      </input_file>
      <input_file id="fl-43">
         <path>D:\TI\CSS\ccs\tools\compiler\ti-cgt-armllvm_4.0.4.LTS\lib\armv6m-ti-none-eabi\c\</path>
         <kind>archive</kind>
         <file>libc.a</file>
         <name>e_asin.c.obj</name>
      </input_file>
      <input_file id="fl-44">
         <path>D:\TI\CSS\ccs\tools\compiler\ti-cgt-armllvm_4.0.4.LTS\lib\armv6m-ti-none-eabi\c\</path>
         <kind>archive</kind>
         <file>libc.a</file>
         <name>e_atan2.c.obj</name>
      </input_file>
      <input_file id="fl-45">
         <path>D:\TI\CSS\ccs\tools\compiler\ti-cgt-armllvm_4.0.4.LTS\lib\armv6m-ti-none-eabi\c\</path>
         <kind>archive</kind>
         <file>libc.a</file>
         <name>e_sqrt.c.obj</name>
      </input_file>
      <input_file id="fl-46">
         <path>D:\TI\CSS\ccs\tools\compiler\ti-cgt-armllvm_4.0.4.LTS\lib\armv6m-ti-none-eabi\c\</path>
         <kind>archive</kind>
         <file>libc.a</file>
         <name>s_atan.c.obj</name>
      </input_file>
      <input_file id="fl-47">
         <path>D:\TI\CSS\ccs\tools\compiler\ti-cgt-armllvm_4.0.4.LTS\lib\armv6m-ti-none-eabi\c\</path>
         <kind>archive</kind>
         <file>libc.a</file>
         <name>printf.c.obj</name>
      </input_file>
      <input_file id="fl-48">
         <path>D:\TI\CSS\ccs\tools\compiler\ti-cgt-armllvm_4.0.4.LTS\lib\armv6m-ti-none-eabi\c\</path>
         <kind>archive</kind>
         <file>libc.a</file>
         <name>_printfi.c.obj</name>
      </input_file>
      <input_file id="fl-49">
         <path>D:\TI\CSS\ccs\tools\compiler\ti-cgt-armllvm_4.0.4.LTS\lib\armv6m-ti-none-eabi\c\</path>
         <kind>archive</kind>
         <file>libc.a</file>
         <name>snprintf.c.obj</name>
      </input_file>
      <input_file id="fl-4a">
         <path>D:\TI\CSS\ccs\tools\compiler\ti-cgt-armllvm_4.0.4.LTS\lib\armv6m-ti-none-eabi\c\</path>
         <kind>archive</kind>
         <file>libc.a</file>
         <name>sprintf.c.obj</name>
      </input_file>
      <input_file id="fl-4b">
         <path>D:\TI\CSS\ccs\tools\compiler\ti-cgt-armllvm_4.0.4.LTS\lib\armv6m-ti-none-eabi\c\</path>
         <kind>archive</kind>
         <file>libc.a</file>
         <name>aeabi_portable.c.obj</name>
      </input_file>
      <input_file id="fl-4c">
         <path>D:\TI\CSS\ccs\tools\compiler\ti-cgt-armllvm_4.0.4.LTS\lib\armv6m-ti-none-eabi\c\</path>
         <kind>archive</kind>
         <file>libc.a</file>
         <name>_lock.c.obj</name>
      </input_file>
      <input_file id="fl-4d">
         <path>D:\TI\CSS\ccs\tools\compiler\ti-cgt-armllvm_4.0.4.LTS\lib\armv6m-ti-none-eabi\c\</path>
         <kind>archive</kind>
         <file>libc.a</file>
         <name>_ltoa.c.obj</name>
      </input_file>
      <input_file id="fl-4e">
         <path>D:\TI\CSS\ccs\tools\compiler\ti-cgt-armllvm_4.0.4.LTS\lib\armv6m-ti-none-eabi\c\</path>
         <kind>archive</kind>
         <file>libc.a</file>
         <name>assert.c.obj</name>
      </input_file>
      <input_file id="fl-4f">
         <path>D:\TI\CSS\ccs\tools\compiler\ti-cgt-armllvm_4.0.4.LTS\lib\armv6m-ti-none-eabi\c\</path>
         <kind>archive</kind>
         <file>libc.a</file>
         <name>atoi.c.obj</name>
      </input_file>
      <input_file id="fl-50">
         <path>D:\TI\CSS\ccs\tools\compiler\ti-cgt-armllvm_4.0.4.LTS\lib\armv6m-ti-none-eabi\c\</path>
         <kind>archive</kind>
         <file>libc.a</file>
         <name>defs.c.obj</name>
      </input_file>
      <input_file id="fl-51">
         <path>D:\TI\CSS\ccs\tools\compiler\ti-cgt-armllvm_4.0.4.LTS\lib\armv6m-ti-none-eabi\c\</path>
         <kind>archive</kind>
         <file>libc.a</file>
         <name>memccpy.c.obj</name>
      </input_file>
      <input_file id="fl-52">
         <path>D:\TI\CSS\ccs\tools\compiler\ti-cgt-armllvm_4.0.4.LTS\lib\armv6m-ti-none-eabi\c\</path>
         <kind>archive</kind>
         <file>libc.a</file>
         <name>memory.c.obj</name>
      </input_file>
      <input_file id="fl-53">
         <path>D:\TI\CSS\ccs\tools\compiler\ti-cgt-armllvm_4.0.4.LTS\lib\armv6m-ti-none-eabi\c\</path>
         <kind>archive</kind>
         <file>libc.a</file>
         <name>strlen.c.obj</name>
      </input_file>
      <input_file id="fl-54">
         <path>D:\TI\CSS\ccs\tools\compiler\ti-cgt-armllvm_4.0.4.LTS\lib\armv6m-ti-none-eabi\c\</path>
         <kind>archive</kind>
         <file>libc.a</file>
         <name>boot_cortex_m.c.obj</name>
      </input_file>
      <input_file id="fl-55">
         <path>D:\TI\CSS\ccs\tools\compiler\ti-cgt-armllvm_4.0.4.LTS\lib\armv6m-ti-none-eabi\c\</path>
         <kind>archive</kind>
         <file>libc.a</file>
         <name>mathacl_init.c.obj</name>
      </input_file>
      <input_file id="fl-56">
         <path>D:\TI\CSS\ccs\tools\compiler\ti-cgt-armllvm_4.0.4.LTS\lib\armv6m-ti-none-eabi\c\</path>
         <kind>archive</kind>
         <file>libc.a</file>
         <name>autoinit.c.obj</name>
      </input_file>
      <input_file id="fl-57">
         <path>D:\TI\CSS\ccs\tools\compiler\ti-cgt-armllvm_4.0.4.LTS\lib\armv6m-ti-none-eabi\c\</path>
         <kind>archive</kind>
         <file>libc.a</file>
         <name>pre_init.c.obj</name>
      </input_file>
      <input_file id="fl-58">
         <path>D:\TI\CSS\ccs\tools\compiler\ti-cgt-armllvm_4.0.4.LTS\lib\armv6m-ti-none-eabi\c\</path>
         <kind>archive</kind>
         <file>libc.a</file>
         <name>cpy_tbl.c.obj</name>
      </input_file>
      <input_file id="fl-59">
         <path>D:\TI\CSS\ccs\tools\compiler\ti-cgt-armllvm_4.0.4.LTS\lib\armv6m-ti-none-eabi\c\</path>
         <kind>archive</kind>
         <file>libc.a</file>
         <name>copy_zero_init.c.obj</name>
      </input_file>
      <input_file id="fl-5a">
         <path>D:\TI\CSS\ccs\tools\compiler\ti-cgt-armllvm_4.0.4.LTS\lib\armv6m-ti-none-eabi\c\</path>
         <kind>archive</kind>
         <file>libc.a</file>
         <name>copy_decompress_none.c.obj</name>
      </input_file>
      <input_file id="fl-5b">
         <path>D:\TI\CSS\ccs\tools\compiler\ti-cgt-armllvm_4.0.4.LTS\lib\armv6m-ti-none-eabi\c\</path>
         <kind>archive</kind>
         <file>libc.a</file>
         <name>copy_decompress_lzss.c.obj</name>
      </input_file>
      <input_file id="fl-5c">
         <path>D:\TI\CSS\ccs\tools\compiler\ti-cgt-armllvm_4.0.4.LTS\lib\armv6m-ti-none-eabi\c\</path>
         <kind>archive</kind>
         <file>libc.a</file>
         <name>s_frexp.c.obj</name>
      </input_file>
      <input_file id="fl-5d">
         <path>D:\TI\CSS\ccs\tools\compiler\ti-cgt-armllvm_4.0.4.LTS\lib\armv6m-ti-none-eabi\c\</path>
         <kind>archive</kind>
         <file>libc.a</file>
         <name>s_scalbn.c.obj</name>
      </input_file>
      <input_file id="fl-5e">
         <path>D:\TI\CSS\ccs\tools\compiler\ti-cgt-armllvm_4.0.4.LTS\lib\armv6m-ti-none-eabi\c\</path>
         <kind>archive</kind>
         <file>libc.a</file>
         <name>wcslen.c.obj</name>
      </input_file>
      <input_file id="fl-5f">
         <path>D:\TI\CSS\ccs\tools\compiler\ti-cgt-armllvm_4.0.4.LTS\lib\armv6m-ti-none-eabi\c\</path>
         <kind>archive</kind>
         <file>libc.a</file>
         <name>fflush.c.obj</name>
      </input_file>
      <input_file id="fl-60">
         <path>D:\TI\CSS\ccs\tools\compiler\ti-cgt-armllvm_4.0.4.LTS\lib\armv6m-ti-none-eabi\c\</path>
         <kind>archive</kind>
         <file>libc.a</file>
         <name>aeabi_ctype.S.obj</name>
      </input_file>
      <input_file id="fl-61">
         <path>D:\TI\CSS\ccs\tools\compiler\ti-cgt-armllvm_4.0.4.LTS\lib\armv6m-ti-none-eabi\c\</path>
         <kind>archive</kind>
         <file>libc.a</file>
         <name>exit.c.obj</name>
      </input_file>
      <input_file id="fl-62">
         <path>D:\TI\CSS\ccs\tools\compiler\ti-cgt-armllvm_4.0.4.LTS\lib\armv6m-ti-none-eabi\c\</path>
         <kind>archive</kind>
         <file>libc.a</file>
         <name>args_main.c.obj</name>
      </input_file>
      <input_file id="fl-102">
         <path>D:\TI\CSS\ccs\tools\compiler\ti-cgt-armllvm_4.0.4.LTS\lib\armv6m-ti-none-eabi\c\</path>
         <kind>archive</kind>
         <file>libsysbm.a</file>
         <name>hostexit.c.obj</name>
      </input_file>
      <input_file id="fl-103">
         <path>D:\TI\CSS\ccs\tools\compiler\ti-cgt-armllvm_4.0.4.LTS\lib\armv6m-ti-none-eabi\c\</path>
         <kind>archive</kind>
         <file>libsysbm.a</file>
         <name>write.c.obj</name>
      </input_file>
      <input_file id="fl-104">
         <path>D:\TI\CSS\ccs\tools\compiler\ti-cgt-armllvm_4.0.4.LTS\lib\armv6m-ti-none-eabi\c\</path>
         <kind>archive</kind>
         <file>libsysbm.a</file>
         <name>host_device.c.obj</name>
      </input_file>
      <input_file id="fl-105">
         <path>D:\TI\CSS\ccs\tools\compiler\ti-cgt-armllvm_4.0.4.LTS\lib\armv6m-ti-none-eabi\c\</path>
         <kind>archive</kind>
         <file>libsysbm.a</file>
         <name>hostclose.c.obj</name>
      </input_file>
      <input_file id="fl-106">
         <path>D:\TI\CSS\ccs\tools\compiler\ti-cgt-armllvm_4.0.4.LTS\lib\armv6m-ti-none-eabi\c\</path>
         <kind>archive</kind>
         <file>libsysbm.a</file>
         <name>hostlseek.c.obj</name>
      </input_file>
      <input_file id="fl-107">
         <path>D:\TI\CSS\ccs\tools\compiler\ti-cgt-armllvm_4.0.4.LTS\lib\armv6m-ti-none-eabi\c\</path>
         <kind>archive</kind>
         <file>libsysbm.a</file>
         <name>hostopen.c.obj</name>
      </input_file>
      <input_file id="fl-108">
         <path>D:\TI\CSS\ccs\tools\compiler\ti-cgt-armllvm_4.0.4.LTS\lib\armv6m-ti-none-eabi\c\</path>
         <kind>archive</kind>
         <file>libsysbm.a</file>
         <name>hostread.c.obj</name>
      </input_file>
      <input_file id="fl-109">
         <path>D:\TI\CSS\ccs\tools\compiler\ti-cgt-armllvm_4.0.4.LTS\lib\armv6m-ti-none-eabi\c\</path>
         <kind>archive</kind>
         <file>libsysbm.a</file>
         <name>hostrename.c.obj</name>
      </input_file>
      <input_file id="fl-10a">
         <path>D:\TI\CSS\ccs\tools\compiler\ti-cgt-armllvm_4.0.4.LTS\lib\armv6m-ti-none-eabi\c\</path>
         <kind>archive</kind>
         <file>libsysbm.a</file>
         <name>hostunlink.c.obj</name>
      </input_file>
      <input_file id="fl-10b">
         <path>D:\TI\CSS\ccs\tools\compiler\ti-cgt-armllvm_4.0.4.LTS\lib\armv6m-ti-none-eabi\c\</path>
         <kind>archive</kind>
         <file>libsysbm.a</file>
         <name>hostwrite.c.obj</name>
      </input_file>
      <input_file id="fl-10c">
         <path>D:\TI\CSS\ccs\tools\compiler\ti-cgt-armllvm_4.0.4.LTS\lib\armv6m-ti-none-eabi\c\</path>
         <kind>archive</kind>
         <file>libsysbm.a</file>
         <name>trgmsg.c.obj</name>
      </input_file>
      <input_file id="fl-10d">
         <path>D:\TI\CSS\ccs\tools\compiler\ti-cgt-armllvm_4.0.4.LTS\lib\armv6m-ti-none-eabi\</path>
         <kind>archive</kind>
         <file>libclang_rt.builtins.a</file>
         <name>addsf3.S.obj</name>
      </input_file>
      <input_file id="fl-10e">
         <path>D:\TI\CSS\ccs\tools\compiler\ti-cgt-armllvm_4.0.4.LTS\lib\armv6m-ti-none-eabi\</path>
         <kind>archive</kind>
         <file>libclang_rt.builtins.a</file>
         <name>adddf3.S.obj</name>
      </input_file>
      <input_file id="fl-10f">
         <path>D:\TI\CSS\ccs\tools\compiler\ti-cgt-armllvm_4.0.4.LTS\lib\armv6m-ti-none-eabi\</path>
         <kind>archive</kind>
         <file>libclang_rt.builtins.a</file>
         <name>muldf3.S.obj</name>
      </input_file>
      <input_file id="fl-110">
         <path>D:\TI\CSS\ccs\tools\compiler\ti-cgt-armllvm_4.0.4.LTS\lib\armv6m-ti-none-eabi\</path>
         <kind>archive</kind>
         <file>libclang_rt.builtins.a</file>
         <name>muldsi3.S.obj</name>
      </input_file>
      <input_file id="fl-111">
         <path>D:\TI\CSS\ccs\tools\compiler\ti-cgt-armllvm_4.0.4.LTS\lib\armv6m-ti-none-eabi\</path>
         <kind>archive</kind>
         <file>libclang_rt.builtins.a</file>
         <name>mulsf3.S.obj</name>
      </input_file>
      <input_file id="fl-112">
         <path>D:\TI\CSS\ccs\tools\compiler\ti-cgt-armllvm_4.0.4.LTS\lib\armv6m-ti-none-eabi\</path>
         <kind>archive</kind>
         <file>libclang_rt.builtins.a</file>
         <name>divsf3.S.obj</name>
      </input_file>
      <input_file id="fl-113">
         <path>D:\TI\CSS\ccs\tools\compiler\ti-cgt-armllvm_4.0.4.LTS\lib\armv6m-ti-none-eabi\</path>
         <kind>archive</kind>
         <file>libclang_rt.builtins.a</file>
         <name>divdf3.S.obj</name>
      </input_file>
      <input_file id="fl-114">
         <path>D:\TI\CSS\ccs\tools\compiler\ti-cgt-armllvm_4.0.4.LTS\lib\armv6m-ti-none-eabi\</path>
         <kind>archive</kind>
         <file>libclang_rt.builtins.a</file>
         <name>extendsfdf2.S.obj</name>
      </input_file>
      <input_file id="fl-115">
         <path>D:\TI\CSS\ccs\tools\compiler\ti-cgt-armllvm_4.0.4.LTS\lib\armv6m-ti-none-eabi\</path>
         <kind>archive</kind>
         <file>libclang_rt.builtins.a</file>
         <name>fixdfsi.S.obj</name>
      </input_file>
      <input_file id="fl-116">
         <path>D:\TI\CSS\ccs\tools\compiler\ti-cgt-armllvm_4.0.4.LTS\lib\armv6m-ti-none-eabi\</path>
         <kind>archive</kind>
         <file>libclang_rt.builtins.a</file>
         <name>fixsfsi.S.obj</name>
      </input_file>
      <input_file id="fl-117">
         <path>D:\TI\CSS\ccs\tools\compiler\ti-cgt-armllvm_4.0.4.LTS\lib\armv6m-ti-none-eabi\</path>
         <kind>archive</kind>
         <file>libclang_rt.builtins.a</file>
         <name>fixunssfsi.S.obj</name>
      </input_file>
      <input_file id="fl-118">
         <path>D:\TI\CSS\ccs\tools\compiler\ti-cgt-armllvm_4.0.4.LTS\lib\armv6m-ti-none-eabi\</path>
         <kind>archive</kind>
         <file>libclang_rt.builtins.a</file>
         <name>floatsidf.S.obj</name>
      </input_file>
      <input_file id="fl-119">
         <path>D:\TI\CSS\ccs\tools\compiler\ti-cgt-armllvm_4.0.4.LTS\lib\armv6m-ti-none-eabi\</path>
         <kind>archive</kind>
         <file>libclang_rt.builtins.a</file>
         <name>floatsisf.S.obj</name>
      </input_file>
      <input_file id="fl-11a">
         <path>D:\TI\CSS\ccs\tools\compiler\ti-cgt-armllvm_4.0.4.LTS\lib\armv6m-ti-none-eabi\</path>
         <kind>archive</kind>
         <file>libclang_rt.builtins.a</file>
         <name>floatunsidf.S.obj</name>
      </input_file>
      <input_file id="fl-11b">
         <path>D:\TI\CSS\ccs\tools\compiler\ti-cgt-armllvm_4.0.4.LTS\lib\armv6m-ti-none-eabi\</path>
         <kind>archive</kind>
         <file>libclang_rt.builtins.a</file>
         <name>floatunsisf.S.obj</name>
      </input_file>
      <input_file id="fl-11c">
         <path>D:\TI\CSS\ccs\tools\compiler\ti-cgt-armllvm_4.0.4.LTS\lib\armv6m-ti-none-eabi\</path>
         <kind>archive</kind>
         <file>libclang_rt.builtins.a</file>
         <name>muldi3.S.obj</name>
      </input_file>
      <input_file id="fl-11d">
         <path>D:\TI\CSS\ccs\tools\compiler\ti-cgt-armllvm_4.0.4.LTS\lib\armv6m-ti-none-eabi\</path>
         <kind>archive</kind>
         <file>libclang_rt.builtins.a</file>
         <name>truncdfsf2.S.obj</name>
      </input_file>
      <input_file id="fl-11e">
         <path>D:\TI\CSS\ccs\tools\compiler\ti-cgt-armllvm_4.0.4.LTS\lib\armv6m-ti-none-eabi\</path>
         <kind>archive</kind>
         <file>libclang_rt.builtins.a</file>
         <name>aeabi_dcmp.S.obj</name>
      </input_file>
      <input_file id="fl-11f">
         <path>D:\TI\CSS\ccs\tools\compiler\ti-cgt-armllvm_4.0.4.LTS\lib\armv6m-ti-none-eabi\</path>
         <kind>archive</kind>
         <file>libclang_rt.builtins.a</file>
         <name>aeabi_fcmp.S.obj</name>
      </input_file>
      <input_file id="fl-120">
         <path>D:\TI\CSS\ccs\tools\compiler\ti-cgt-armllvm_4.0.4.LTS\lib\armv6m-ti-none-eabi\</path>
         <kind>archive</kind>
         <file>libclang_rt.builtins.a</file>
         <name>aeabi_idivmod.S.obj</name>
      </input_file>
      <input_file id="fl-121">
         <path>D:\TI\CSS\ccs\tools\compiler\ti-cgt-armllvm_4.0.4.LTS\lib\armv6m-ti-none-eabi\</path>
         <kind>archive</kind>
         <file>libclang_rt.builtins.a</file>
         <name>aeabi_memcpy.S.obj</name>
      </input_file>
      <input_file id="fl-122">
         <path>D:\TI\CSS\ccs\tools\compiler\ti-cgt-armllvm_4.0.4.LTS\lib\armv6m-ti-none-eabi\</path>
         <kind>archive</kind>
         <file>libclang_rt.builtins.a</file>
         <name>aeabi_memset.S.obj</name>
      </input_file>
      <input_file id="fl-123">
         <path>D:\TI\CSS\ccs\tools\compiler\ti-cgt-armllvm_4.0.4.LTS\lib\armv6m-ti-none-eabi\</path>
         <kind>archive</kind>
         <file>libclang_rt.builtins.a</file>
         <name>aeabi_uidivmod.S.obj</name>
      </input_file>
      <input_file id="fl-124">
         <path>D:\TI\CSS\ccs\tools\compiler\ti-cgt-armllvm_4.0.4.LTS\lib\armv6m-ti-none-eabi\</path>
         <kind>archive</kind>
         <file>libclang_rt.builtins.a</file>
         <name>aeabi_uldivmod.S.obj</name>
      </input_file>
      <input_file id="fl-125">
         <path>D:\TI\CSS\ccs\tools\compiler\ti-cgt-armllvm_4.0.4.LTS\lib\armv6m-ti-none-eabi\</path>
         <kind>archive</kind>
         <file>libclang_rt.builtins.a</file>
         <name>comparesf2.S.obj</name>
      </input_file>
      <input_file id="fl-126">
         <path>D:\TI\CSS\ccs\tools\compiler\ti-cgt-armllvm_4.0.4.LTS\lib\armv6m-ti-none-eabi\</path>
         <kind>archive</kind>
         <file>libclang_rt.builtins.a</file>
         <name>udivmoddi4.S.obj</name>
      </input_file>
      <input_file id="fl-127">
         <path>D:\TI\CSS\ccs\tools\compiler\ti-cgt-armllvm_4.0.4.LTS\lib\armv6m-ti-none-eabi\</path>
         <kind>archive</kind>
         <file>libclang_rt.builtins.a</file>
         <name>ashldi3.S.obj</name>
      </input_file>
      <input_file id="fl-128">
         <path>D:\TI\CSS\ccs\tools\compiler\ti-cgt-armllvm_4.0.4.LTS\lib\armv6m-ti-none-eabi\</path>
         <kind>archive</kind>
         <file>libclang_rt.builtins.a</file>
         <name>comparedf2.c.obj</name>
      </input_file>
      <input_file id="fl-129">
         <path>D:\TI\CSS\ccs\tools\compiler\ti-cgt-armllvm_4.0.4.LTS\lib\armv6m-ti-none-eabi\</path>
         <kind>archive</kind>
         <file>libclang_rt.builtins.a</file>
         <name>aeabi_div0.c.obj</name>
      </input_file>
      <input_file id="fl-12a">
         <path>D:\TI\CSS\ccs\tools\compiler\ti-cgt-armllvm_4.0.4.LTS\lib\armv6m-ti-none-eabi\c\</path>
         <kind>archive</kind>
         <file>libc.a</file>
         <name>memcpy16.S.obj</name>
      </input_file>
      <input_file id="fl-12b">
         <path>D:\TI\CSS\ccs\tools\compiler\ti-cgt-armllvm_4.0.4.LTS\lib\armv6m-ti-none-eabi\c\</path>
         <kind>archive</kind>
         <file>libc.a</file>
         <name>memset16.S.obj</name>
      </input_file>
   </input_file_list>
   <object_component_list>
      <object_component id="oc-18">
         <name>.intvecs</name>
         <load_address>0x0</load_address>
         <readonly>true</readonly>
         <run_address>0x0</run_address>
         <size>0xc0</size>
         <alignment>0x4</alignment>
         <input_file_ref idref="fl-3"/>
      </object_component>
      <object_component id="oc-2b8">
         <name>.text:__TI_printfi</name>
         <load_address>0xc0</load_address>
         <readonly>true</readonly>
         <executable>true</executable>
         <run_address>0xc0</run_address>
         <size>0x9d0</size>
         <alignment>0x4</alignment>
         <input_file_ref idref="fl-48"/>
      </object_component>
      <object_component id="oc-a4">
         <name>.text.main</name>
         <load_address>0xa90</load_address>
         <readonly>true</readonly>
         <executable>true</executable>
         <run_address>0xa90</run_address>
         <size>0x328</size>
         <alignment>0x4</alignment>
         <input_file_ref idref="fl-1"/>
      </object_component>
      <object_component id="oc-16b">
         <name>.text.SYSCFG_DL_GPIO_init</name>
         <load_address>0xdb8</load_address>
         <readonly>true</readonly>
         <executable>true</executable>
         <run_address>0xdb8</run_address>
         <size>0x2a0</size>
         <alignment>0x4</alignment>
         <input_file_ref idref="fl-2"/>
      </object_component>
      <object_component id="oc-314">
         <name>.text._pconv_a</name>
         <load_address>0x1058</load_address>
         <readonly>true</readonly>
         <executable>true</executable>
         <run_address>0x1058</run_address>
         <size>0x220</size>
         <alignment>0x4</alignment>
         <input_file_ref idref="fl-48"/>
      </object_component>
      <object_component id="oc-122">
         <name>.text.menu_key_process</name>
         <load_address>0x1278</load_address>
         <readonly>true</readonly>
         <executable>true</executable>
         <run_address>0x1278</run_address>
         <size>0x1ec</size>
         <alignment>0x4</alignment>
         <input_file_ref idref="fl-12"/>
      </object_component>
      <object_component id="oc-315">
         <name>.text._pconv_g</name>
         <load_address>0x1464</load_address>
         <readonly>true</readonly>
         <executable>true</executable>
         <run_address>0x1464</run_address>
         <size>0x1dc</size>
         <alignment>0x4</alignment>
         <input_file_ref idref="fl-48"/>
      </object_component>
      <object_component id="oc-2ea">
         <name>.text.OLED_ShowChar</name>
         <load_address>0x1640</load_address>
         <readonly>true</readonly>
         <executable>true</executable>
         <run_address>0x1640</run_address>
         <size>0x1d0</size>
         <alignment>0x4</alignment>
         <input_file_ref idref="fl-b"/>
      </object_component>
      <object_component id="oc-34">
         <name>.text.GROUP1_IRQHandler</name>
         <load_address>0x1810</load_address>
         <readonly>true</readonly>
         <executable>true</executable>
         <run_address>0x1810</run_address>
         <size>0x1b8</size>
         <alignment>0x4</alignment>
         <input_file_ref idref="fl-10"/>
      </object_component>
      <object_component id="oc-100">
         <name>.text.adddf3_subdf3</name>
         <load_address>0x19c8</load_address>
         <readonly>true</readonly>
         <executable>true</executable>
         <run_address>0x19c8</run_address>
         <size>0x192</size>
         <alignment>0x4</alignment>
         <input_file_ref idref="fl-10e"/>
      </object_component>
      <object_component id="oc-318">
         <name>.text.__aeabi_idiv0</name>
         <load_address>0x1b5a</load_address>
         <readonly>true</readonly>
         <executable>true</executable>
         <run_address>0x1b5a</run_address>
         <size>0x2</size>
         <alignment>0x2</alignment>
         <input_file_ref idref="fl-129"/>
      </object_component>
      <object_component id="oc-120">
         <name>.text.ball_balance_control</name>
         <load_address>0x1b5c</load_address>
         <readonly>true</readonly>
         <executable>true</executable>
         <run_address>0x1b5c</run_address>
         <size>0x16c</size>
         <alignment>0x4</alignment>
         <input_file_ref idref="fl-16"/>
      </object_component>
      <object_component id="oc-10c">
         <name>.text.question5_task</name>
         <load_address>0x1cc8</load_address>
         <readonly>true</readonly>
         <executable>true</executable>
         <run_address>0x1cc8</run_address>
         <size>0x15c</size>
         <alignment>0x4</alignment>
         <input_file_ref idref="fl-15"/>
      </object_component>
      <object_component id="oc-123">
         <name>.text.track_get_error</name>
         <load_address>0x1e24</load_address>
         <readonly>true</readonly>
         <executable>true</executable>
         <run_address>0x1e24</run_address>
         <size>0x154</size>
         <alignment>0x4</alignment>
         <input_file_ref idref="fl-17"/>
      </object_component>
      <object_component id="oc-359">
         <name>.text.fcvt</name>
         <load_address>0x1f78</load_address>
         <readonly>true</readonly>
         <executable>true</executable>
         <run_address>0x1f78</run_address>
         <size>0x13c</size>
         <alignment>0x4</alignment>
         <input_file_ref idref="fl-48"/>
      </object_component>
      <object_component id="oc-43">
         <name>.text.I2C0_IRQHandler</name>
         <load_address>0x20b4</load_address>
         <readonly>true</readonly>
         <executable>true</executable>
         <run_address>0x20b4</run_address>
         <size>0x12c</size>
         <alignment>0x4</alignment>
         <input_file_ref idref="fl-4"/>
      </object_component>
      <object_component id="oc-dc">
         <name>.text.OLED_Init</name>
         <load_address>0x21e0</load_address>
         <readonly>true</readonly>
         <executable>true</executable>
         <run_address>0x21e0</run_address>
         <size>0x120</size>
         <alignment>0x4</alignment>
         <input_file_ref idref="fl-b"/>
      </object_component>
      <object_component id="oc-317">
         <name>.text._pconv_e</name>
         <load_address>0x2300</load_address>
         <readonly>true</readonly>
         <executable>true</executable>
         <run_address>0x2300</run_address>
         <size>0x120</size>
         <alignment>0x4</alignment>
         <input_file_ref idref="fl-48"/>
      </object_component>
      <object_component id="oc-109">
         <name>.text.question1_task</name>
         <load_address>0x2420</load_address>
         <readonly>true</readonly>
         <executable>true</executable>
         <run_address>0x2420</run_address>
         <size>0x120</size>
         <alignment>0x4</alignment>
         <input_file_ref idref="fl-15"/>
      </object_component>
      <object_component id="oc-1c2">
         <name>.text.track_control_asymmetric</name>
         <load_address>0x2540</load_address>
         <readonly>true</readonly>
         <executable>true</executable>
         <run_address>0x2540</run_address>
         <size>0x11c</size>
         <alignment>0x4</alignment>
         <input_file_ref idref="fl-17"/>
      </object_component>
      <object_component id="oc-117">
         <name>.text.__divdf3</name>
         <load_address>0x265c</load_address>
         <readonly>true</readonly>
         <executable>true</executable>
         <run_address>0x265c</run_address>
         <size>0x10c</size>
         <alignment>0x4</alignment>
         <input_file_ref idref="fl-113"/>
      </object_component>
      <object_component id="oc-240">
         <name>.text.DL_Timer_initFourCCPWMMode</name>
         <load_address>0x2768</load_address>
         <readonly>true</readonly>
         <executable>true</executable>
         <run_address>0x2768</run_address>
         <size>0x104</size>
         <alignment>0x4</alignment>
         <input_file_ref idref="fl-2a"/>
      </object_component>
      <object_component id="oc-1b7">
         <name>.text.track_control_q1_get_distance</name>
         <load_address>0x286c</load_address>
         <readonly>true</readonly>
         <executable>true</executable>
         <run_address>0x286c</run_address>
         <size>0x104</size>
         <alignment>0x4</alignment>
         <input_file_ref idref="fl-17"/>
      </object_component>
      <object_component id="oc-1e2">
         <name>.text.key_scan</name>
         <load_address>0x2970</load_address>
         <readonly>true</readonly>
         <executable>true</executable>
         <run_address>0x2970</run_address>
         <size>0x100</size>
         <alignment>0x4</alignment>
         <input_file_ref idref="fl-11"/>
      </object_component>
      <object_component id="oc-24b">
         <name>.text.DL_Timer_initTimerMode</name>
         <load_address>0x2a70</load_address>
         <readonly>true</readonly>
         <executable>true</executable>
         <run_address>0x2a70</run_address>
         <size>0xfc</size>
         <alignment>0x4</alignment>
         <input_file_ref idref="fl-2a"/>
      </object_component>
      <object_component id="oc-234">
         <name>.text.SYSCFG_DL_SYSCTL_SYSPLL_init</name>
         <load_address>0x2b6c</load_address>
         <readonly>true</readonly>
         <executable>true</executable>
         <run_address>0x2b6c</run_address>
         <size>0xe8</size>
         <alignment>0x4</alignment>
         <input_file_ref idref="fl-2"/>
      </object_component>
      <object_component id="oc-1a6">
         <name>.text.Command_GetCommand</name>
         <load_address>0x2c54</load_address>
         <readonly>true</readonly>
         <executable>true</executable>
         <run_address>0x2c54</run_address>
         <size>0xe4</size>
         <alignment>0x4</alignment>
         <input_file_ref idref="fl-e"/>
      </object_component>
      <object_component id="oc-fc">
         <name>.text.__muldf3</name>
         <load_address>0x2d38</load_address>
         <readonly>true</readonly>
         <executable>true</executable>
         <run_address>0x2d38</run_address>
         <size>0xe4</size>
         <alignment>0x4</alignment>
         <input_file_ref idref="fl-10f"/>
      </object_component>
      <object_component id="oc-1ec">
         <name>.text.track_read</name>
         <load_address>0x2e1c</load_address>
         <readonly>true</readonly>
         <executable>true</executable>
         <run_address>0x2e1c</run_address>
         <size>0xe0</size>
         <alignment>0x4</alignment>
         <input_file_ref idref="fl-17"/>
      </object_component>
      <object_component id="oc-233">
         <name>.text.DL_SYSCTL_configSYSPLL</name>
         <load_address>0x2efc</load_address>
         <readonly>true</readonly>
         <executable>true</executable>
         <run_address>0x2efc</run_address>
         <size>0xdc</size>
         <alignment>0x4</alignment>
         <input_file_ref idref="fl-2c"/>
      </object_component>
      <object_component id="oc-1b8">
         <name>.text.track_detect_start_line_cached</name>
         <load_address>0x2fd8</load_address>
         <readonly>true</readonly>
         <executable>true</executable>
         <run_address>0x2fd8</run_address>
         <size>0xdc</size>
         <alignment>0x4</alignment>
         <input_file_ref idref="fl-17"/>
      </object_component>
      <object_component id="oc-1a2">
         <name>.text.draw_stopped</name>
         <load_address>0x30b4</load_address>
         <readonly>true</readonly>
         <executable>true</executable>
         <run_address>0x30b4</run_address>
         <size>0xd8</size>
         <alignment>0x4</alignment>
         <input_file_ref idref="fl-12"/>
      </object_component>
      <object_component id="oc-1d6">
         <name>.text.pos_pid_calc</name>
         <load_address>0x318c</load_address>
         <readonly>true</readonly>
         <executable>true</executable>
         <run_address>0x318c</run_address>
         <size>0xd8</size>
         <alignment>0x4</alignment>
         <input_file_ref idref="fl-16"/>
      </object_component>
      <object_component id="oc-348">
         <name>.text.scalbn</name>
         <load_address>0x3264</load_address>
         <readonly>true</readonly>
         <executable>true</executable>
         <run_address>0x3264</run_address>
         <size>0xd8</size>
         <alignment>0x4</alignment>
         <input_file_ref idref="fl-5d"/>
      </object_component>
      <object_component id="oc-10f">
         <name>.text</name>
         <load_address>0x333c</load_address>
         <readonly>true</readonly>
         <executable>true</executable>
         <run_address>0x333c</run_address>
         <size>0xd8</size>
         <alignment>0x4</alignment>
         <input_file_ref idref="fl-10d"/>
      </object_component>
      <object_component id="oc-16a">
         <name>.text.SYSCFG_DL_initPower</name>
         <load_address>0x3414</load_address>
         <readonly>true</readonly>
         <executable>true</executable>
         <run_address>0x3414</run_address>
         <size>0xd4</size>
         <alignment>0x4</alignment>
         <input_file_ref idref="fl-2"/>
      </object_component>
      <object_component id="oc-10b">
         <name>.text.question4_task</name>
         <load_address>0x34e8</load_address>
         <readonly>true</readonly>
         <executable>true</executable>
         <run_address>0x34e8</run_address>
         <size>0xd4</size>
         <alignment>0x4</alignment>
         <input_file_ref idref="fl-15"/>
      </object_component>
      <object_component id="oc-2a9">
         <name>.text.speed_profile_asymmetric</name>
         <load_address>0x35bc</load_address>
         <readonly>true</readonly>
         <executable>true</executable>
         <run_address>0x35bc</run_address>
         <size>0xd4</size>
         <alignment>0x4</alignment>
         <input_file_ref idref="fl-17"/>
      </object_component>
      <object_component id="oc-10a">
         <name>.text.question3_task</name>
         <load_address>0x3690</load_address>
         <readonly>true</readonly>
         <executable>true</executable>
         <run_address>0x3690</run_address>
         <size>0xc0</size>
         <alignment>0x4</alignment>
         <input_file_ref idref="fl-15"/>
      </object_component>
      <object_component id="oc-1a0">
         <name>.text.draw_selecting</name>
         <load_address>0x3750</load_address>
         <readonly>true</readonly>
         <executable>true</executable>
         <run_address>0x3750</run_address>
         <size>0xb4</size>
         <alignment>0x4</alignment>
         <input_file_ref idref="fl-12"/>
      </object_component>
      <object_component id="oc-1c4">
         <name>.text.track_detect_middle4_cached</name>
         <load_address>0x3804</load_address>
         <readonly>true</readonly>
         <executable>true</executable>
         <run_address>0x3804</run_address>
         <size>0xb4</size>
         <alignment>0x4</alignment>
         <input_file_ref idref="fl-17"/>
      </object_component>
      <object_component id="oc-1a1">
         <name>.text.draw_running</name>
         <load_address>0x38b8</load_address>
         <readonly>true</readonly>
         <executable>true</executable>
         <run_address>0x38b8</run_address>
         <size>0xb0</size>
         <alignment>0x4</alignment>
         <input_file_ref idref="fl-12"/>
      </object_component>
      <object_component id="oc-f3">
         <name>.text.Command_GetResult</name>
         <load_address>0x3968</load_address>
         <readonly>true</readonly>
         <executable>true</executable>
         <run_address>0x3968</run_address>
         <size>0xac</size>
         <alignment>0x4</alignment>
         <input_file_ref idref="fl-e"/>
      </object_component>
      <object_component id="oc-74">
         <name>.text.Command_Write</name>
         <load_address>0x3a14</load_address>
         <readonly>true</readonly>
         <executable>true</executable>
         <run_address>0x3a14</run_address>
         <size>0xac</size>
         <alignment>0x4</alignment>
         <input_file_ref idref="fl-e"/>
      </object_component>
      <object_component id="oc-1d7">
         <name>.text.vel_pid_calc</name>
         <load_address>0x3ac0</load_address>
         <readonly>true</readonly>
         <executable>true</executable>
         <run_address>0x3ac0</run_address>
         <size>0xa8</size>
         <alignment>0x4</alignment>
         <input_file_ref idref="fl-16"/>
      </object_component>
      <object_component id="oc-28f">
         <name>.text.format_time</name>
         <load_address>0x3b68</load_address>
         <readonly>true</readonly>
         <executable>true</executable>
         <run_address>0x3b68</run_address>
         <size>0xa4</size>
         <alignment>0x4</alignment>
         <input_file_ref idref="fl-12"/>
      </object_component>
      <object_component id="oc-33f">
         <name>.text</name>
         <load_address>0x3c0c</load_address>
         <readonly>true</readonly>
         <executable>true</executable>
         <run_address>0x3c0c</run_address>
         <size>0xa2</size>
         <alignment>0x4</alignment>
         <input_file_ref idref="fl-126"/>
      </object_component>
      <object_component id="oc-28c">
         <name>.text.OLED_ShowString</name>
         <load_address>0x3cae</load_address>
         <readonly>true</readonly>
         <executable>true</executable>
         <run_address>0x3cae</run_address>
         <size>0x9a</size>
         <alignment>0x2</alignment>
         <input_file_ref idref="fl-b"/>
      </object_component>
      <object_component id="oc-29a">
         <name>.text.motor_set_left_speed</name>
         <load_address>0x3d48</load_address>
         <readonly>true</readonly>
         <executable>true</executable>
         <run_address>0x3d48</run_address>
         <size>0x94</size>
         <alignment>0x4</alignment>
         <input_file_ref idref="fl-13"/>
      </object_component>
      <object_component id="oc-29d">
         <name>.text.track_pd_calc</name>
         <load_address>0x3ddc</load_address>
         <readonly>true</readonly>
         <executable>true</executable>
         <run_address>0x3ddc</run_address>
         <size>0x94</size>
         <alignment>0x4</alignment>
         <input_file_ref idref="fl-17"/>
      </object_component>
      <object_component id="oc-32a">
         <name>.text.OLED_DrawPoint</name>
         <load_address>0x3e70</load_address>
         <readonly>true</readonly>
         <executable>true</executable>
         <run_address>0x3e70</run_address>
         <size>0x90</size>
         <alignment>0x4</alignment>
         <input_file_ref idref="fl-b"/>
      </object_component>
      <object_component id="oc-1c8">
         <name>.text.__mulsf3</name>
         <load_address>0x3f00</load_address>
         <readonly>true</readonly>
         <executable>true</executable>
         <run_address>0x3f00</run_address>
         <size>0x8c</size>
         <alignment>0x4</alignment>
         <input_file_ref idref="fl-111"/>
      </object_component>
      <object_component id="oc-29b">
         <name>.text.motor_set_right_speed</name>
         <load_address>0x3f8c</load_address>
         <readonly>true</readonly>
         <executable>true</executable>
         <run_address>0x3f8c</run_address>
         <size>0x8c</size>
         <alignment>0x4</alignment>
         <input_file_ref idref="fl-13"/>
      </object_component>
      <object_component id="oc-1b2">
         <name>.text.velocity_pi_calc</name>
         <load_address>0x4018</load_address>
         <readonly>true</readonly>
         <executable>true</executable>
         <run_address>0x4018</run_address>
         <size>0x84</size>
         <alignment>0x4</alignment>
         <input_file_ref idref="fl-10"/>
      </object_component>
      <object_component id="oc-113">
         <name>.text.__divsf3</name>
         <load_address>0x409c</load_address>
         <readonly>true</readonly>
         <executable>true</executable>
         <run_address>0x409c</run_address>
         <size>0x82</size>
         <alignment>0x4</alignment>
         <input_file_ref idref="fl-112"/>
      </object_component>
      <object_component id="oc-363">
         <name>.text.__aeabi_ldiv0</name>
         <load_address>0x411e</load_address>
         <readonly>true</readonly>
         <executable>true</executable>
         <run_address>0x411e</run_address>
         <size>0x2</size>
         <alignment>0x2</alignment>
         <input_file_ref idref="fl-129"/>
      </object_component>
      <object_component id="oc-283">
         <name>.text.OLED_Refresh</name>
         <load_address>0x4120</load_address>
         <readonly>true</readonly>
         <executable>true</executable>
         <run_address>0x4120</run_address>
         <size>0x7c</size>
         <alignment>0x4</alignment>
         <input_file_ref idref="fl-b"/>
      </object_component>
      <object_component id="oc-1c">
         <name>.text:decompress:lzss</name>
         <load_address>0x419c</load_address>
         <readonly>true</readonly>
         <executable>true</executable>
         <run_address>0x419c</run_address>
         <size>0x7c</size>
         <alignment>0x4</alignment>
         <input_file_ref idref="fl-5b"/>
      </object_component>
      <object_component id="oc-f2">
         <name>.text.Emm_V5_Pos_Control</name>
         <load_address>0x4218</load_address>
         <readonly>true</readonly>
         <executable>true</executable>
         <run_address>0x4218</run_address>
         <size>0x74</size>
         <alignment>0x4</alignment>
         <input_file_ref idref="fl-16"/>
      </object_component>
      <object_component id="oc-190">
         <name>.text.OLED_WR_Byte</name>
         <load_address>0x428c</load_address>
         <readonly>true</readonly>
         <executable>true</executable>
         <run_address>0x428c</run_address>
         <size>0x74</size>
         <alignment>0x4</alignment>
         <input_file_ref idref="fl-b"/>
      </object_component>
      <object_component id="oc-16c">
         <name>.text.SYSCFG_DL_SYSCTL_init</name>
         <load_address>0x4300</load_address>
         <readonly>true</readonly>
         <executable>true</executable>
         <run_address>0x4300</run_address>
         <size>0x74</size>
         <alignment>0x4</alignment>
         <input_file_ref idref="fl-2"/>
      </object_component>
      <object_component id="oc-325">
         <name>.text.__gedf2</name>
         <load_address>0x4374</load_address>
         <readonly>true</readonly>
         <executable>true</executable>
         <run_address>0x4374</run_address>
         <size>0x74</size>
         <alignment>0x4</alignment>
         <input_file_ref idref="fl-128"/>
      </object_component>
      <object_component id="oc-306">
         <name>.text.__aeabi_errno_addr</name>
         <load_address>0x43e8</load_address>
         <readonly>true</readonly>
         <executable>true</executable>
         <run_address>0x43e8</run_address>
         <size>0x8</size>
         <alignment>0x4</alignment>
         <input_file_ref idref="fl-4b"/>
      </object_component>
      <object_component id="oc-104">
         <name>.text.__truncdfsf2</name>
         <load_address>0x43f0</load_address>
         <readonly>true</readonly>
         <executable>true</executable>
         <run_address>0x43f0</run_address>
         <size>0x74</size>
         <alignment>0x10</alignment>
         <input_file_ref idref="fl-11d"/>
      </object_component>
      <object_component id="oc-10d">
         <name>.text.encoder_get_speed_left</name>
         <load_address>0x4464</load_address>
         <readonly>true</readonly>
         <executable>true</executable>
         <run_address>0x4464</run_address>
         <size>0x74</size>
         <alignment>0x4</alignment>
         <input_file_ref idref="fl-10"/>
      </object_component>
      <object_component id="oc-10e">
         <name>.text.encoder_get_speed_right</name>
         <load_address>0x44d8</load_address>
         <readonly>true</readonly>
         <executable>true</executable>
         <run_address>0x44d8</run_address>
         <size>0x74</size>
         <alignment>0x4</alignment>
         <input_file_ref idref="fl-10"/>
      </object_component>
      <object_component id="oc-11b">
         <name>.text.question2_task</name>
         <load_address>0x454c</load_address>
         <readonly>true</readonly>
         <executable>true</executable>
         <run_address>0x454c</run_address>
         <size>0x74</size>
         <alignment>0x4</alignment>
         <input_file_ref idref="fl-15"/>
      </object_component>
      <object_component id="oc-16e">
         <name>.text.SYSCFG_DL_PWMB_init</name>
         <load_address>0x45c0</load_address>
         <readonly>true</readonly>
         <executable>true</executable>
         <run_address>0x45c0</run_address>
         <size>0x6c</size>
         <alignment>0x4</alignment>
         <input_file_ref idref="fl-2"/>
      </object_component>
      <object_component id="oc-172">
         <name>.text.SYSCFG_DL_K230_init</name>
         <load_address>0x462c</load_address>
         <readonly>true</readonly>
         <executable>true</executable>
         <run_address>0x462c</run_address>
         <size>0x68</size>
         <alignment>0x4</alignment>
         <input_file_ref idref="fl-2"/>
      </object_component>
      <object_component id="oc-39">
         <name>.text.UART3_IRQHandler</name>
         <load_address>0x4694</load_address>
         <readonly>true</readonly>
         <executable>true</executable>
         <run_address>0x4694</run_address>
         <size>0x68</size>
         <alignment>0x4</alignment>
         <input_file_ref idref="fl-9"/>
      </object_component>
      <object_component id="oc-31f">
         <name>.text.__ledf2</name>
         <load_address>0x46fc</load_address>
         <readonly>true</readonly>
         <executable>true</executable>
         <run_address>0x46fc</run_address>
         <size>0x68</size>
         <alignment>0x4</alignment>
         <input_file_ref idref="fl-128"/>
      </object_component>
      <object_component id="oc-358">
         <name>.text._mcpy</name>
         <load_address>0x4764</load_address>
         <readonly>true</readonly>
         <executable>true</executable>
         <run_address>0x4764</run_address>
         <size>0x66</size>
         <alignment>0x2</alignment>
         <input_file_ref idref="fl-48"/>
      </object_component>
      <object_component id="oc-22d">
         <name>.text.DL_SYSCTL_setHFCLKSourceHFXTParams</name>
         <load_address>0x47cc</load_address>
         <readonly>true</readonly>
         <executable>true</executable>
         <run_address>0x47cc</run_address>
         <size>0x64</size>
         <alignment>0x4</alignment>
         <input_file_ref idref="fl-2c"/>
      </object_component>
      <object_component id="oc-16d">
         <name>.text.SYSCFG_DL_PWMA_init</name>
         <load_address>0x4830</load_address>
         <readonly>true</readonly>
         <executable>true</executable>
         <run_address>0x4830</run_address>
         <size>0x64</size>
         <alignment>0x4</alignment>
         <input_file_ref idref="fl-2"/>
      </object_component>
      <object_component id="oc-2d4">
         <name>.text.__aeabi_dcmp</name>
         <load_address>0x4894</load_address>
         <readonly>true</readonly>
         <executable>true</executable>
         <run_address>0x4894</run_address>
         <size>0x62</size>
         <alignment>0x4</alignment>
         <input_file_ref idref="fl-11e"/>
      </object_component>
      <object_component id="oc-1b9">
         <name>.text.__aeabi_fcmp</name>
         <load_address>0x48f8</load_address>
         <readonly>true</readonly>
         <executable>true</executable>
         <run_address>0x48f8</run_address>
         <size>0x62</size>
         <alignment>0x4</alignment>
         <input_file_ref idref="fl-11f"/>
      </object_component>
      <object_component id="oc-191">
         <name>.text.OLED_Clear</name>
         <load_address>0x495c</load_address>
         <readonly>true</readonly>
         <executable>true</executable>
         <run_address>0x495c</run_address>
         <size>0x60</size>
         <alignment>0x4</alignment>
         <input_file_ref idref="fl-b"/>
      </object_component>
      <object_component id="oc-c5">
         <name>.text.SYSCFG_DL_init</name>
         <load_address>0x49bc</load_address>
         <readonly>true</readonly>
         <executable>true</executable>
         <run_address>0x49bc</run_address>
         <size>0x60</size>
         <alignment>0x4</alignment>
         <input_file_ref idref="fl-2"/>
      </object_component>
      <object_component id="oc-3e">
         <name>.text.TIMG0_IRQHandler</name>
         <load_address>0x4a1c</load_address>
         <readonly>true</readonly>
         <executable>true</executable>
         <run_address>0x4a1c</run_address>
         <size>0x60</size>
         <alignment>0x4</alignment>
         <input_file_ref idref="fl-1"/>
      </object_component>
      <object_component id="oc-88">
         <name>.text.DL_I2C_fillControllerTXFIFO</name>
         <load_address>0x4a7c</load_address>
         <readonly>true</readonly>
         <executable>true</executable>
         <run_address>0x4a7c</run_address>
         <size>0x5e</size>
         <alignment>0x2</alignment>
         <input_file_ref idref="fl-28"/>
      </object_component>
      <object_component id="oc-171">
         <name>.text.SYSCFG_DL_BT_init</name>
         <load_address>0x4adc</load_address>
         <readonly>true</readonly>
         <executable>true</executable>
         <run_address>0x4adc</run_address>
         <size>0x5c</size>
         <alignment>0x4</alignment>
         <input_file_ref idref="fl-2"/>
      </object_component>
      <object_component id="oc-344">
         <name>.text.frexp</name>
         <load_address>0x4b38</load_address>
         <readonly>true</readonly>
         <executable>true</executable>
         <run_address>0x4b38</run_address>
         <size>0x5c</size>
         <alignment>0x4</alignment>
         <input_file_ref idref="fl-5c"/>
      </object_component>
      <object_component id="oc-285">
         <name>.text.OLED_ClearGram</name>
         <load_address>0x4b94</load_address>
         <readonly>true</readonly>
         <executable>true</executable>
         <run_address>0x4b94</run_address>
         <size>0x58</size>
         <alignment>0x4</alignment>
         <input_file_ref idref="fl-b"/>
      </object_component>
      <object_component id="oc-170">
         <name>.text.SYSCFG_DL_I2C_0_init</name>
         <load_address>0x4bec</load_address>
         <readonly>true</readonly>
         <executable>true</executable>
         <run_address>0x4bec</run_address>
         <size>0x58</size>
         <alignment>0x4</alignment>
         <input_file_ref idref="fl-2"/>
      </object_component>
      <object_component id="oc-350">
         <name>.text.__TI_ltoa</name>
         <load_address>0x4c44</load_address>
         <readonly>true</readonly>
         <executable>true</executable>
         <run_address>0x4c44</run_address>
         <size>0x58</size>
         <alignment>0x2</alignment>
         <input_file_ref idref="fl-4d"/>
      </object_component>
      <object_component id="oc-316">
         <name>.text._pconv_f</name>
         <load_address>0x4c9c</load_address>
         <readonly>true</readonly>
         <executable>true</executable>
         <run_address>0x4c9c</run_address>
         <size>0x58</size>
         <alignment>0x2</alignment>
         <input_file_ref idref="fl-48"/>
      </object_component>
      <object_component id="oc-370">
         <name>.text.__aeabi_idivmod</name>
         <load_address>0x4cf4</load_address>
         <readonly>true</readonly>
         <executable>true</executable>
         <run_address>0x4cf4</run_address>
         <size>0x56</size>
         <alignment>0x4</alignment>
         <input_file_ref idref="fl-120"/>
      </object_component>
      <object_component id="oc-1e5">
         <name>.text.ball_pid_set_q4</name>
         <load_address>0x4d4c</load_address>
         <readonly>true</readonly>
         <executable>true</executable>
         <run_address>0x4d4c</run_address>
         <size>0x54</size>
         <alignment>0x4</alignment>
         <input_file_ref idref="fl-16"/>
      </object_component>
      <object_component id="oc-356">
         <name>.text._ecpy</name>
         <load_address>0x4da0</load_address>
         <readonly>true</readonly>
         <executable>true</executable>
         <run_address>0x4da0</run_address>
         <size>0x52</size>
         <alignment>0x2</alignment>
         <input_file_ref idref="fl-48"/>
      </object_component>
      <object_component id="oc-21d">
         <name>.text.DL_GPIO_initPeripheralInputFunctionFeatures</name>
         <load_address>0x4df4</load_address>
         <readonly>true</readonly>
         <executable>true</executable>
         <run_address>0x4df4</run_address>
         <size>0x50</size>
         <alignment>0x4</alignment>
         <input_file_ref idref="fl-2"/>
      </object_component>
      <object_component id="oc-1e4">
         <name>.text.ball_pid_set_q3</name>
         <load_address>0x4e44</load_address>
         <readonly>true</readonly>
         <executable>true</executable>
         <run_address>0x4e44</run_address>
         <size>0x50</size>
         <alignment>0x4</alignment>
         <input_file_ref idref="fl-16"/>
      </object_component>
      <object_component id="oc-1c5">
         <name>.text.ball_pid_set_q5</name>
         <load_address>0x4e94</load_address>
         <readonly>true</readonly>
         <executable>true</executable>
         <run_address>0x4e94</run_address>
         <size>0x50</size>
         <alignment>0x4</alignment>
         <input_file_ref idref="fl-16"/>
      </object_component>
      <object_component id="oc-2df">
         <name>.text.DL_DMA_initChannel</name>
         <load_address>0x4ee4</load_address>
         <readonly>true</readonly>
         <executable>true</executable>
         <run_address>0x4ee4</run_address>
         <size>0x4c</size>
         <alignment>0x4</alignment>
         <input_file_ref idref="fl-27"/>
      </object_component>
      <object_component id="oc-221">
         <name>.text.DL_GPIO_initDigitalInputFeatures</name>
         <load_address>0x4f30</load_address>
         <readonly>true</readonly>
         <executable>true</executable>
         <run_address>0x4f30</run_address>
         <size>0x4c</size>
         <alignment>0x4</alignment>
         <input_file_ref idref="fl-2"/>
      </object_component>
      <object_component id="oc-261">
         <name>.text.DL_UART_setBaudRateDivisor</name>
         <load_address>0x4f7c</load_address>
         <readonly>true</readonly>
         <executable>true</executable>
         <run_address>0x4f7c</run_address>
         <size>0x4c</size>
         <alignment>0x4</alignment>
         <input_file_ref idref="fl-2"/>
      </object_component>
      <object_component id="oc-286">
         <name>.text.snprintf</name>
         <load_address>0x4fc8</load_address>
         <readonly>true</readonly>
         <executable>true</executable>
         <run_address>0x4fc8</run_address>
         <size>0x4c</size>
         <alignment>0x4</alignment>
         <input_file_ref idref="fl-49"/>
      </object_component>
      <object_component id="oc-34c">
         <name>.text.__fixdfsi</name>
         <load_address>0x5014</load_address>
         <readonly>true</readonly>
         <executable>true</executable>
         <run_address>0x5014</run_address>
         <size>0x4a</size>
         <alignment>0x4</alignment>
         <input_file_ref idref="fl-115"/>
      </object_component>
      <object_component id="oc-25f">
         <name>.text.DL_UART_init</name>
         <load_address>0x5060</load_address>
         <readonly>true</readonly>
         <executable>true</executable>
         <run_address>0x5060</run_address>
         <size>0x48</size>
         <alignment>0x4</alignment>
         <input_file_ref idref="fl-2b"/>
      </object_component>
      <object_component id="oc-193">
         <name>.text.OLED_DisplayTurn</name>
         <load_address>0x50a8</load_address>
         <readonly>true</readonly>
         <executable>true</executable>
         <run_address>0x50a8</run_address>
         <size>0x48</size>
         <alignment>0x2</alignment>
         <input_file_ref idref="fl-b"/>
      </object_component>
      <object_component id="oc-121">
         <name>.text.menu_display_process</name>
         <load_address>0x50f0</load_address>
         <readonly>true</readonly>
         <executable>true</executable>
         <run_address>0x50f0</run_address>
         <size>0x48</size>
         <alignment>0x4</alignment>
         <input_file_ref idref="fl-12"/>
      </object_component>
      <object_component id="oc-277">
         <name>.text.DL_SPI_init</name>
         <load_address>0x5138</load_address>
         <readonly>true</readonly>
         <executable>true</executable>
         <run_address>0x5138</run_address>
         <size>0x44</size>
         <alignment>0x4</alignment>
         <input_file_ref idref="fl-29"/>
      </object_component>
      <object_component id="oc-238">
         <name>.text.DL_SYSCTL_switchMCLKfromSYSOSCtoHSCLK</name>
         <load_address>0x517c</load_address>
         <readonly>true</readonly>
         <executable>true</executable>
         <run_address>0x517c</run_address>
         <size>0x44</size>
         <alignment>0x4</alignment>
         <input_file_ref idref="fl-2c"/>
      </object_component>
      <object_component id="oc-f1">
         <name>.text.Emm_V5_En_Control</name>
         <load_address>0x51c0</load_address>
         <readonly>true</readonly>
         <executable>true</executable>
         <run_address>0x51c0</run_address>
         <size>0x44</size>
         <alignment>0x4</alignment>
         <input_file_ref idref="fl-16"/>
      </object_component>
      <object_component id="oc-173">
         <name>.text.SYSCFG_DL_stepper_init</name>
         <load_address>0x5204</load_address>
         <readonly>true</readonly>
         <executable>true</executable>
         <run_address>0x5204</run_address>
         <size>0x44</size>
         <alignment>0x4</alignment>
         <input_file_ref idref="fl-2"/>
      </object_component>
      <object_component id="oc-132">
         <name>.text.bluetooth_write</name>
         <load_address>0x5248</load_address>
         <readonly>true</readonly>
         <executable>true</executable>
         <run_address>0x5248</run_address>
         <size>0x44</size>
         <alignment>0x4</alignment>
         <input_file_ref idref="fl-d"/>
      </object_component>
      <object_component id="oc-f0">
         <name>.text.menu_display</name>
         <load_address>0x528c</load_address>
         <readonly>true</readonly>
         <executable>true</executable>
         <run_address>0x528c</run_address>
         <size>0x44</size>
         <alignment>0x4</alignment>
         <input_file_ref idref="fl-12"/>
      </object_component>
      <object_component id="oc-1a3">
         <name>.text.stepper_write</name>
         <load_address>0x52d0</load_address>
         <readonly>true</readonly>
         <executable>true</executable>
         <run_address>0x52d0</run_address>
         <size>0x44</size>
         <alignment>0x4</alignment>
         <input_file_ref idref="fl-16"/>
      </object_component>
      <object_component id="oc-175">
         <name>.text.SYSCFG_DL_SPI_OLED_init</name>
         <load_address>0x5314</load_address>
         <readonly>true</readonly>
         <executable>true</executable>
         <run_address>0x5314</run_address>
         <size>0x40</size>
         <alignment>0x4</alignment>
         <input_file_ref idref="fl-2"/>
      </object_component>
      <object_component id="oc-174">
         <name>.text.SYSCFG_DL_UART1_init</name>
         <load_address>0x5354</load_address>
         <readonly>true</readonly>
         <executable>true</executable>
         <run_address>0x5354</run_address>
         <size>0x40</size>
         <alignment>0x4</alignment>
         <input_file_ref idref="fl-2"/>
      </object_component>
      <object_component id="oc-2cc">
         <name>.text.__aeabi_uidivmod</name>
         <load_address>0x5394</load_address>
         <readonly>true</readonly>
         <executable>true</executable>
         <run_address>0x5394</run_address>
         <size>0x40</size>
         <alignment>0x4</alignment>
         <input_file_ref idref="fl-123"/>
      </object_component>
      <object_component id="oc-f8">
         <name>.text.__extendsfdf2</name>
         <load_address>0x53d4</load_address>
         <readonly>true</readonly>
         <executable>true</executable>
         <run_address>0x53d4</run_address>
         <size>0x40</size>
         <alignment>0x4</alignment>
         <input_file_ref idref="fl-114"/>
      </object_component>
      <object_component id="oc-2fe">
         <name>.text.atoi</name>
         <load_address>0x5414</load_address>
         <readonly>true</readonly>
         <executable>true</executable>
         <run_address>0x5414</run_address>
         <size>0x40</size>
         <alignment>0x4</alignment>
         <input_file_ref idref="fl-4f"/>
      </object_component>
      <object_component id="oc-1e3">
         <name>.text.ball_pid_set_static</name>
         <load_address>0x5454</load_address>
         <readonly>true</readonly>
         <executable>true</executable>
         <run_address>0x5454</run_address>
         <size>0x40</size>
         <alignment>0x4</alignment>
         <input_file_ref idref="fl-16"/>
      </object_component>
      <object_component id="oc-108">
         <name>.text.speed_control</name>
         <load_address>0x5494</load_address>
         <readonly>true</readonly>
         <executable>true</executable>
         <run_address>0x5494</run_address>
         <size>0x40</size>
         <alignment>0x4</alignment>
         <input_file_ref idref="fl-10"/>
      </object_component>
      <object_component id="oc-298">
         <name>.text.limit_value_float</name>
         <load_address>0x54d4</load_address>
         <readonly>true</readonly>
         <executable>true</executable>
         <run_address>0x54d4</run_address>
         <size>0x3e</size>
         <alignment>0x2</alignment>
         <input_file_ref idref="fl-10"/>
      </object_component>
      <object_component id="oc-241">
         <name>.text.DL_Timer_setCounterControl</name>
         <load_address>0x5514</load_address>
         <readonly>true</readonly>
         <executable>true</executable>
         <run_address>0x5514</run_address>
         <size>0x3c</size>
         <alignment>0x4</alignment>
         <input_file_ref idref="fl-2"/>
      </object_component>
      <object_component id="oc-1d5">
         <name>.text.Emm_V5_Stop_Now</name>
         <load_address>0x5550</load_address>
         <readonly>true</readonly>
         <executable>true</executable>
         <run_address>0x5550</run_address>
         <size>0x3c</size>
         <alignment>0x4</alignment>
         <input_file_ref idref="fl-16"/>
      </object_component>
      <object_component id="oc-11c">
         <name>.text.__floatsisf</name>
         <load_address>0x558c</load_address>
         <readonly>true</readonly>
         <executable>true</executable>
         <run_address>0x558c</run_address>
         <size>0x3c</size>
         <alignment>0x4</alignment>
         <input_file_ref idref="fl-119"/>
      </object_component>
      <object_component id="oc-2a7">
         <name>.text.__gtsf2</name>
         <load_address>0x55c8</load_address>
         <readonly>true</readonly>
         <executable>true</executable>
         <run_address>0x55c8</run_address>
         <size>0x3c</size>
         <alignment>0x4</alignment>
         <input_file_ref idref="fl-125"/>
      </object_component>
      <object_component id="oc-14a">
         <name>.text:__TI_auto_init_nobinit_nopinit</name>
         <load_address>0x5604</load_address>
         <readonly>true</readonly>
         <executable>true</executable>
         <run_address>0x5604</run_address>
         <size>0x3c</size>
         <alignment>0x4</alignment>
         <input_file_ref idref="fl-56"/>
      </object_component>
      <object_component id="oc-2a2">
         <name>.text.__eqsf2</name>
         <load_address>0x5640</load_address>
         <readonly>true</readonly>
         <executable>true</executable>
         <run_address>0x5640</run_address>
         <size>0x3a</size>
         <alignment>0x4</alignment>
         <input_file_ref idref="fl-125"/>
      </object_component>
      <object_component id="oc-1ab">
         <name>.text.__muldsi3</name>
         <load_address>0x567c</load_address>
         <readonly>true</readonly>
         <executable>true</executable>
         <run_address>0x567c</run_address>
         <size>0x3a</size>
         <alignment>0x4</alignment>
         <input_file_ref idref="fl-110"/>
      </object_component>
      <object_component id="oc-1d8">
         <name>.text.__fixsfsi</name>
         <load_address>0x56b8</load_address>
         <readonly>true</readonly>
         <executable>true</executable>
         <run_address>0x56b8</run_address>
         <size>0x38</size>
         <alignment>0x4</alignment>
         <input_file_ref idref="fl-116"/>
      </object_component>
      <object_component id="oc-128">
         <name>.text.sprintf</name>
         <load_address>0x56f0</load_address>
         <readonly>true</readonly>
         <executable>true</executable>
         <run_address>0x56f0</run_address>
         <size>0x38</size>
         <alignment>0x4</alignment>
         <input_file_ref idref="fl-4a"/>
      </object_component>
      <object_component id="oc-192">
         <name>.text.OLED_ColorTurn</name>
         <load_address>0x5728</load_address>
         <readonly>true</readonly>
         <executable>true</executable>
         <run_address>0x5728</run_address>
         <size>0x34</size>
         <alignment>0x2</alignment>
         <input_file_ref idref="fl-b"/>
      </object_component>
      <object_component id="oc-16f">
         <name>.text.SYSCFG_DL_TIMER_0_init</name>
         <load_address>0x575c</load_address>
         <readonly>true</readonly>
         <executable>true</executable>
         <run_address>0x575c</run_address>
         <size>0x34</size>
         <alignment>0x4</alignment>
         <input_file_ref idref="fl-2"/>
      </object_component>
      <object_component id="oc-d6">
         <name>.text.k230_init</name>
         <load_address>0x5790</load_address>
         <readonly>true</readonly>
         <executable>true</executable>
         <run_address>0x5790</run_address>
         <size>0x34</size>
         <alignment>0x4</alignment>
         <input_file_ref idref="fl-9"/>
      </object_component>
      <object_component id="oc-e6">
         <name>.text.key_init</name>
         <load_address>0x57c4</load_address>
         <readonly>true</readonly>
         <executable>true</executable>
         <run_address>0x57c4</run_address>
         <size>0x34</size>
         <alignment>0x4</alignment>
         <input_file_ref idref="fl-11"/>
      </object_component>
      <object_component id="oc-299">
         <name>.text.limit_value</name>
         <load_address>0x57f8</load_address>
         <readonly>true</readonly>
         <executable>true</executable>
         <run_address>0x57f8</run_address>
         <size>0x34</size>
         <alignment>0x2</alignment>
         <input_file_ref idref="fl-10"/>
      </object_component>
      <object_component id="oc-d7">
         <name>.text.stepper_init</name>
         <load_address>0x582c</load_address>
         <readonly>true</readonly>
         <executable>true</executable>
         <run_address>0x582c</run_address>
         <size>0x34</size>
         <alignment>0x4</alignment>
         <input_file_ref idref="fl-16"/>
      </object_component>
      <object_component id="oc-1fa">
         <name>.text.DL_DMA_setTransferSize</name>
         <load_address>0x5860</load_address>
         <readonly>true</readonly>
         <executable>true</executable>
         <run_address>0x5860</run_address>
         <size>0x30</size>
         <alignment>0x4</alignment>
         <input_file_ref idref="fl-d"/>
      </object_component>
      <object_component id="oc-294">
         <name>.text.DL_DMA_setTransferSize</name>
         <load_address>0x5890</load_address>
         <readonly>true</readonly>
         <executable>true</executable>
         <run_address>0x5890</run_address>
         <size>0x30</size>
         <alignment>0x4</alignment>
         <input_file_ref idref="fl-16"/>
      </object_component>
      <object_component id="oc-2de">
         <name>.text.DL_DMA_setTransferSize</name>
         <load_address>0x58c0</load_address>
         <readonly>true</readonly>
         <executable>true</executable>
         <run_address>0x58c0</run_address>
         <size>0x30</size>
         <alignment>0x4</alignment>
         <input_file_ref idref="fl-2"/>
      </object_component>
      <object_component id="oc-279">
         <name>.text.DL_SPI_setFIFOThreshold</name>
         <load_address>0x58f0</load_address>
         <readonly>true</readonly>
         <executable>true</executable>
         <run_address>0x58f0</run_address>
         <size>0x30</size>
         <alignment>0x4</alignment>
         <input_file_ref idref="fl-2"/>
      </object_component>
      <object_component id="oc-357">
         <name>.text._fcpy</name>
         <load_address>0x5920</load_address>
         <readonly>true</readonly>
         <executable>true</executable>
         <run_address>0x5920</run_address>
         <size>0x30</size>
         <alignment>0x2</alignment>
         <input_file_ref idref="fl-48"/>
      </object_component>
      <object_component id="oc-2e6">
         <name>.text._outs</name>
         <load_address>0x5950</load_address>
         <readonly>true</readonly>
         <executable>true</executable>
         <run_address>0x5950</run_address>
         <size>0x30</size>
         <alignment>0x2</alignment>
         <input_file_ref idref="fl-49"/>
      </object_component>
      <object_component id="oc-187">
         <name>.text.__NVIC_ClearPendingIRQ</name>
         <load_address>0x5980</load_address>
         <readonly>true</readonly>
         <executable>true</executable>
         <run_address>0x5980</run_address>
         <size>0x2c</size>
         <alignment>0x4</alignment>
         <input_file_ref idref="fl-9"/>
      </object_component>
      <object_component id="oc-17d">
         <name>.text.__NVIC_ClearPendingIRQ</name>
         <load_address>0x59ac</load_address>
         <readonly>true</readonly>
         <executable>true</executable>
         <run_address>0x59ac</run_address>
         <size>0x2c</size>
         <alignment>0x4</alignment>
         <input_file_ref idref="fl-1"/>
      </object_component>
      <object_component id="oc-188">
         <name>.text.__NVIC_EnableIRQ</name>
         <load_address>0x59d8</load_address>
         <readonly>true</readonly>
         <executable>true</executable>
         <run_address>0x59d8</run_address>
         <size>0x2c</size>
         <alignment>0x4</alignment>
         <input_file_ref idref="fl-9"/>
      </object_component>
      <object_component id="oc-17e">
         <name>.text.__NVIC_EnableIRQ</name>
         <load_address>0x5a04</load_address>
         <readonly>true</readonly>
         <executable>true</executable>
         <run_address>0x5a04</run_address>
         <size>0x2c</size>
         <alignment>0x4</alignment>
[...]
      </symbol>
      <symbol id="sm-45b">
         <name>DL_Common_delayCycles</name>
         <value>0x67a1</value>
         <object_component_ref idref="oc-164"/>
      </symbol>
      <symbol id="sm-465">
         <name>DL_DMA_initChannel</name>
         <value>0x4ee5</value>
         <object_component_ref idref="oc-2df"/>
      </symbol>
      <symbol id="sm-471">
         <name>DL_I2C_setClockConfig</name>
         <value>0x5d51</value>
         <object_component_ref idref="oc-24f"/>
      </symbol>
      <symbol id="sm-472">
         <name>DL_I2C_fillControllerTXFIFO</name>
         <value>0x4a7d</value>
         <object_component_ref idref="oc-88"/>
      </symbol>
      <symbol id="sm-47f">
         <name>DL_SPI_init</name>
         <value>0x5139</value>
         <object_component_ref idref="oc-277"/>
      </symbol>
      <symbol id="sm-480">
         <name>DL_SPI_setClockConfig</name>
         <value>0x6623</value>
         <object_component_ref idref="oc-271"/>
      </symbol>
      <symbol id="sm-49c">
         <name>DL_Timer_setClockConfig</name>
         <value>0x60cd</value>
         <object_component_ref idref="oc-23a"/>
      </symbol>
      <symbol id="sm-49d">
         <name>DL_Timer_initTimerMode</name>
         <value>0x2a71</value>
         <object_component_ref idref="oc-24b"/>
      </symbol>
      <symbol id="sm-49e">
         <name>DL_Timer_setCaptureCompareValue</name>
         <value>0x66d1</value>
         <object_component_ref idref="oc-244"/>
      </symbol>
      <symbol id="sm-49f">
         <name>DL_Timer_setCaptCompUpdateMethod</name>
         <value>0x60b1</value>
         <object_component_ref idref="oc-243"/>
      </symbol>
      <symbol id="sm-4a0">
         <name>DL_Timer_setCaptureCompareOutCtl</name>
         <value>0x6365</value>
         <object_component_ref idref="oc-242"/>
      </symbol>
      <symbol id="sm-4a1">
         <name>DL_Timer_initFourCCPWMMode</name>
         <value>0x2769</value>
         <object_component_ref idref="oc-240"/>
      </symbol>
      <symbol id="sm-4ae">
         <name>DL_UART_init</name>
         <value>0x5061</value>
         <object_component_ref idref="oc-25f"/>
      </symbol>
      <symbol id="sm-4af">
         <name>DL_UART_setClockConfig</name>
         <value>0x6659</value>
         <object_component_ref idref="oc-259"/>
      </symbol>
      <symbol id="sm-4c3">
         <name>DL_SYSCTL_configSYSPLL</name>
         <value>0x2efd</value>
         <object_component_ref idref="oc-233"/>
      </symbol>
      <symbol id="sm-4c4">
         <name>DL_SYSCTL_switchMCLKfromSYSOSCtoHSCLK</name>
         <value>0x517d</value>
         <object_component_ref idref="oc-238"/>
      </symbol>
      <symbol id="sm-4c5">
         <name>DL_SYSCTL_setHFCLKSourceHFXTParams</name>
         <value>0x47cd</value>
         <object_component_ref idref="oc-22d"/>
      </symbol>
      <symbol id="sm-4c6">
         <name>DL_SYSCTL_configFCC</name>
         <value>0x6025</value>
         <object_component_ref idref="oc-2c8"/>
      </symbol>
      <symbol id="sm-514">
         <name>__TI_printfi</name>
         <value>0xc1</value>
         <object_component_ref idref="oc-2b8"/>
      </symbol>
      <symbol id="sm-525">
         <name>snprintf</name>
         <value>0x4fc9</value>
         <object_component_ref idref="oc-286"/>
      </symbol>
      <symbol id="sm-536">
         <name>sprintf</name>
         <value>0x56f1</value>
         <object_component_ref idref="oc-128"/>
      </symbol>
      <symbol id="sm-541">
         <name>__aeabi_errno_addr</name>
         <value>0x43e9</value>
         <object_component_ref idref="oc-306"/>
      </symbol>
      <symbol id="sm-542">
         <name>__aeabi_errno</name>
         <value>0x202009c4</value>
         <object_component_ref idref="oc-33a"/>
      </symbol>
      <symbol id="sm-54c">
         <name>__TI_ltoa</name>
         <value>0x4c45</value>
         <object_component_ref idref="oc-350"/>
      </symbol>
      <symbol id="sm-557">
         <name>atoi</name>
         <value>0x5415</value>
         <object_component_ref idref="oc-2fe"/>
      </symbol>
      <symbol id="sm-561">
         <name>memccpy</name>
         <value>0x5e09</value>
         <object_component_ref idref="oc-2f7"/>
      </symbol>
      <symbol id="sm-56b">
         <name>strlen</name>
         <value>0x673d</value>
         <object_component_ref idref="oc-12e"/>
      </symbol>
      <symbol id="sm-576">
         <name>_c_int00_noargs</name>
         <value>0x5c91</value>
         <object_component_ref idref="oc-63"/>
      </symbol>
      <symbol id="sm-577">
         <name>__stack</name>
         <value>0x20207e00</value>
         <object_component_ref idref="oc-1a"/>
      </symbol>
      <symbol id="sm-586">
         <name>__TI_auto_init_nobinit_nopinit</name>
         <value>0x5605</value>
         <object_component_ref idref="oc-14a"/>
      </symbol>
      <symbol id="sm-58e">
         <name>_system_pre_init</name>
         <value>0x6805</value>
         <object_component_ref idref="oc-a0"/>
      </symbol>
      <symbol id="sm-599">
         <name>__TI_zero_init</name>
         <value>0x6711</value>
         <object_component_ref idref="oc-60"/>
      </symbol>
      <symbol id="sm-5a2">
         <name>__TI_decompress_none</name>
         <value>0x667d</value>
         <object_component_ref idref="oc-20"/>
      </symbol>
      <symbol id="sm-5ad">
         <name>__TI_decompress_lzss</name>
         <value>0x419d</value>
         <object_component_ref idref="oc-1c"/>
      </symbol>
      <symbol id="sm-5b7">
         <name>frexp</name>
         <value>0x4b39</value>
         <object_component_ref idref="oc-344"/>
      </symbol>
      <symbol id="sm-5b8">
         <name>frexpl</name>
         <value>0x4b39</value>
         <object_component_ref idref="oc-344"/>
      </symbol>
      <symbol id="sm-5c2">
         <name>scalbn</name>
         <value>0x3265</value>
         <object_component_ref idref="oc-348"/>
      </symbol>
      <symbol id="sm-5c3">
         <name>ldexp</name>
         <value>0x3265</value>
         <object_component_ref idref="oc-348"/>
      </symbol>
      <symbol id="sm-5c4">
         <name>scalbnl</name>
         <value>0x3265</value>
         <object_component_ref idref="oc-348"/>
      </symbol>
      <symbol id="sm-5c5">
         <name>ldexpl</name>
         <value>0x3265</value>
         <object_component_ref idref="oc-348"/>
      </symbol>
      <symbol id="sm-5ce">
         <name>wcslen</name>
         <value>0x6701</value>
         <object_component_ref idref="oc-302"/>
      </symbol>
      <symbol id="sm-5d0">
         <name>__aeabi_ctype_table_</name>
         <value>0x8200</value>
         <object_component_ref idref="oc-333"/>
      </symbol>
      <symbol id="sm-5d1">
         <name>__aeabi_ctype_table_C</name>
         <value>0x8200</value>
         <object_component_ref idref="oc-333"/>
      </symbol>
      <symbol id="sm-5db">
         <name>abort</name>
         <value>0x67e1</value>
         <object_component_ref idref="oc-143"/>
      </symbol>
      <symbol id="sm-5e4">
         <name>HOSTexit</name>
         <value>0x67eb</value>
         <object_component_ref idref="oc-1fb"/>
      </symbol>
      <symbol id="sm-5e5">
         <name>C$$EXIT</name>
         <value>0x67ea</value>
         <object_component_ref idref="oc-1fb"/>
      </symbol>
      <symbol id="sm-5f5">
         <name>__aeabi_fadd</name>
         <value>0x3347</value>
         <object_component_ref idref="oc-10f"/>
      </symbol>
      <symbol id="sm-5f6">
         <name>__addsf3</name>
         <value>0x3347</value>
         <object_component_ref idref="oc-10f"/>
      </symbol>
      <symbol id="sm-5f7">
         <name>__aeabi_fsub</name>
         <value>0x333d</value>
         <object_component_ref idref="oc-10f"/>
      </symbol>
      <symbol id="sm-5f8">
         <name>__subsf3</name>
         <value>0x333d</value>
         <object_component_ref idref="oc-10f"/>
      </symbol>
      <symbol id="sm-5fe">
         <name>__aeabi_dadd</name>
         <value>0x19d3</value>
         <object_component_ref idref="oc-100"/>
      </symbol>
      <symbol id="sm-5ff">
         <name>__adddf3</name>
         <value>0x19d3</value>
         <object_component_ref idref="oc-100"/>
      </symbol>
      <symbol id="sm-600">
         <name>__aeabi_dsub</name>
         <value>0x19c9</value>
         <object_component_ref idref="oc-100"/>
      </symbol>
      <symbol id="sm-601">
         <name>__subdf3</name>
         <value>0x19c9</value>
         <object_component_ref idref="oc-100"/>
      </symbol>
      <symbol id="sm-60a">
         <name>__aeabi_dmul</name>
         <value>0x2d39</value>
         <object_component_ref idref="oc-fc"/>
      </symbol>
      <symbol id="sm-60b">
         <name>__muldf3</name>
         <value>0x2d39</value>
         <object_component_ref idref="oc-fc"/>
      </symbol>
      <symbol id="sm-611">
         <name>__muldsi3</name>
         <value>0x567d</value>
         <object_component_ref idref="oc-1ab"/>
      </symbol>
      <symbol id="sm-617">
         <name>__aeabi_fmul</name>
         <value>0x3f01</value>
         <object_component_ref idref="oc-1c8"/>
      </symbol>
      <symbol id="sm-618">
         <name>__mulsf3</name>
         <value>0x3f01</value>
         <object_component_ref idref="oc-1c8"/>
      </symbol>
      <symbol id="sm-61e">
         <name>__aeabi_fdiv</name>
         <value>0x409d</value>
         <object_component_ref idref="oc-113"/>
      </symbol>
      <symbol id="sm-61f">
         <name>__divsf3</name>
         <value>0x409d</value>
         <object_component_ref idref="oc-113"/>
      </symbol>
      <symbol id="sm-625">
         <name>__aeabi_ddiv</name>
         <value>0x265d</value>
         <object_component_ref idref="oc-117"/>
      </symbol>
      <symbol id="sm-626">
         <name>__divdf3</name>
         <value>0x265d</value>
         <object_component_ref idref="oc-117"/>
      </symbol>
      <symbol id="sm-62c">
         <name>__aeabi_f2d</name>
         <value>0x53d5</value>
         <object_component_ref idref="oc-f8"/>
      </symbol>
      <symbol id="sm-62d">
         <name>__extendsfdf2</name>
         <value>0x53d5</value>
         <object_component_ref idref="oc-f8"/>
      </symbol>
      <symbol id="sm-633">
         <name>__aeabi_d2iz</name>
         <value>0x5015</value>
         <object_component_ref idref="oc-34c"/>
      </symbol>
      <symbol id="sm-634">
         <name>__fixdfsi</name>
         <value>0x5015</value>
         <object_component_ref idref="oc-34c"/>
      </symbol>
      <symbol id="sm-63a">
         <name>__aeabi_f2iz</name>
         <value>0x56b9</value>
         <object_component_ref idref="oc-1d8"/>
      </symbol>
      <symbol id="sm-63b">
         <name>__fixsfsi</name>
         <value>0x56b9</value>
         <object_component_ref idref="oc-1d8"/>
      </symbol>
      <symbol id="sm-641">
         <name>__aeabi_i2d</name>
         <value>0x5a5d</value>
         <object_component_ref idref="oc-f4"/>
      </symbol>
      <symbol id="sm-642">
         <name>__floatsidf</name>
         <value>0x5a5d</value>
         <object_component_ref idref="oc-f4"/>
      </symbol>
      <symbol id="sm-648">
         <name>__aeabi_i2f</name>
         <value>0x558d</value>
         <object_component_ref idref="oc-11c"/>
      </symbol>
      <symbol id="sm-649">
         <name>__floatsisf</name>
         <value>0x558d</value>
         <object_component_ref idref="oc-11c"/>
      </symbol>
      <symbol id="sm-64f">
         <name>__aeabi_ui2d</name>
         <value>0x5dc1</value>
         <object_component_ref idref="oc-2d0"/>
      </symbol>
      <symbol id="sm-650">
         <name>__floatunsidf</name>
         <value>0x5dc1</value>
         <object_component_ref idref="oc-2d0"/>
      </symbol>
      <symbol id="sm-656">
         <name>__aeabi_lmul</name>
         <value>0x5de5</value>
         <object_component_ref idref="oc-30b"/>
      </symbol>
      <symbol id="sm-657">
         <name>__muldi3</name>
         <value>0x5de5</value>
         <object_component_ref idref="oc-30b"/>
      </symbol>
      <symbol id="sm-65e">
         <name>__aeabi_d2f</name>
         <value>0x43f1</value>
         <object_component_ref idref="oc-104"/>
      </symbol>
      <symbol id="sm-65f">
         <name>__truncdfsf2</name>
         <value>0x43f1</value>
         <object_component_ref idref="oc-104"/>
      </symbol>
      <symbol id="sm-665">
         <name>__aeabi_dcmpeq</name>
         <value>0x4895</value>
         <object_component_ref idref="oc-2d4"/>
      </symbol>
      <symbol id="sm-666">
         <name>__aeabi_dcmplt</name>
         <value>0x48a9</value>
         <object_component_ref idref="oc-2d4"/>
      </symbol>
      <symbol id="sm-667">
         <name>__aeabi_dcmple</name>
         <value>0x48bd</value>
         <object_component_ref idref="oc-2d4"/>
      </symbol>
      <symbol id="sm-668">
         <name>__aeabi_dcmpge</name>
         <value>0x48d1</value>
         <object_component_ref idref="oc-2d4"/>
      </symbol>
      <symbol id="sm-669">
         <name>__aeabi_dcmpgt</name>
         <value>0x48e5</value>
         <object_component_ref idref="oc-2d4"/>
      </symbol>
      <symbol id="sm-66f">
         <name>__aeabi_fcmpeq</name>
         <value>0x48f9</value>
         <object_component_ref idref="oc-1b9"/>
      </symbol>
      <symbol id="sm-670">
         <name>__aeabi_fcmplt</name>
         <value>0x490d</value>
         <object_component_ref idref="oc-1b9"/>
      </symbol>
      <symbol id="sm-671">
         <name>__aeabi_fcmple</name>
         <value>0x4921</value>
         <object_component_ref idref="oc-1b9"/>
      </symbol>
      <symbol id="sm-672">
         <name>__aeabi_fcmpge</name>
         <value>0x4935</value>
         <object_component_ref idref="oc-1b9"/>
      </symbol>
      <symbol id="sm-673">
         <name>__aeabi_fcmpgt</name>
         <value>0x4949</value>
         <object_component_ref idref="oc-1b9"/>
      </symbol>
      <symbol id="sm-679">
         <name>__aeabi_idiv</name>
         <value>0x4cf5</value>
         <object_component_ref idref="oc-370"/>
      </symbol>
      <symbol id="sm-67a">
         <name>__aeabi_idivmod</name>
         <value>0x4cf5</value>
         <object_component_ref idref="oc-370"/>
      </symbol>
      <symbol id="sm-680">
         <name>__aeabi_memcpy</name>
         <value>0x67d9</value>
         <object_component_ref idref="oc-53"/>
      </symbol>
      <symbol id="sm-681">
         <name>__aeabi_memcpy4</name>
         <value>0x67d9</value>
         <object_component_ref idref="oc-53"/>
      </symbol>
      <symbol id="sm-682">
         <name>__aeabi_memcpy8</name>
         <value>0x67d9</value>
         <object_component_ref idref="oc-53"/>
      </symbol>
      <symbol id="sm-68b">
         <name>__aeabi_memset</name>
         <value>0x6721</value>
         <object_component_ref idref="oc-2f6"/>
      </symbol>
      <symbol id="sm-68c">
         <name>__aeabi_memset4</name>
         <value>0x6721</value>
         <object_component_ref idref="oc-2f6"/>
      </symbol>
      <symbol id="sm-68d">
         <name>__aeabi_memset8</name>
         <value>0x6721</value>
         <object_component_ref idref="oc-2f6"/>
      </symbol>
      <symbol id="sm-68e">
         <name>__aeabi_memclr</name>
         <value>0x6771</value>
         <object_component_ref idref="oc-9b"/>
      </symbol>
      <symbol id="sm-68f">
         <name>__aeabi_memclr4</name>
         <value>0x6771</value>
         <object_component_ref idref="oc-9b"/>
      </symbol>
      <symbol id="sm-690">
         <name>__aeabi_memclr8</name>
         <value>0x6771</value>
         <object_component_ref idref="oc-9b"/>
      </symbol>
      <symbol id="sm-696">
         <name>__aeabi_uidiv</name>
         <value>0x5395</value>
         <object_component_ref idref="oc-2cc"/>
      </symbol>
      <symbol id="sm-697">
         <name>__aeabi_uidivmod</name>
         <value>0x5395</value>
         <object_component_ref idref="oc-2cc"/>
      </symbol>
      <symbol id="sm-69d">
         <name>__aeabi_uldivmod</name>
         <value>0x65e9</value>
         <object_component_ref idref="oc-310"/>
      </symbol>
      <symbol id="sm-6a6">
         <name>__eqsf2</name>
         <value>0x5641</value>
         <object_component_ref idref="oc-2a2"/>
      </symbol>
      <symbol id="sm-6a7">
         <name>__lesf2</name>
         <value>0x5641</value>
         <object_component_ref idref="oc-2a2"/>
      </symbol>
      <symbol id="sm-6a8">
         <name>__ltsf2</name>
         <value>0x5641</value>
         <object_component_ref idref="oc-2a2"/>
      </symbol>
      <symbol id="sm-6a9">
         <name>__nesf2</name>
         <value>0x5641</value>
         <object_component_ref idref="oc-2a2"/>
      </symbol>
      <symbol id="sm-6aa">
         <name>__cmpsf2</name>
         <value>0x5641</value>
         <object_component_ref idref="oc-2a2"/>
      </symbol>
      <symbol id="sm-6ab">
         <name>__gtsf2</name>
         <value>0x55c9</value>
         <object_component_ref idref="oc-2a7"/>
      </symbol>
      <symbol id="sm-6ac">
         <name>__gesf2</name>
         <value>0x55c9</value>
         <object_component_ref idref="oc-2a7"/>
      </symbol>
      <symbol id="sm-6b2">
         <name>__udivmoddi4</name>
         <value>0x3c0d</value>
         <object_component_ref idref="oc-33f"/>
      </symbol>
      <symbol id="sm-6b8">
         <name>__aeabi_llsl</name>
         <value>0x5eed</value>
         <object_component_ref idref="oc-364"/>
      </symbol>
      <symbol id="sm-6b9">
         <name>__ashldi3</name>
         <value>0x5eed</value>
         <object_component_ref idref="oc-364"/>
      </symbol>
      <symbol id="sm-6c7">
         <name>__ledf2</name>
         <value>0x46fd</value>
         <object_component_ref idref="oc-31f"/>
      </symbol>
      <symbol id="sm-6c8">
         <name>__gedf2</name>
         <value>0x4375</value>
         <object_component_ref idref="oc-325"/>
      </symbol>
      <symbol id="sm-6c9">
         <name>__cmpdf2</name>
         <value>0x46fd</value>
         <object_component_ref idref="oc-31f"/>
      </symbol>
      <symbol id="sm-6ca">
         <name>__eqdf2</name>
         <value>0x46fd</value>
         <object_component_ref idref="oc-31f"/>
      </symbol>
      <symbol id="sm-6cb">
         <name>__ltdf2</name>
         <value>0x46fd</value>
         <object_component_ref idref="oc-31f"/>
      </symbol>
      <symbol id="sm-6cc">
         <name>__nedf2</name>
         <value>0x46fd</value>
         <object_component_ref idref="oc-31f"/>
      </symbol>
      <symbol id="sm-6cd">
         <name>__gtdf2</name>
         <value>0x4375</value>
         <object_component_ref idref="oc-325"/>
      </symbol>
      <symbol id="sm-6d9">
         <name>__aeabi_idiv0</name>
         <value>0x1b5b</value>
         <object_component_ref idref="oc-318"/>
      </symbol>
      <symbol id="sm-6da">
         <name>__aeabi_ldiv0</name>
         <value>0x411f</value>
         <object_component_ref idref="oc-363"/>
      </symbol>
      <symbol id="sm-6e3">
         <name>TI_memcpy_small</name>
         <value>0x666b</value>
         <object_component_ref idref="oc-b6"/>
      </symbol>
      <symbol id="sm-6ec">
         <name>TI_memset_small</name>
         <value>0x674b</value>
         <object_component_ref idref="oc-15e"/>
      </symbol>
      <symbol id="sm-6ed">
         <name>__TI_static_base__</name>
         <value>0x0</value>
      </symbol>
      <symbol id="sm-6f1">
         <name>__mpu_init</name>
         <value>0x0</value>
      </symbol>
      <symbol id="sm-6f2">
         <name>_system_post_cinit</name>
         <value>0x0</value>
      </symbol>
   </symbol_table>
   <title>Link successful</title>
</link_info>
